../Core/Src/main.c:137:5:main	128	static
../Core/Src/main.c:243:6:SystemClock_Config	120	static
../Core/Src/main.c:303:13:MX_FDCAN1_Init	16	static
../Core/Src/main.c:389:13:MX_I2C4_Init	8	static
../Core/Src/main.c:437:13:MX_SPI5_Init	8	static
../Core/Src/main.c:485:13:MX_TIM16_Init	80	static
../Core/Src/main.c:548:13:MX_TIM17_Init	80	static
../Core/Src/main.c:611:13:MX_USART3_UART_Init	8	static
../Core/Src/main.c:659:13:MX_GPIO_Init	56	static
../Core/Src/main.c:694:6:startTask1	24	static
../Core/Src/main.c:736:6:Tasks_Init	88	static
../Core/Src/main.c:750:6:Task2_Init	152	static
../Core/Src/main.c:764:6:startTask2	144	static
../Core/Src/main.c:823:6:startTask3	32	static
../Core/Src/main.c:859:6:Error_Handler	4	static,ignoring_inline_asm
