Archive member included to satisfy reference by file (symbol)

c:/st/stm32cubeide_1.10.1/stm32cubeide/plugins/com.st.stm32cube.ide.mcu.externaltools.gnu-tools-for-stm32.10.3-2021.10.win32_1.0.0.202111181127/tools/bin/../lib/gcc/arm-none-eabi/10.3.1/../../../../arm-none-eabi/lib/thumb/v7e-m+fp/hard\libc_nano.a(lib_a-errno.o)
                              ./Core/Src/syscalls.o (__errno)
c:/st/stm32cubeide_1.10.1/stm32cubeide/plugins/com.st.stm32cube.ide.mcu.externaltools.gnu-tools-for-stm32.10.3-2021.10.win32_1.0.0.202111181127/tools/bin/../lib/gcc/arm-none-eabi/10.3.1/../../../../arm-none-eabi/lib/thumb/v7e-m+fp/hard\libc_nano.a(lib_a-exit.o)
                              c:/st/stm32cubeide_1.10.1/stm32cubeide/plugins/com.st.stm32cube.ide.mcu.externaltools.gnu-tools-for-stm32.10.3-2021.10.win32_1.0.0.202111181127/tools/bin/../lib/gcc/arm-none-eabi/10.3.1/../../../../arm-none-eabi/lib/thumb/v7e-m+fp/hard/crt0.o (exit)
c:/st/stm32cubeide_1.10.1/stm32cubeide/plugins/com.st.stm32cube.ide.mcu.externaltools.gnu-tools-for-stm32.10.3-2021.10.win32_1.0.0.202111181127/tools/bin/../lib/gcc/arm-none-eabi/10.3.1/../../../../arm-none-eabi/lib/thumb/v7e-m+fp/hard\libc_nano.a(lib_a-impure.o)
                              c:/st/stm32cubeide_1.10.1/stm32cubeide/plugins/com.st.stm32cube.ide.mcu.externaltools.gnu-tools-for-stm32.10.3-2021.10.win32_1.0.0.202111181127/tools/bin/../lib/gcc/arm-none-eabi/10.3.1/../../../../arm-none-eabi/lib/thumb/v7e-m+fp/hard\libc_nano.a(lib_a-exit.o) (_global_impure_ptr)
c:/st/stm32cubeide_1.10.1/stm32cubeide/plugins/com.st.stm32cube.ide.mcu.externaltools.gnu-tools-for-stm32.10.3-2021.10.win32_1.0.0.202111181127/tools/bin/../lib/gcc/arm-none-eabi/10.3.1/../../../../arm-none-eabi/lib/thumb/v7e-m+fp/hard\libc_nano.a(lib_a-init.o)
                              c:/st/stm32cubeide_1.10.1/stm32cubeide/plugins/com.st.stm32cube.ide.mcu.externaltools.gnu-tools-for-stm32.10.3-2021.10.win32_1.0.0.202111181127/tools/bin/../lib/gcc/arm-none-eabi/10.3.1/../../../../arm-none-eabi/lib/thumb/v7e-m+fp/hard/crt0.o (__libc_init_array)
c:/st/stm32cubeide_1.10.1/stm32cubeide/plugins/com.st.stm32cube.ide.mcu.externaltools.gnu-tools-for-stm32.10.3-2021.10.win32_1.0.0.202111181127/tools/bin/../lib/gcc/arm-none-eabi/10.3.1/../../../../arm-none-eabi/lib/thumb/v7e-m+fp/hard\libc_nano.a(lib_a-memcpy-stub.o)
                              ./Middlewares/Third_Party/FreeRTOS/queue.o (memcpy)
c:/st/stm32cubeide_1.10.1/stm32cubeide/plugins/com.st.stm32cube.ide.mcu.externaltools.gnu-tools-for-stm32.10.3-2021.10.win32_1.0.0.202111181127/tools/bin/../lib/gcc/arm-none-eabi/10.3.1/../../../../arm-none-eabi/lib/thumb/v7e-m+fp/hard\libc_nano.a(lib_a-memset.o)
                              c:/st/stm32cubeide_1.10.1/stm32cubeide/plugins/com.st.stm32cube.ide.mcu.externaltools.gnu-tools-for-stm32.10.3-2021.10.win32_1.0.0.202111181127/tools/bin/../lib/gcc/arm-none-eabi/10.3.1/../../../../arm-none-eabi/lib/thumb/v7e-m+fp/hard/crt0.o (memset)
c:/st/stm32cubeide_1.10.1/stm32cubeide/plugins/com.st.stm32cube.ide.mcu.externaltools.gnu-tools-for-stm32.10.3-2021.10.win32_1.0.0.202111181127/tools/bin/../lib/gcc/arm-none-eabi/10.3.1/thumb/v7e-m+fp/hard\libgcc.a(_aeabi_uldivmod.o)
                              ./Drivers/STM32H7xx_HAL_Driver/stm32h7xx_hal_uart.o (__aeabi_uldivmod)
c:/st/stm32cubeide_1.10.1/stm32cubeide/plugins/com.st.stm32cube.ide.mcu.externaltools.gnu-tools-for-stm32.10.3-2021.10.win32_1.0.0.202111181127/tools/bin/../lib/gcc/arm-none-eabi/10.3.1/thumb/v7e-m+fp/hard\libgcc.a(_udivmoddi4.o)
                              c:/st/stm32cubeide_1.10.1/stm32cubeide/plugins/com.st.stm32cube.ide.mcu.externaltools.gnu-tools-for-stm32.10.3-2021.10.win32_1.0.0.202111181127/tools/bin/../lib/gcc/arm-none-eabi/10.3.1/thumb/v7e-m+fp/hard\libgcc.a(_aeabi_uldivmod.o) (__udivmoddi4)
c:/st/stm32cubeide_1.10.1/stm32cubeide/plugins/com.st.stm32cube.ide.mcu.externaltools.gnu-tools-for-stm32.10.3-2021.10.win32_1.0.0.202111181127/tools/bin/../lib/gcc/arm-none-eabi/10.3.1/thumb/v7e-m+fp/hard\libgcc.a(_dvmd_tls.o)
                              c:/st/stm32cubeide_1.10.1/stm32cubeide/plugins/com.st.stm32cube.ide.mcu.externaltools.gnu-tools-for-stm32.10.3-2021.10.win32_1.0.0.202111181127/tools/bin/../lib/gcc/arm-none-eabi/10.3.1/thumb/v7e-m+fp/hard\libgcc.a(_aeabi_uldivmod.o) (__aeabi_ldiv0)

Discarded input sections

 .text          0x0000000000000000        0x0 c:/st/stm32cubeide_1.10.1/stm32cubeide/plugins/com.st.stm32cube.ide.mcu.externaltools.gnu-tools-for-stm32.10.3-2021.10.win32_1.0.0.202111181127/tools/bin/../lib/gcc/arm-none-eabi/10.3.1/thumb/v7e-m+fp/hard/crti.o
 .data          0x0000000000000000        0x0 c:/st/stm32cubeide_1.10.1/stm32cubeide/plugins/com.st.stm32cube.ide.mcu.externaltools.gnu-tools-for-stm32.10.3-2021.10.win32_1.0.0.202111181127/tools/bin/../lib/gcc/arm-none-eabi/10.3.1/thumb/v7e-m+fp/hard/crti.o
[...]
Memory Configuration

Name             Origin             Length             Attributes
FLASH            0x0000000008100000 0x0000000000100000 xr
RAM              0x0000000010000000 0x0000000000048000 xrw
*default*        0x0000000000000000 0xffffffffffffffff

Linker script and memory map

LOAD c:/st/stm32cubeide_1.10.1/stm32cubeide/plugins/com.st.stm32cube.ide.mcu.externaltools.gnu-tools-for-stm32.10.3-2021.10.win32_1.0.0.202111181127/tools/bin/../lib/gcc/arm-none-eabi/10.3.1/thumb/v7e-m+fp/hard/crti.o
LOAD c:/st/stm32cubeide_1.10.1/stm32cubeide/plugins/com.st.stm32cube.ide.mcu.externaltools.gnu-tools-for-stm32.10.3-2021.10.win32_1.0.0.202111181127/tools/bin/../lib/gcc/arm-none-eabi/10.3.1/thumb/v7e-m+fp/hard/crtbegin.o
LOAD c:/st/stm32cubeide_1.10.1/stm32cubeide/plugins/com.st.stm32cube.ide.mcu.externaltools.gnu-tools-for-stm32.10.3-2021.10.win32_1.0.0.202111181127/tools/bin/../lib/gcc/arm-none-eabi/10.3.1/../../../../arm-none-eabi/lib/thumb/v7e-m+fp/hard/crt0.o
LOAD ./Common/Src/system_stm32h7xx_dualcore_boot_cm4_cm7.o
LOAD ./Core/Src/freertos.o
LOAD ./Core/Src/main.o
LOAD ./Core/Src/stm32h7xx_hal_msp.o
LOAD ./Core/Src/stm32h7xx_it.o
LOAD ./Core/Src/syscalls.o
LOAD ./Core/Src/sysmem.o
LOAD ./Core/Startup/startup_stm32h755zitx.o
LOAD ./Drivers/STM32H7xx_HAL_Driver/stm32h7xx_hal.o
LOAD ./Drivers/STM32H7xx_HAL_Driver/stm32h7xx_hal_cortex.o
LOAD ./Drivers/STM32H7xx_HAL_Driver/stm32h7xx_hal_dma.o
LOAD ./Drivers/STM32H7xx_HAL_Driver/stm32h7xx_hal_dma_ex.o
LOAD ./Drivers/STM32H7xx_HAL_Driver/stm32h7xx_hal_exti.o
LOAD ./Drivers/STM32H7xx_HAL_Driver/stm32h7xx_hal_flash.o
LOAD ./Drivers/STM32H7xx_HAL_Driver/stm32h7xx_hal_flash_ex.o
LOAD ./Drivers/STM32H7xx_HAL_Driver/stm32h7xx_hal_gpio.o
LOAD ./Drivers/STM32H7xx_HAL_Driver/stm32h7xx_hal_hsem.o
LOAD ./Drivers/STM32H7xx_HAL_Driver/stm32h7xx_hal_i2c.o
LOAD ./Drivers/STM32H7xx_HAL_Driver/stm32h7xx_hal_i2c_ex.o
LOAD ./Drivers/STM32H7xx_HAL_Driver/stm32h7xx_hal_mdma.o
LOAD ./Drivers/STM32H7xx_HAL_Driver/stm32h7xx_hal_pwr.o
LOAD ./Drivers/STM32H7xx_HAL_Driver/stm32h7xx_hal_pwr_ex.o
LOAD ./Drivers/STM32H7xx_HAL_Driver/stm32h7xx_hal_rcc.o
LOAD ./Drivers/STM32H7xx_HAL_Driver/stm32h7xx_hal_rcc_ex.o
LOAD ./Drivers/STM32H7xx_HAL_Driver/stm32h7xx_hal_tim.o
LOAD ./Drivers/STM32H7xx_HAL_Driver/stm32h7xx_hal_tim_ex.o
LOAD ./Drivers/STM32H7xx_HAL_Driver/stm32h7xx_hal_uart.o
LOAD ./Drivers/STM32H7xx_HAL_Driver/stm32h7xx_hal_uart_ex.o
LOAD ./Middlewares/Third_Party/FreeRTOS/cmsis_os.o
LOAD ./Middlewares/Third_Party/FreeRTOS/croutine.o
LOAD ./Middlewares/Third_Party/FreeRTOS/event_groups.o
LOAD ./Middlewares/Third_Party/FreeRTOS/heap_4.o
LOAD ./Middlewares/Third_Party/FreeRTOS/list.o
LOAD ./Middlewares/Third_Party/FreeRTOS/port.o
LOAD ./Middlewares/Third_Party/FreeRTOS/queue.o
LOAD ./Middlewares/Third_Party/FreeRTOS/stream_buffer.o
LOAD ./Middlewares/Third_Party/FreeRTOS/tasks.o
LOAD ./Middlewares/Third_Party/FreeRTOS/timers.o
START GROUP
LOAD c:/st/stm32cubeide_1.10.1/stm32cubeide/plugins/com.st.stm32cube.ide.mcu.externaltools.gnu-tools-for-stm32.10.3-2021.10.win32_1.0.0.202111181127/tools/bin/../lib/gcc/arm-none-eabi/10.3.1/../../../../arm-none-eabi/lib/thumb/v7e-m+fp/hard\libc_nano.a
LOAD c:/st/stm32cubeide_1.10.1/stm32cubeide/plugins/com.st.stm32cube.ide.mcu.externaltools.gnu-tools-for-stm32.10.3-2021.10.win32_1.0.0.202111181127/tools/bin/../lib/gcc/arm-none-eabi/10.3.1/../../../../arm-none-eabi/lib/thumb/v7e-m+fp/hard\libm.a
END GROUP
START GROUP
LOAD c:/st/stm32cubeide_1.10.1/stm32cubeide/plugins/com.st.stm32cube.ide.mcu.externaltools.gnu-tools-for-stm32.10.3-2021.10.win32_1.0.0.202111181127/tools/bin/../lib/gcc/arm-none-eabi/10.3.1/thumb/v7e-m+fp/hard\libgcc.a
LOAD c:/st/stm32cubeide_1.10.1/stm32cubeide/plugins/com.st.stm32cube.ide.mcu.externaltools.gnu-tools-for-stm32.10.3-2021.10.win32_1.0.0.202111181127/tools/bin/../lib/gcc/arm-none-eabi/10.3.1/../../../../arm-none-eabi/lib/thumb/v7e-m+fp/hard\libc_nano.a
END GROUP
START GROUP
LOAD c:/st/stm32cubeide_1.10.1/stm32cubeide/plugins/com.st.stm32cube.ide.mcu.externaltools.gnu-tools-for-stm32.10.3-2021.10.win32_1.0.0.202111181127/tools/bin/../lib/gcc/arm-none-eabi/10.3.1/thumb/v7e-m+fp/hard\libgcc.a
LOAD c:/st/stm32cubeide_1.10.1/stm32cubeide/plugins/com.st.stm32cube.ide.mcu.externaltools.gnu-tools-for-stm32.10.3-2021.10.win32_1.0.0.202111181127/tools/bin/../lib/gcc/arm-none-eabi/10.3.1/../../../../arm-none-eabi/lib/thumb/v7e-m+fp/hard\libc_nano.a
LOAD c:/st/stm32cubeide_1.10.1/stm32cubeide/plugins/com.st.stm32cube.ide.mcu.externaltools.gnu-tools-for-stm32.10.3-2021.10.win32_1.0.0.202111181127/tools/bin/../lib/gcc/arm-none-eabi/10.3.1/../../../../arm-none-eabi/lib/thumb/v7e-m+fp/hard\libnosys.a
END GROUP
START GROUP
LOAD c:/st/stm32cubeide_1.10.1/stm32cubeide/plugins/com.st.stm32cube.ide.mcu.externaltools.gnu-tools-for-stm32.10.3-2021.10.win32_1.0.0.202111181127/tools/bin/../lib/gcc/arm-none-eabi/10.3.1/thumb/v7e-m+fp/hard\libgcc.a
LOAD c:/st/stm32cubeide_1.10.1/stm32cubeide/plugins/com.st.stm32cube.ide.mcu.externaltools.gnu-tools-for-stm32.10.3-2021.10.win32_1.0.0.202111181127/tools/bin/../lib/gcc/arm-none-eabi/10.3.1/../../../../arm-none-eabi/lib/thumb/v7e-m+fp/hard\libc_nano.a
LOAD c:/st/stm32cubeide_1.10.1/stm32cubeide/plugins/com.st.stm32cube.ide.mcu.externaltools.gnu-tools-for-stm32.10.3-2021.10.win32_1.0.0.202111181127/tools/bin/../lib/gcc/arm-none-eabi/10.3.1/../../../../arm-none-eabi/lib/thumb/v7e-m+fp/hard\libnosys.a
END GROUP
LOAD c:/st/stm32cubeide_1.10.1/stm32cubeide/plugins/com.st.stm32cube.ide.mcu.externaltools.gnu-tools-for-stm32.10.3-2021.10.win32_1.0.0.202111181127/tools/bin/../lib/gcc/arm-none-eabi/10.3.1/thumb/v7e-m+fp/hard/crtend.o
LOAD c:/st/stm32cubeide_1.10.1/stm32cubeide/plugins/com.st.stm32cube.ide.mcu.externaltools.gnu-tools-for-stm32.10.3-2021.10.win32_1.0.0.202111181127/tools/bin/../lib/gcc/arm-none-eabi/10.3.1/thumb/v7e-m+fp/hard/crtn.o
                0x0000000010048000                _estack = (ORIGIN (RAM) + LENGTH (RAM))
                0x0000000000000200                _Min_Heap_Size = 0x200
                0x0000000000000400                _Min_Stack_Size = 0x400

.isr_vector     0x0000000008100000      0x298
                0x0000000008100000                . = ALIGN (0x4)
 *(.isr_vector)
 .isr_vector    0x0000000008100000      0x298 ./Core/Startup/startup_stm32h755zitx.o
                0x0000000008100000                g_pfnVectors
                0x0000000008100298                . = ALIGN (0x4)

.text           0x00000000081002a0     0x1ed8
                0x00000000081002a0                . = ALIGN (0x4)
 *(.text)
 .text          0x00000000081002a0       0x40 c:/st/stm32cubeide_1.10.1/stm32cubeide/plugins/com.st.stm32cube.ide.mcu.externaltools.gnu-tools-for-stm32.10.3-2021.10.win32_1.0.0.202111181127/tools/bin/../lib/gcc/arm-none-eabi/10.3.1/thumb/v7e-m+fp/hard/crtbegin.o
 *(.text*)
 .text.SystemInit
                0x00000000081002e0       0x30 ./Common/Src/system_stm32h7xx_dualcore_boot_cm4_cm7.o
                0x00000000081002e0                SystemInit
 .text.vApplicationGetIdleTaskMemory
                0x0000000008100310       0x34 ./Core/Src/freertos.o
                0x0000000008100310                vApplicationGetIdleTaskMemory
 .text.main     0x0000000008100344       0xa8 ./Core/Src/main.o
                0x0000000008100344                main
 .text.StartDefaultTask
                0x00000000081003ec       0x10 ./Core/Src/main.o
                0x00000000081003ec                StartDefaultTask
 .text.HAL_MspInit
                0x00000000081003fc       0x3c ./Core/Src/stm32h7xx_hal_msp.o
                0x00000000081003fc                HAL_MspInit
 .text.NMI_Handler
                0x0000000008100438        0x6 ./Core/Src/stm32h7xx_it.o
                0x0000000008100438                NMI_Handler
 .text.HardFault_Handler
                0x000000000810043e        0x6 ./Core/Src/stm32h7xx_it.o
                0x000000000810043e                HardFault_Handler
 .text.MemManage_Handler
                0x0000000008100444        0x6 ./Core/Src/stm32h7xx_it.o
                0x0000000008100444                MemManage_Handler
 .text.BusFault_Handler
                0x000000000810044a        0x6 ./Core/Src/stm32h7xx_it.o
                0x000000000810044a                BusFault_Handler
 .text.UsageFault_Handler
                0x0000000008100450        0x6 ./Core/Src/stm32h7xx_it.o
                0x0000000008100450                UsageFault_Handler
 .text.DebugMon_Handler
                0x0000000008100456        0xe ./Core/Src/stm32h7xx_it.o
                0x0000000008100456                DebugMon_Handler
 .text.SysTick_Handler
                0x0000000008100464       0x1a ./Core/Src/stm32h7xx_it.o
                0x0000000008100464                SysTick_Handler
 *fill*         0x000000000810047e        0x2 
 .text.Reset_Handler
                0x0000000008100480       0x50 ./Core/Startup/startup_stm32h755zitx.o
                0x0000000008100480                Reset_Handler
 .text.Default_Handler
                0x00000000081004d0        0x2 ./Core/Startup/startup_stm32h755zitx.o
                0x00000000081004d0                RTC_Alarm_IRQHandler
                0x00000000081004d0                HASH_RNG_IRQHandler
                0x00000000081004d0                EXTI2_IRQHandler
                0x00000000081004d0                TIM8_CC_IRQHandler
                0x00000000081004d0                HRTIM1_Master_IRQHandler
                0x00000000081004d0                UART8_IRQHandler
                0x00000000081004d0                SPI4_IRQHandler
                0x00000000081004d0                TIM1_CC_IRQHandler
                0x00000000081004d0                BDMA_Channel6_IRQHandler
                0x00000000081004d0                DMA2_Stream5_IRQHandler
                0x00000000081004d0                HRTIM1_FLT_IRQHandler
                0x00000000081004d0                JPEG_IRQHandler
                0x00000000081004d0                DMA1_Stream5_IRQHandler
                0x00000000081004d0                BDMA_Channel1_IRQHandler
                0x00000000081004d0                HRTIM1_TIMD_IRQHandler
                0x00000000081004d0                TAMP_STAMP_IRQHandler
                0x00000000081004d0                EXTI3_IRQHandler
                0x00000000081004d0                LPTIM4_IRQHandler
                0x00000000081004d0                TIM8_TRG_COM_TIM14_IRQHandler
                0x00000000081004d0                LPTIM2_IRQHandler
                0x00000000081004d0                DFSDM1_FLT1_IRQHandler
                0x00000000081004d0                DMAMUX2_OVR_IRQHandler
                0x00000000081004d0                TIM8_UP_TIM13_IRQHandler
                0x00000000081004d0                I2C3_ER_IRQHandler
                0x00000000081004d0                DFSDM1_FLT2_IRQHandler
                0x00000000081004d0                MDMA_IRQHandler
                0x00000000081004d0                LPTIM3_IRQHandler
                0x00000000081004d0                HSEM1_IRQHandler
                0x00000000081004d0                EXTI0_IRQHandler
                0x00000000081004d0                I2C2_EV_IRQHandler
                0x00000000081004d0                DMA1_Stream2_IRQHandler
                0x00000000081004d0                FPU_IRQHandler
                0x00000000081004d0                OTG_HS_WKUP_IRQHandler
                0x00000000081004d0                FDCAN1_IT1_IRQHandler
                0x00000000081004d0                LTDC_ER_IRQHandler
                0x00000000081004d0                DMA2_Stream2_IRQHandler
                0x00000000081004d0                HRTIM1_TIME_IRQHandler
                0x00000000081004d0                SPI1_IRQHandler
                0x00000000081004d0                TIM6_DAC_IRQHandler
                0x00000000081004d0                DCMI_IRQHandler
                0x00000000081004d0                HRTIM1_TIMC_IRQHandler
                0x00000000081004d0                DMA2_Stream3_IRQHandler
                0x00000000081004d0                SAI2_IRQHandler
                0x00000000081004d0                DFSDM1_FLT3_IRQHandler
                0x00000000081004d0                USART6_IRQHandler
                0x00000000081004d0                TIM17_IRQHandler
                0x00000000081004d0                USART3_IRQHandler
                0x00000000081004d0                BDMA_Channel7_IRQHandler
                0x00000000081004d0                CRYP_IRQHandler
                0x00000000081004d0                LPTIM5_IRQHandler
                0x00000000081004d0                UART5_IRQHandler
                0x00000000081004d0                ADC3_IRQHandler
                0x00000000081004d0                DMA2_Stream0_IRQHandler
                0x00000000081004d0                TIM4_IRQHandler
                0x00000000081004d0                BDMA_Channel2_IRQHandler
                0x00000000081004d0                QUADSPI_IRQHandler
                0x00000000081004d0                I2C1_EV_IRQHandler
                0x00000000081004d0                DMA1_Stream6_IRQHandler
                0x00000000081004d0                DMAMUX1_OVR_IRQHandler
                0x00000000081004d0                DMA1_Stream1_IRQHandler
                0x00000000081004d0                TIM16_IRQHandler
                0x00000000081004d0                UART4_IRQHandler
                0x00000000081004d0                BDMA_Channel5_IRQHandler
                0x00000000081004d0                TIM3_IRQHandler
                0x00000000081004d0                RCC_IRQHandler
                0x00000000081004d0                TIM8_BRK_TIM12_IRQHandler
                0x00000000081004d0                TIM1_TRG_COM_IRQHandler
                0x00000000081004d0                Default_Handler
                0x00000000081004d0                ECC_IRQHandler
                0x00000000081004d0                CEC_IRQHandler
                0x00000000081004d0                EXTI15_10_IRQHandler
                0x00000000081004d0                BDMA_Channel0_IRQHandler
                0x00000000081004d0                ADC_IRQHandler
                0x00000000081004d0                DMA1_Stream7_IRQHandler
                0x00000000081004d0                HRTIM1_TIMA_IRQHandler
                0x00000000081004d0                SPI5_IRQHandler
                0x00000000081004d0                TIM7_IRQHandler
                0x00000000081004d0                SDMMC1_IRQHandler
                0x00000000081004d0                TIM5_IRQHandler
                0x00000000081004d0                DMA2_Stream7_IRQHandler
                0x00000000081004d0                TIM15_IRQHandler
                0x00000000081004d0                PVD_AVD_IRQHandler
                0x00000000081004d0                I2C3_EV_IRQHandler
                0x00000000081004d0                EXTI9_5_IRQHandler
                0x00000000081004d0                RTC_WKUP_IRQHandler
                0x00000000081004d0                LTDC_IRQHandler
                0x00000000081004d0                SAI3_IRQHandler
                0x00000000081004d0                ETH_WKUP_IRQHandler
                0x00000000081004d0                SPDIF_RX_IRQHandler
                0x00000000081004d0                SPI2_IRQHandler
                0x00000000081004d0                OTG_HS_EP1_IN_IRQHandler
                0x00000000081004d0                DMA1_Stream0_IRQHandler
                0x00000000081004d0                CRS_IRQHandler
                0x00000000081004d0                CM7_SEV_IRQHandler
                0x00000000081004d0                EXTI4_IRQHandler
                0x00000000081004d0                CM4_SEV_IRQHandler
                0x00000000081004d0                HRTIM1_TIMB_IRQHandler
                0x00000000081004d0                FDCAN2_IT1_IRQHandler
                0x00000000081004d0                ETH_IRQHandler
                0x00000000081004d0                TIM1_UP_IRQHandler
                0x00000000081004d0                WWDG_RST_IRQHandler
                0x00000000081004d0                BDMA_Channel4_IRQHandler
                0x00000000081004d0                OTG_HS_EP1_OUT_IRQHandler
                0x00000000081004d0                WWDG_IRQHandler
                0x00000000081004d0                SPI6_IRQHandler
                0x00000000081004d0                MDIOS_IRQHandler
                0x00000000081004d0                I2C4_EV_IRQHandler
                0x00000000081004d0                FDCAN2_IT0_IRQHandler
                0x00000000081004d0                LPUART1_IRQHandler
                0x00000000081004d0                FDCAN1_IT0_IRQHandler
                0x00000000081004d0                TIM2_IRQHandler
                0x00000000081004d0                OTG_FS_WKUP_IRQHandler
                0x00000000081004d0                OTG_HS_IRQHandler
                0x00000000081004d0                HSEM2_IRQHandler
                0x00000000081004d0                DMA2D_IRQHandler
                0x00000000081004d0                TIM1_BRK_IRQHandler
                0x00000000081004d0                EXTI1_IRQHandler
                0x00000000081004d0                SDMMC2_IRQHandler
                0x00000000081004d0                OTG_FS_EP1_OUT_IRQHandler
                0x00000000081004d0                BDMA_Channel3_IRQHandler
                0x00000000081004d0                HOLD_CORE_IRQHandler
                0x00000000081004d0                UART7_IRQHandler
                0x00000000081004d0                MDIOS_WKUP_IRQHandler
                0x00000000081004d0                USART2_IRQHandler
                0x00000000081004d0                DFSDM1_FLT0_IRQHandler
                0x00000000081004d0                SAI4_IRQHandler
                0x00000000081004d0                I2C2_ER_IRQHandler
                0x00000000081004d0                DMA2_Stream1_IRQHandler
                0x00000000081004d0                FLASH_IRQHandler
                0x00000000081004d0                DMA2_Stream4_IRQHandler
                0x00000000081004d0                USART1_IRQHandler
                0x00000000081004d0                OTG_FS_IRQHandler
                0x00000000081004d0                SPI3_IRQHandler
                0x00000000081004d0                WAKEUP_PIN_IRQHandler
                0x00000000081004d0                DMA1_Stream4_IRQHandler
                0x00000000081004d0                OTG_FS_EP1_IN_IRQHandler
                0x00000000081004d0                I2C1_ER_IRQHandler
                0x00000000081004d0                FMC_IRQHandler
                0x00000000081004d0                FDCAN_CAL_IRQHandler
                0x00000000081004d0                SWPMI1_IRQHandler
                0x00000000081004d0                COMP1_IRQHandler
                0x00000000081004d0                LPTIM1_IRQHandler
                0x00000000081004d0                I2C4_ER_IRQHandler
                0x00000000081004d0                DMA2_Stream6_IRQHandler
                0x00000000081004d0                SAI1_IRQHandler
                0x00000000081004d0                DMA1_Stream3_IRQHandler
 *fill*         0x00000000081004d2        0x2 
 .text.HAL_Init
                0x00000000081004d4       0xbc ./Drivers/STM32H7xx_HAL_Driver/stm32h7xx_hal.o
                0x00000000081004d4                HAL_Init
 .text.HAL_InitTick
                0x0000000008100590       0x6c ./Drivers/STM32H7xx_HAL_Driver/stm32h7xx_hal.o
                0x0000000008100590                HAL_InitTick
 .text.HAL_IncTick
                0x00000000081005fc       0x28 ./Drivers/STM32H7xx_HAL_Driver/stm32h7xx_hal.o
                0x00000000081005fc                HAL_IncTick
 .text.__NVIC_SetPriorityGrouping
                0x0000000008100624       0x48 ./Drivers/STM32H7xx_HAL_Driver/stm32h7xx_hal_cortex.o
 .text.__NVIC_GetPriorityGrouping
                0x000000000810066c       0x1c ./Drivers/STM32H7xx_HAL_Driver/stm32h7xx_hal_cortex.o
 .text.__NVIC_SetPriority
                0x0000000008100688       0x54 ./Drivers/STM32H7xx_HAL_Driver/stm32h7xx_hal_cortex.o
 .text.NVIC_EncodePriority
                0x00000000081006dc       0x66 ./Drivers/STM32H7xx_HAL_Driver/stm32h7xx_hal_cortex.o
 *fill*         0x0000000008100742        0x2 
 .text.SysTick_Config
                0x0000000008100744       0x44 ./Drivers/STM32H7xx_HAL_Driver/stm32h7xx_hal_cortex.o
 .text.HAL_NVIC_SetPriorityGrouping
                0x0000000008100788       0x16 ./Drivers/STM32H7xx_HAL_Driver/stm32h7xx_hal_cortex.o
                0x0000000008100788                HAL_NVIC_SetPriorityGrouping
 .text.HAL_NVIC_SetPriority
                0x000000000810079e       0x34 ./Drivers/STM32H7xx_HAL_Driver/stm32h7xx_hal_cortex.o
                0x000000000810079e                HAL_NVIC_SetPriority
 .text.HAL_SYSTICK_Config
                0x00000000081007d2       0x18 ./Drivers/STM32H7xx_HAL_Driver/stm32h7xx_hal_cortex.o
                0x00000000081007d2                HAL_SYSTICK_Config
 *fill*         0x00000000081007ea        0x2 
 .text.HAL_GetCurrentCPUID
                0x00000000081007ec       0x28 ./Drivers/STM32H7xx_HAL_Driver/stm32h7xx_hal_cortex.o
                0x00000000081007ec                HAL_GetCurrentCPUID
 .text.HAL_HSEM_ActivateNotification
                0x0000000008100814       0x24 ./Drivers/STM32H7xx_HAL_Driver/stm32h7xx_hal_hsem.o
                0x0000000008100814                HAL_HSEM_ActivateNotification
 .text.HAL_PWREx_EnterSTOPMode
                0x0000000008100838       0xf4 ./Drivers/STM32H7xx_HAL_Driver/stm32h7xx_hal_pwr_ex.o
                0x0000000008100838                HAL_PWREx_EnterSTOPMode
 .text.HAL_PWREx_ClearPendingEvent
                0x000000000810092c       0x1a ./Drivers/STM32H7xx_HAL_Driver/stm32h7xx_hal_pwr_ex.o
                0x000000000810092c                HAL_PWREx_ClearPendingEvent
 *fill*         0x0000000008100946        0x2 
 .text.HAL_RCC_GetSysClockFreq
                0x0000000008100948      0x2f4 ./Drivers/STM32H7xx_HAL_Driver/stm32h7xx_hal_rcc.o
                0x0000000008100948                HAL_RCC_GetSysClockFreq
 .text.makeFreeRtosPriority
                0x0000000008100c3c       0x30 ./Middlewares/Third_Party/FreeRTOS/cmsis_os.o
 .text.osKernelStart
                0x0000000008100c6c        0xe ./Middlewares/Third_Party/FreeRTOS/cmsis_os.o
                0x0000000008100c6c                osKernelStart
 .text.osThreadCreate
                0x0000000008100c7a       0x98 ./Middlewares/Third_Party/FreeRTOS/cmsis_os.o
                0x0000000008100c7a                osThreadCreate
 .text.osDelay  0x0000000008100d12       0x28 ./Middlewares/Third_Party/FreeRTOS/cmsis_os.o
                0x0000000008100d12                osDelay
 *fill*         0x0000000008100d3a        0x2 
 .text.pvPortMalloc
                0x0000000008100d3c      0x198 ./Middlewares/Third_Party/FreeRTOS/heap_4.o
                0x0000000008100d3c                pvPortMalloc
 .text.vPortFree
                0x0000000008100ed4       0xc4 ./Middlewares/Third_Party/FreeRTOS/heap_4.o
                0x0000000008100ed4                vPortFree
 .text.prvHeapInit
                0x0000000008100f98       0xc4 ./Middlewares/Third_Party/FreeRTOS/heap_4.o
 .text.prvInsertBlockIntoFreeList
                0x000000000810105c       0xb4 ./Middlewares/Third_Party/FreeRTOS/heap_4.o
 .text.vListInitialise
                0x0000000008101110       0x40 ./Middlewares/Third_Party/FreeRTOS/list.o
                0x0000000008101110                vListInitialise
 .text.vListInitialiseItem
                0x0000000008101150       0x1a ./Middlewares/Third_Party/FreeRTOS/list.o
                0x0000000008101150                vListInitialiseItem
 .text.vListInsertEnd
                0x000000000810116a       0x48 ./Middlewares/Third_Party/FreeRTOS/list.o
                0x000000000810116a                vListInsertEnd
 .text.vListInsert
                0x00000000081011b2       0x72 ./Middlewares/Third_Party/FreeRTOS/list.o
                0x00000000081011b2                vListInsert
 .text.uxListRemove
                0x0000000008101224       0x54 ./Middlewares/Third_Party/FreeRTOS/list.o
                0x0000000008101224                uxListRemove
 .text.pxPortInitialiseStack
                0x0000000008101278       0x68 ./Middlewares/Third_Party/FreeRTOS/port.o
                0x0000000008101278                pxPortInitialiseStack
 .text.prvTaskExitError
                0x00000000081012e0       0x58 ./Middlewares/Third_Party/FreeRTOS/port.o
 *fill*         0x0000000008101338        0x8 
 .text.SVC_Handler
                0x0000000008101340       0x28 ./Middlewares/Third_Party/FreeRTOS/port.o
                0x0000000008101340                SVC_Handler
 .text.prvPortStartFirstTask
                0x0000000008101368       0x28 ./Middlewares/Third_Party/FreeRTOS/port.o
 .text.xPortStartScheduler
                0x0000000008101390      0x144 ./Middlewares/Third_Party/FreeRTOS/port.o
                0x0000000008101390                xPortStartScheduler
 .text.vPortEnterCritical
                0x00000000081014d4       0x60 ./Middlewares/Third_Party/FreeRTOS/port.o
                0x00000000081014d4                vPortEnterCritical
 .text.vPortExitCritical
                0x0000000008101534       0x54 ./Middlewares/Third_Party/FreeRTOS/port.o
                0x0000000008101534                vPortExitCritical
 *fill*         0x0000000008101588        0x8 
 .text.PendSV_Handler
                0x0000000008101590       0x68 ./Middlewares/Third_Party/FreeRTOS/port.o
                0x0000000008101590                PendSV_Handler
 .text.xPortSysTickHandler
                0x00000000081015f8       0x44 ./Middlewares/Third_Party/FreeRTOS/port.o
                0x00000000081015f8                xPortSysTickHandler
 .text.vPortSetupTimerInterrupt
                0x000000000810163c       0x48 ./Middlewares/Third_Party/FreeRTOS/port.o
                0x000000000810163c                vPortSetupTimerInterrupt
 .text.vPortEnableVFP
                0x0000000008101684       0x14 ./Middlewares/Third_Party/FreeRTOS/port.o
 .text.xTaskCreateStatic
                0x0000000008101698       0xba ./Middlewares/Third_Party/FreeRTOS/tasks.o
                0x0000000008101698                xTaskCreateStatic
 .text.xTaskCreate
                0x0000000008101752       0x8a ./Middlewares/Third_Party/FreeRTOS/tasks.o
                0x0000000008101752                xTaskCreate
 .text.prvInitialiseNewTask
                0x00000000081017dc      0x10e ./Middlewares/Third_Party/FreeRTOS/tasks.o
 *fill*         0x00000000081018ea        0x2 
 .text.prvAddNewTaskToReadyList
                0x00000000081018ec       0xd4 ./Middlewares/Third_Party/FreeRTOS/tasks.o
 .text.vTaskDelay
                0x00000000081019c0       0x68 ./Middlewares/Third_Party/FreeRTOS/tasks.o
                0x00000000081019c0                vTaskDelay
 .text.vTaskStartScheduler
                0x0000000008101a28       0xc0 ./Middlewares/Third_Party/FreeRTOS/tasks.o
                0x0000000008101a28                vTaskStartScheduler
 .text.vTaskSuspendAll
                0x0000000008101ae8       0x1c ./Middlewares/Third_Party/FreeRTOS/tasks.o
                0x0000000008101ae8                vTaskSuspendAll
 .text.xTaskResumeAll
                0x0000000008101b04      0x138 ./Middlewares/Third_Party/FreeRTOS/tasks.o
                0x0000000008101b04                xTaskResumeAll
 .text.xTaskIncrementTick
                0x0000000008101c3c      0x170 ./Middlewares/Third_Party/FreeRTOS/tasks.o
                0x0000000008101c3c                xTaskIncrementTick
 .text.vTaskSwitchContext
                0x0000000008101dac       0xb8 ./Middlewares/Third_Party/FreeRTOS/tasks.o
                0x0000000008101dac                vTaskSwitchContext
 .text.prvIdleTask
                0x0000000008101e64       0x30 ./Middlewares/Third_Party/FreeRTOS/tasks.o
 .text.prvInitialiseTaskLists
                0x0000000008101e94       0x80 ./Middlewares/Third_Party/FreeRTOS/tasks.o
 .text.prvCheckTasksWaitingTermination
                0x0000000008101f14       0x5c ./Middlewares/Third_Party/FreeRTOS/tasks.o
 .text.prvDeleteTCB
                0x0000000008101f70       0x5e ./Middlewares/Third_Party/FreeRTOS/tasks.o
 *fill*         0x0000000008101fce        0x2 
 .text.prvResetNextTaskUnblockTime
                0x0000000008101fd0       0x40 ./Middlewares/Third_Party/FreeRTOS/tasks.o
 .text.xTaskGetSchedulerState
                0x0000000008102010       0x3c ./Middlewares/Third_Party/FreeRTOS/tasks.o
                0x0000000008102010                xTaskGetSchedulerState
 .text.prvAddCurrentTaskToDelayedList
                0x000000000810204c       0xcc ./Middlewares/Third_Party/FreeRTOS/tasks.o
 .text.__libc_init_array
                0x0000000008102118       0x48 c:/st/stm32cubeide_1.10.1/stm32cubeide/plugins/com.st.stm32cube.ide.mcu.externaltools.gnu-tools-for-stm32.10.3-2021.10.win32_1.0.0.202111181127/tools/bin/../lib/gcc/arm-none-eabi/10.3.1/../../../../arm-none-eabi/lib/thumb/v7e-m+fp/hard\libc_nano.a(lib_a-init.o)
                0x0000000008102118                __libc_init_array
 *(.glue_7)
 .glue_7        0x0000000008102160        0x0 linker stubs
 *(.glue_7t)
 .glue_7t       0x0000000008102160        0x0 linker stubs
 *(.eh_frame)
 .eh_frame      0x0000000008102160        0x0 c:/st/stm32cubeide_1.10.1/stm32cubeide/plugins/com.st.stm32cube.ide.mcu.externaltools.gnu-tools-for-stm32.10.3-2021.10.win32_1.0.0.202111181127/tools/bin/../lib/gcc/arm-none-eabi/10.3.1/thumb/v7e-m+fp/hard/crtbegin.o
 *(.init)
 .init          0x0000000008102160        0x4 c:/st/stm32cubeide_1.10.1/stm32cubeide/plugins/com.st.stm32cube.ide.mcu.externaltools.gnu-tools-for-stm32.10.3-2021.10.win32_1.0.0.202111181127/tools/bin/../lib/gcc/arm-none-eabi/10.3.1/thumb/v7e-m+fp/hard/crti.o
                0x0000000008102160                _init
 .init          0x0000000008102164        0x8 c:/st/stm32cubeide_1.10.1/stm32cubeide/plugins/com.st.stm32cube.ide.mcu.externaltools.gnu-tools-for-stm32.10.3-2021.10.win32_1.0.0.202111181127/tools/bin/../lib/gcc/arm-none-eabi/10.3.1/thumb/v7e-m+fp/hard/crtn.o
 *(.fini)
 .fini          0x000000000810216c        0x4 c:/st/stm32cubeide_1.10.1/stm32cubeide/plugins/com.st.stm32cube.ide.mcu.externaltools.gnu-tools-for-stm32.10.3-2021.10.win32_1.0.0.202111181127/tools/bin/../lib/gcc/arm-none-eabi/10.3.1/thumb/v7e-m+fp/hard/crti.o
                0x000000000810216c                _fini
 .fini          0x0000000008102170        0x8 c:/st/stm32cubeide_1.10.1/stm32cubeide/plugins/com.st.stm32cube.ide.mcu.externaltools.gnu-tools-for-stm32.10.3-2021.10.win32_1.0.0.202111181127/tools/bin/../lib/gcc/arm-none-eabi/10.3.1/thumb/v7e-m+fp/hard/crtn.o
                0x0000000008102178                . = ALIGN (0x4)
                0x0000000008102178                _etext = .

.vfp11_veneer   0x0000000008102178        0x0
 .vfp11_veneer  0x0000000008102178        0x0 linker stubs

.v4_bx          0x0000000008102178        0x0
 .v4_bx         0x0000000008102178        0x0 linker stubs

.iplt           0x0000000008102178        0x0
 .iplt          0x0000000008102178        0x0 c:/st/stm32cubeide_1.10.1/stm32cubeide/plugins/com.st.stm32cube.ide.mcu.externaltools.gnu-tools-for-stm32.10.3-2021.10.win32_1.0.0.202111181127/tools/bin/../lib/gcc/arm-none-eabi/10.3.1/thumb/v7e-m+fp/hard/crtbegin.o

.rodata         0x0000000008102178       0x40
                0x0000000008102178                . = ALIGN (0x4)
 *(.rodata)
 .rodata        0x0000000008102178       0x28 ./Core/Src/main.o
 .rodata        0x00000000081021a0        0x5 ./Middlewares/Third_Party/FreeRTOS/tasks.o
 *(.rodata*)
 *fill*         0x00000000081021a5        0x3 
 .rodata.D1CorePrescTable
                0x00000000081021a8       0x10 ./Common/Src/system_stm32h7xx_dualcore_boot_cm4_cm7.o
                0x00000000081021a8                D1CorePrescTable
                0x00000000081021b8                . = ALIGN (0x4)

.rel.dyn        0x00000000081021b8        0x0
 .rel.iplt      0x00000000081021b8        0x0 c:/st/stm32cubeide_1.10.1/stm32cubeide/plugins/com.st.stm32cube.ide.mcu.externaltools.gnu-tools-for-stm32.10.3-2021.10.win32_1.0.0.202111181127/tools/bin/../lib/gcc/arm-none-eabi/10.3.1/thumb/v7e-m+fp/hard/crtbegin.o

.ARM.extab
 *(.ARM.extab* .gnu.linkonce.armextab.*)

.ARM            0x00000000081021b8        0x0
                0x00000000081021b8                __exidx_start = .
 *(.ARM.exidx*)
                0x00000000081021b8                __exidx_end = .

.preinit_array  0x00000000081021b8        0x0
                0x00000000081021b8                PROVIDE (__preinit_array_start = .)
 *(.preinit_array*)
                0x00000000081021b8                PROVIDE (__preinit_array_end = .)

.init_array     0x00000000081021b8        0x4
                0x00000000081021b8                PROVIDE (__init_array_start = .)
 *(SORT_BY_NAME(.init_array.*))
 *(.init_array*)
 .init_array    0x00000000081021b8        0x4 c:/st/stm32cubeide_1.10.1/stm32cubeide/plugins/com.st.stm32cube.ide.mcu.externaltools.gnu-tools-for-stm32.10.3-2021.10.win32_1.0.0.202111181127/tools/bin/../lib/gcc/arm-none-eabi/10.3.1/thumb/v7e-m+fp/hard/crtbegin.o
                0x00000000081021bc                PROVIDE (__init_array_end = .)

.fini_array     0x00000000081021bc        0x4
                [!provide]                        PROVIDE (__fini_array_start = .)
 *(SORT_BY_NAME(.fini_array.*))
 *(.fini_array*)
 .fini_array    0x00000000081021bc        0x4 c:/st/stm32cubeide_1.10.1/stm32cubeide/plugins/com.st.stm32cube.ide.mcu.externaltools.gnu-tools-for-stm32.10.3-2021.10.win32_1.0.0.202111181127/tools/bin/../lib/gcc/arm-none-eabi/10.3.1/thumb/v7e-m+fp/hard/crtbegin.o
                [!provide]                        PROVIDE (__fini_array_end = .)
                0x00000000081021c0                _sidata = LOADADDR (.data)

.data           0x0000000010000000       0x14 load address 0x00000000081021c0
                0x0000000010000000                . = ALIGN (0x4)
                0x0000000010000000                _sdata = .
 *(.data)
 *(.data*)
 .data.SystemCoreClock
                0x0000000010000000        0x4 ./Common/Src/system_stm32h7xx_dualcore_boot_cm4_cm7.o
                0x0000000010000000                SystemCoreClock
 .data.SystemD2Clock
                0x0000000010000004        0x4 ./Common/Src/system_stm32h7xx_dualcore_boot_cm4_cm7.o
                0x0000000010000004                SystemD2Clock
 .data.uwTickPrio
                0x0000000010000008        0x4 ./Drivers/STM32H7xx_HAL_Driver/stm32h7xx_hal.o
                0x0000000010000008                uwTickPrio
 .data.uwTickFreq
                0x000000001000000c        0x1 ./Drivers/STM32H7xx_HAL_Driver/stm32h7xx_hal.o
                0x000000001000000c                uwTickFreq
 *fill*         0x000000001000000d        0x3 
 .data.uxCriticalNesting
                0x0000000010000010        0x4 ./Middlewares/Third_Party/FreeRTOS/port.o
 *(.RamFunc)
 *(.RamFunc*)
                0x0000000010000014                . = ALIGN (0x4)
                0x0000000010000014                _edata = .

.igot.plt       0x0000000010000014        0x0 load address 0x00000000081021d4
 .igot.plt      0x0000000010000014        0x0 c:/st/stm32cubeide_1.10.1/stm32cubeide/plugins/com.st.stm32cube.ide.mcu.externaltools.gnu-tools-for-stm32.10.3-2021.10.win32_1.0.0.202111181127/tools/bin/../lib/gcc/arm-none-eabi/10.3.1/thumb/v7e-m+fp/hard/crtbegin.o
                0x0000000010000014                . = ALIGN (0x4)

.bss            0x0000000010000014     0x3fcc load address 0x00000000081021d4
                0x0000000010000014                _sbss = .
                0x0000000010000014                __bss_start__ = _sbss
 *(.bss)
 .bss           0x0000000010000014       0x1c c:/st/stm32cubeide_1.10.1/stm32cubeide/plugins/com.st.stm32cube.ide.mcu.externaltools.gnu-tools-for-stm32.10.3-2021.10.win32_1.0.0.202111181127/tools/bin/../lib/gcc/arm-none-eabi/10.3.1/thumb/v7e-m+fp/hard/crtbegin.o
 *(.bss*)
 .bss.xIdleTaskTCBBuffer
                0x0000000010000030       0x54 ./Core/Src/freertos.o
 .bss.xIdleStack
                0x0000000010000084      0x200 ./Core/Src/freertos.o
 .bss.defaultTaskHandle
                0x0000000010000284        0x4 ./Core/Src/main.o
                0x0000000010000284                defaultTaskHandle
 .bss.uwTick    0x0000000010000288        0x4 ./Drivers/STM32H7xx_HAL_Driver/stm32h7xx_hal.o
                0x0000000010000288                uwTick
 .bss.ucHeap    0x000000001000028c     0x3c00 ./Middlewares/Third_Party/FreeRTOS/heap_4.o
 .bss.xStart    0x0000000010003e8c        0x8 ./Middlewares/Third_Party/FreeRTOS/heap_4.o
 .bss.pxEnd     0x0000000010003e94        0x4 ./Middlewares/Third_Party/FreeRTOS/heap_4.o
 .bss.xFreeBytesRemaining
                0x0000000010003e98        0x4 ./Middlewares/Third_Party/FreeRTOS/heap_4.o
 .bss.xMinimumEverFreeBytesRemaining
                0x0000000010003e9c        0x4 ./Middlewares/Third_Party/FreeRTOS/heap_4.o
 .bss.xNumberOfSuccessfulAllocations
                0x0000000010003ea0        0x4 ./Middlewares/Third_Party/FreeRTOS/heap_4.o
 .bss.xNumberOfSuccessfulFrees
                0x0000000010003ea4        0x4 ./Middlewares/Third_Party/FreeRTOS/heap_4.o
 .bss.xBlockAllocatedBit
                0x0000000010003ea8        0x4 ./Middlewares/Third_Party/FreeRTOS/heap_4.o
 .bss.ucMaxSysCallPriority
                0x0000000010003eac        0x1 ./Middlewares/Third_Party/FreeRTOS/port.o
 *fill*         0x0000000010003ead        0x3 
 .bss.ulMaxPRIGROUPValue
                0x0000000010003eb0        0x4 ./Middlewares/Third_Party/FreeRTOS/port.o
 .bss.pxCurrentTCB
                0x0000000010003eb4        0x4 ./Middlewares/Third_Party/FreeRTOS/tasks.o
                0x0000000010003eb4                pxCurrentTCB
 .bss.pxReadyTasksLists
                0x0000000010003eb8       0x8c ./Middlewares/Third_Party/FreeRTOS/tasks.o
 .bss.xDelayedTaskList1
                0x0000000010003f44       0x14 ./Middlewares/Third_Party/FreeRTOS/tasks.o
 .bss.xDelayedTaskList2
                0x0000000010003f58       0x14 ./Middlewares/Third_Party/FreeRTOS/tasks.o
 .bss.pxDelayedTaskList
                0x0000000010003f6c        0x4 ./Middlewares/Third_Party/FreeRTOS/tasks.o
 .bss.pxOverflowDelayedTaskList
                0x0000000010003f70        0x4 ./Middlewares/Third_Party/FreeRTOS/tasks.o
 .bss.xPendingReadyList
                0x0000000010003f74       0x14 ./Middlewares/Third_Party/FreeRTOS/tasks.o
 .bss.xTasksWaitingTermination
                0x0000000010003f88       0x14 ./Middlewares/Third_Party/FreeRTOS/tasks.o
 .bss.uxDeletedTasksWaitingCleanUp
                0x0000000010003f9c        0x4 ./Middlewares/Third_Party/FreeRTOS/tasks.o
 .bss.xSuspendedTaskList
                0x0000000010003fa0       0x14 ./Middlewares/Third_Party/FreeRTOS/tasks.o
 .bss.uxCurrentNumberOfTasks
                0x0000000010003fb4        0x4 ./Middlewares/Third_Party/FreeRTOS/tasks.o
 .bss.xTickCount
                0x0000000010003fb8        0x4 ./Middlewares/Third_Party/FreeRTOS/tasks.o
 .bss.uxTopReadyPriority
                0x0000000010003fbc        0x4 ./Middlewares/Third_Party/FreeRTOS/tasks.o
 .bss.xSchedulerRunning
                0x0000000010003fc0        0x4 ./Middlewares/Third_Party/FreeRTOS/tasks.o
 .bss.xPendedTicks
                0x0000000010003fc4        0x4 ./Middlewares/Third_Party/FreeRTOS/tasks.o
 .bss.xYieldPending
                0x0000000010003fc8        0x4 ./Middlewares/Third_Party/FreeRTOS/tasks.o
 .bss.xNumOfOverflows
                0x0000000010003fcc        0x4 ./Middlewares/Third_Party/FreeRTOS/tasks.o
 .bss.uxTaskNumber
                0x0000000010003fd0        0x4 ./Middlewares/Third_Party/FreeRTOS/tasks.o
 .bss.xNextTaskUnblockTime
                0x0000000010003fd4        0x4 ./Middlewares/Third_Party/FreeRTOS/tasks.o
 .bss.xIdleTaskHandle
                0x0000000010003fd8        0x4 ./Middlewares/Third_Party/FreeRTOS/tasks.o
 .bss.uxSchedulerSuspended
                0x0000000010003fdc        0x4 ./Middlewares/Third_Party/FreeRTOS/tasks.o
 *(COMMON)
                0x0000000010003fe0                . = ALIGN (0x4)
                0x0000000010003fe0                _ebss = .
                0x0000000010003fe0                __bss_end__ = _ebss

._user_heap_stack
                0x0000000010003fe0      0x600 load address 0x00000000081021d4
                0x0000000010003fe0                . = ALIGN (0x8)
                [!provide]                        PROVIDE (end = .)
                0x0000000010003fe0                PROVIDE (_end = .)
                0x00000000100041e0                . = (. + _Min_Heap_Size)
 *fill*         0x0000000010003fe0      0x200 
                0x00000000100045e0                . = (. + _Min_Stack_Size)
 *fill*         0x00000000100041e0      0x400 
                0x00000000100045e0                . = ALIGN (0x8)

/DISCARD/
 libc.a(*)
 libm.a(*)
 libgcc.a(*)

.ARM.attributes
                0x0000000000000000       0x30
 *(.ARM.attributes)
 .ARM.attributes
                0x0000000000000000       0x1e c:/st/stm32cubeide_1.10.1/stm32cubeide/plugins/com.st.stm32cube.ide.mcu.externaltools.gnu-tools-for-stm32.10.3-2021.10.win32_1.0.0.202111181127/tools/bin/../lib/gcc/arm-none-eabi/10.3.1/thumb/v7e-m+fp/hard/crti.o
 .ARM.attributes
                0x000000000000001e       0x34 c:/st/stm32cubeide_1.10.1/stm32cubeide/plugins/com.st.stm32cube.ide.mcu.externaltools.gnu-tools-for-stm32.10.3-2021.10.win32_1.0.0.202111181127/tools/bin/../lib/gcc/arm-none-eabi/10.3.1/thumb/v7e-m+fp/hard/crtbegin.o
 .ARM.attributes
                0x0000000000000052       0x34 ./Common/Src/system_stm32h7xx_dualcore_boot_cm4_cm7.o
 .ARM.attributes
                0x0000000000000086       0x34 ./Core/Src/freertos.o
 .ARM.attributes
                0x00000000000000ba       0x34 ./Core/Src/main.o
 .ARM.attributes
                0x00000000000000ee       0x34 ./Core/Src/stm32h7xx_hal_msp.o
 .ARM.attributes
                0x0000000000000122       0x34 ./Core/Src/stm32h7xx_it.o
 .ARM.attributes
                0x0000000000000156       0x21 ./Core/Startup/startup_stm32h755zitx.o
 .ARM.attributes
                0x0000000000000177       0x34 ./Drivers/STM32H7xx_HAL_Driver/stm32h7xx_hal.o
 .ARM.attributes
                0x00000000000001ab       0x34 ./Drivers/STM32H7xx_HAL_Driver/stm32h7xx_hal_cortex.o
 .ARM.attributes
                0x00000000000001df       0x34 ./Drivers/STM32H7xx_HAL_Driver/stm32h7xx_hal_hsem.o
 .ARM.attributes
                0x0000000000000213       0x34 ./Drivers/STM32H7xx_HAL_Driver/stm32h7xx_hal_pwr_ex.o
 .ARM.attributes
                0x0000000000000247       0x34 ./Drivers/STM32H7xx_HAL_Driver/stm32h7xx_hal_rcc.o
 .ARM.attributes
                0x000000000000027b       0x34 ./Middlewares/Third_Party/FreeRTOS/cmsis_os.o
 .ARM.attributes
                0x00000000000002af       0x34 ./Middlewares/Third_Party/FreeRTOS/heap_4.o
 .ARM.attributes
                0x00000000000002e3       0x34 ./Middlewares/Third_Party/FreeRTOS/list.o
 .ARM.attributes
                0x0000000000000317       0x34 ./Middlewares/Third_Party/FreeRTOS/port.o
 .ARM.attributes
                0x000000000000034b       0x34 ./Middlewares/Third_Party/FreeRTOS/tasks.o
 .ARM.attributes
                0x000000000000037f       0x34 c:/st/stm32cubeide_1.10.1/stm32cubeide/plugins/com.st.stm32cube.ide.mcu.externaltools.gnu-tools-for-stm32.10.3-2021.10.win32_1.0.0.202111181127/tools/bin/../lib/gcc/arm-none-eabi/10.3.1/../../../../arm-none-eabi/lib/thumb/v7e-m+fp/hard\libc_nano.a(lib_a-init.o)
 .ARM.attributes
                0x00000000000003b3       0x1e c:/st/stm32cubeide_1.10.1/stm32cubeide/plugins/com.st.stm32cube.ide.mcu.externaltools.gnu-tools-for-stm32.10.3-2021.10.win32_1.0.0.202111181127/tools/bin/../lib/gcc/arm-none-eabi/10.3.1/thumb/v7e-m+fp/hard/crtn.o
OUTPUT(ESC_Interface_CM4.elf elf32-littlearm)
LOAD linker stubs
LOAD c:/st/stm32cubeide_1.10.1/stm32cubeide/plugins/com.st.stm32cube.ide.mcu.externaltools.gnu-tools-for-stm32.10.3-2021.10.win32_1.0.0.202111181127/tools/bin/../lib/gcc/arm-none-eabi/10.3.1/../../../../arm-none-eabi/lib/thumb/v7e-m+fp/hard\libc.a
LOAD c:/st/stm32cubeide_1.10.1/stm32cubeide/plugins/com.st.stm32cube.ide.mcu.externaltools.gnu-tools-for-stm32.10.3-2021.10.win32_1.0.0.202111181127/tools/bin/../lib/gcc/arm-none-eabi/10.3.1/../../../../arm-none-eabi/lib/thumb/v7e-m+fp/hard\libm.a
LOAD c:/st/stm32cubeide_1.10.1/stm32cubeide/plugins/com.st.stm32cube.ide.mcu.externaltools.gnu-tools-for-stm32.10.3-2021.10.win32_1.0.0.202111181127/tools/bin/../lib/gcc/arm-none-eabi/10.3.1/thumb/v7e-m+fp/hard\libgcc.a

.debug_info     0x0000000000000000     0xc445
 .debug_info    0x0000000000000000      0x779 ./Common/Src/system_stm32h7xx_dualcore_boot_cm4_cm7.o
 .debug_info    0x0000000000000779      0x2a2 ./Core/Src/freertos.o
 .debug_info    0x0000000000000a1b     0x12be ./Core/Src/main.o
 .debug_info    0x0000000000001cd9     0x12d7 ./Core/Src/stm32h7xx_hal_msp.o
 .debug_info    0x0000000000002fb0      0x134 ./Core/Src/stm32h7xx_it.o
 .debug_info    0x00000000000030e4       0x22 ./Core/Startup/startup_stm32h755zitx.o
 .debug_info    0x0000000000003106     0x186b ./Drivers/STM32H7xx_HAL_Driver/stm32h7xx_hal.o
 .debug_info    0x0000000000004971      0xfb2 ./Drivers/STM32H7xx_HAL_Driver/stm32h7xx_hal_cortex.o
 .debug_info    0x0000000000005923      0x3fd ./Drivers/STM32H7xx_HAL_Driver/stm32h7xx_hal_hsem.o
 .debug_info    0x0000000000005d20     0x10d3 ./Drivers/STM32H7xx_HAL_Driver/stm32h7xx_hal_pwr_ex.o
 .debug_info    0x0000000000006df3      0xf48 ./Drivers/STM32H7xx_HAL_Driver/stm32h7xx_hal_rcc.o
 .debug_info    0x0000000000007d3b     0x1c43 ./Middlewares/Third_Party/FreeRTOS/cmsis_os.o
 .debug_info    0x000000000000997e      0x50b ./Middlewares/Third_Party/FreeRTOS/heap_4.o
 .debug_info    0x0000000000009e89      0x2d1 ./Middlewares/Third_Party/FreeRTOS/list.o
 .debug_info    0x000000000000a15a      0x507 ./Middlewares/Third_Party/FreeRTOS/port.o
 .debug_info    0x000000000000a661     0x1de4 ./Middlewares/Third_Party/FreeRTOS/tasks.o

.debug_abbrev   0x0000000000000000     0x20bd
 .debug_abbrev  0x0000000000000000      0x136 ./Common/Src/system_stm32h7xx_dualcore_boot_cm4_cm7.o
 .debug_abbrev  0x0000000000000136       0xcd ./Core/Src/freertos.o
 .debug_abbrev  0x0000000000000203      0x2bb ./Core/Src/main.o
 .debug_abbrev  0x00000000000004be      0x1ee ./Core/Src/stm32h7xx_hal_msp.o
 .debug_abbrev  0x00000000000006ac       0xab ./Core/Src/stm32h7xx_it.o
 .debug_abbrev  0x0000000000000757       0x12 ./Core/Startup/startup_stm32h755zitx.o
 .debug_abbrev  0x0000000000000769      0x292 ./Drivers/STM32H7xx_HAL_Driver/stm32h7xx_hal.o
 .debug_abbrev  0x00000000000009fb      0x329 ./Drivers/STM32H7xx_HAL_Driver/stm32h7xx_hal_cortex.o
 .debug_abbrev  0x0000000000000d24      0x1d0 ./Drivers/STM32H7xx_HAL_Driver/stm32h7xx_hal_hsem.o
 .debug_abbrev  0x0000000000000ef4      0x2bc ./Drivers/STM32H7xx_HAL_Driver/stm32h7xx_hal_pwr_ex.o
 .debug_abbrev  0x00000000000011b0      0x2b8 ./Drivers/STM32H7xx_HAL_Driver/stm32h7xx_hal_rcc.o
 .debug_abbrev  0x0000000000001468      0x3aa ./Middlewares/Third_Party/FreeRTOS/cmsis_os.o
 .debug_abbrev  0x0000000000001812      0x212 ./Middlewares/Third_Party/FreeRTOS/heap_4.o
 .debug_abbrev  0x0000000000001a24       0xf2 ./Middlewares/Third_Party/FreeRTOS/list.o
 .debug_abbrev  0x0000000000001b16      0x259 ./Middlewares/Third_Party/FreeRTOS/port.o
 .debug_abbrev  0x0000000000001d6f      0x34e ./Middlewares/Third_Party/FreeRTOS/tasks.o

.debug_aranges  0x0000000000000000      0xb58
 .debug_aranges
                0x0000000000000000       0x28 ./Common/Src/system_stm32h7xx_dualcore_boot_cm4_cm7.o
 .debug_aranges
                0x0000000000000028       0x20 ./Core/Src/freertos.o
 .debug_aranges
                0x0000000000000048       0x38 ./Core/Src/main.o
 .debug_aranges
                0x0000000000000080       0x30 ./Core/Src/stm32h7xx_hal_msp.o
 .debug_aranges
                0x00000000000000b0       0x50 ./Core/Src/stm32h7xx_it.o
 .debug_aranges
                0x0000000000000100       0x28 ./Core/Startup/startup_stm32h755zitx.o
 .debug_aranges
                0x0000000000000128      0x200 ./Drivers/STM32H7xx_HAL_Driver/stm32h7xx_hal.o
 .debug_aranges
                0x0000000000000328      0x120 ./Drivers/STM32H7xx_HAL_Driver/stm32h7xx_hal_cortex.o
 .debug_aranges
                0x0000000000000448       0x70 ./Drivers/STM32H7xx_HAL_Driver/stm32h7xx_hal_hsem.o
 .debug_aranges
                0x00000000000004b8      0x170 ./Drivers/STM32H7xx_HAL_Driver/stm32h7xx_hal_pwr_ex.o
 .debug_aranges
                0x0000000000000628       0x88 ./Drivers/STM32H7xx_HAL_Driver/stm32h7xx_hal_rcc.o
 .debug_aranges
                0x00000000000006b0      0x1d8 ./Middlewares/Third_Party/FreeRTOS/cmsis_os.o
 .debug_aranges
                0x0000000000000888       0x58 ./Middlewares/Third_Party/FreeRTOS/heap_4.o
 .debug_aranges
                0x00000000000008e0       0x40 ./Middlewares/Third_Party/FreeRTOS/list.o
 .debug_aranges
                0x0000000000000920       0x80 ./Middlewares/Third_Party/FreeRTOS/port.o
 .debug_aranges
                0x00000000000009a0      0x1b8 ./Middlewares/Third_Party/FreeRTOS/tasks.o

.debug_ranges   0x0000000000000000      0xa60
 .debug_ranges  0x0000000000000000       0x18 ./Common/Src/system_stm32h7xx_dualcore_boot_cm4_cm7.o
 .debug_ranges  0x0000000000000018       0x10 ./Core/Src/freertos.o
 .debug_ranges  0x0000000000000028       0x28 ./Core/Src/main.o
 .debug_ranges  0x0000000000000050       0x20 ./Core/Src/stm32h7xx_hal_msp.o
 .debug_ranges  0x0000000000000070       0x40 ./Core/Src/stm32h7xx_it.o
 .debug_ranges  0x00000000000000b0       0x20 ./Core/Startup/startup_stm32h755zitx.o
 .debug_ranges  0x00000000000000d0      0x1f0 ./Drivers/STM32H7xx_HAL_Driver/stm32h7xx_hal.o
 .debug_ranges  0x00000000000002c0      0x110 ./Drivers/STM32H7xx_HAL_Driver/stm32h7xx_hal_cortex.o
 .debug_ranges  0x00000000000003d0       0x60 ./Drivers/STM32H7xx_HAL_Driver/stm32h7xx_hal_hsem.o
 .debug_ranges  0x0000000000000430      0x160 ./Drivers/STM32H7xx_HAL_Driver/stm32h7xx_hal_pwr_ex.o
 .debug_ranges  0x0000000000000590       0x78 ./Drivers/STM32H7xx_HAL_Driver/stm32h7xx_hal_rcc.o
 .debug_ranges  0x0000000000000608      0x1c8 ./Middlewares/Third_Party/FreeRTOS/cmsis_os.o
 .debug_ranges  0x00000000000007d0       0x48 ./Middlewares/Third_Party/FreeRTOS/heap_4.o
 .debug_ranges  0x0000000000000818       0x30 ./Middlewares/Third_Party/FreeRTOS/list.o
 .debug_ranges  0x0000000000000848       0x70 ./Middlewares/Third_Party/FreeRTOS/port.o
 .debug_ranges  0x00000000000008b8      0x1a8 ./Middlewares/Third_Party/FreeRTOS/tasks.o

.debug_macro    0x0000000000000000    0x399a5
 .debug_macro   0x0000000000000000      0x296 ./Common/Src/system_stm32h7xx_dualcore_boot_cm4_cm7.o
 .debug_macro   0x0000000000000296      0xa7e ./Common/Src/system_stm32h7xx_dualcore_boot_cm4_cm7.o
 .debug_macro   0x0000000000000d14       0x2e ./Common/Src/system_stm32h7xx_dualcore_boot_cm4_cm7.o
 .debug_macro   0x0000000000000d42       0x3b ./Common/Src/system_stm32h7xx_dualcore_boot_cm4_cm7.o
 .debug_macro   0x0000000000000d7d       0x22 ./Common/Src/system_stm32h7xx_dualcore_boot_cm4_cm7.o
 .debug_macro   0x0000000000000d9f       0x8e ./Common/Src/system_stm32h7xx_dualcore_boot_cm4_cm7.o
 .debug_macro   0x0000000000000e2d       0x51 ./Common/Src/system_stm32h7xx_dualcore_boot_cm4_cm7.o
 .debug_macro   0x0000000000000e7e      0x103 ./Common/Src/system_stm32h7xx_dualcore_boot_cm4_cm7.o
 .debug_macro   0x0000000000000f81       0x6a ./Common/Src/system_stm32h7xx_dualcore_boot_cm4_cm7.o
 .debug_macro   0x0000000000000feb      0x1df ./Common/Src/system_stm32h7xx_dualcore_boot_cm4_cm7.o
 .debug_macro   0x00000000000011ca       0x1c ./Common/Src/system_stm32h7xx_dualcore_boot_cm4_cm7.o
 .debug_macro   0x00000000000011e6       0x22 ./Common/Src/system_stm32h7xx_dualcore_boot_cm4_cm7.o
 .debug_macro   0x0000000000001208       0xfb ./Common/Src/system_stm32h7xx_dualcore_boot_cm4_cm7.o
 .debug_macro   0x0000000000001303     0x1011 ./Common/Src/system_stm32h7xx_dualcore_boot_cm4_cm7.o
 .debug_macro   0x0000000000002314      0x11f ./Common/Src/system_stm32h7xx_dualcore_boot_cm4_cm7.o
 .debug_macro   0x0000000000002433    0x2736c ./Common/Src/system_stm32h7xx_dualcore_boot_cm4_cm7.o
 .debug_macro   0x000000000002979f       0x6d ./Common/Src/system_stm32h7xx_dualcore_boot_cm4_cm7.o
 .debug_macro   0x000000000002980c      0x232 ./Common/Src/system_stm32h7xx_dualcore_boot_cm4_cm7.o
 .debug_macro   0x0000000000029a3e     0x3d22 ./Common/Src/system_stm32h7xx_dualcore_boot_cm4_cm7.o
 .debug_macro   0x000000000002d760      0x174 ./Common/Src/system_stm32h7xx_dualcore_boot_cm4_cm7.o
 .debug_macro   0x000000000002d8d4       0x52 ./Common/Src/system_stm32h7xx_dualcore_boot_cm4_cm7.o
 .debug_macro   0x000000000002d926       0x1e ./Common/Src/system_stm32h7xx_dualcore_boot_cm4_cm7.o
 .debug_macro   0x000000000002d944       0x3c ./Common/Src/system_stm32h7xx_dualcore_boot_cm4_cm7.o
 .debug_macro   0x000000000002d980       0x34 ./Common/Src/system_stm32h7xx_dualcore_boot_cm4_cm7.o
 .debug_macro   0x000000000002d9b4       0x16 ./Common/Src/system_stm32h7xx_dualcore_boot_cm4_cm7.o
 .debug_macro   0x000000000002d9ca       0x43 ./Common/Src/system_stm32h7xx_dualcore_boot_cm4_cm7.o
 .debug_macro   0x000000000002da0d       0x34 ./Common/Src/system_stm32h7xx_dualcore_boot_cm4_cm7.o
 .debug_macro   0x000000000002da41       0x10 ./Common/Src/system_stm32h7xx_dualcore_boot_cm4_cm7.o
 .debug_macro   0x000000000002da51       0x58 ./Common/Src/system_stm32h7xx_dualcore_boot_cm4_cm7.o
 .debug_macro   0x000000000002daa9       0x71 ./Common/Src/system_stm32h7xx_dualcore_boot_cm4_cm7.o
 .debug_macro   0x000000000002db1a       0x1c ./Common/Src/system_stm32h7xx_dualcore_boot_cm4_cm7.o
 .debug_macro   0x000000000002db36      0x12a ./Common/Src/system_stm32h7xx_dualcore_boot_cm4_cm7.o
 .debug_macro   0x000000000002dc60      0x341 ./Common/Src/system_stm32h7xx_dualcore_boot_cm4_cm7.o
 .debug_macro   0x000000000002dfa1      0x19b ./Common/Src/system_stm32h7xx_dualcore_boot_cm4_cm7.o
 .debug_macro   0x000000000002e13c       0x5d ./Common/Src/system_stm32h7xx_dualcore_boot_cm4_cm7.o
 .debug_macro   0x000000000002e199     0x3b99 ./Common/Src/system_stm32h7xx_dualcore_boot_cm4_cm7.o
 .debug_macro   0x0000000000031d32     0x1048 ./Common/Src/system_stm32h7xx_dualcore_boot_cm4_cm7.o
 .debug_macro   0x0000000000032d7a      0x14d ./Common/Src/system_stm32h7xx_dualcore_boot_cm4_cm7.o
 .debug_macro   0x0000000000032ec7      0x130 ./Common/Src/system_stm32h7xx_dualcore_boot_cm4_cm7.o
 .debug_macro   0x0000000000032ff7      0x3be ./Common/Src/system_stm32h7xx_dualcore_boot_cm4_cm7.o
 .debug_macro   0x00000000000333b5       0xac ./Common/Src/system_stm32h7xx_dualcore_boot_cm4_cm7.o
 .debug_macro   0x0000000000033461      0x72d ./Common/Src/system_stm32h7xx_dualcore_boot_cm4_cm7.o
 .debug_macro   0x0000000000033b8e      0x228 ./Common/Src/system_stm32h7xx_dualcore_boot_cm4_cm7.o
 .debug_macro   0x0000000000033db6       0x66 ./Common/Src/system_stm32h7xx_dualcore_boot_cm4_cm7.o
 .debug_macro   0x0000000000033e1c      0x3bb ./Common/Src/system_stm32h7xx_dualcore_boot_cm4_cm7.o
 .debug_macro   0x00000000000341d7      0x407 ./Common/Src/system_stm32h7xx_dualcore_boot_cm4_cm7.o
 .debug_macro   0x00000000000345de      0x244 ./Common/Src/system_stm32h7xx_dualcore_boot_cm4_cm7.o
 .debug_macro   0x0000000000034822      0x3ca ./Common/Src/system_stm32h7xx_dualcore_boot_cm4_cm7.o
 .debug_macro   0x0000000000034bec      0x4a2 ./Common/Src/system_stm32h7xx_dualcore_boot_cm4_cm7.o
 .debug_macro   0x000000000003508e       0x51 ./Common/Src/system_stm32h7xx_dualcore_boot_cm4_cm7.o
 .debug_macro   0x00000000000350df       0x4a ./Common/Src/system_stm32h7xx_dualcore_boot_cm4_cm7.o
 .debug_macro   0x0000000000035129      0x22c ./Common/Src/system_stm32h7xx_dualcore_boot_cm4_cm7.o
 .debug_macro   0x0000000000035355       0x67 ./Common/Src/system_stm32h7xx_dualcore_boot_cm4_cm7.o
 .debug_macro   0x00000000000353bc       0xa5 ./Common/Src/system_stm32h7xx_dualcore_boot_cm4_cm7.o
 .debug_macro   0x0000000000035461      0x218 ./Common/Src/system_stm32h7xx_dualcore_boot_cm4_cm7.o
 .debug_macro   0x0000000000035679      0x2ea ./Common/Src/system_stm32h7xx_dualcore_boot_cm4_cm7.o
 .debug_macro   0x0000000000035963       0x35 ./Common/Src/system_stm32h7xx_dualcore_boot_cm4_cm7.o
 .debug_macro   0x0000000000035998      0x67e ./Common/Src/system_stm32h7xx_dualcore_boot_cm4_cm7.o
 .debug_macro   0x0000000000036016       0xa6 ./Common/Src/system_stm32h7xx_dualcore_boot_cm4_cm7.o
 .debug_macro   0x00000000000360bc      0x798 ./Common/Src/system_stm32h7xx_dualcore_boot_cm4_cm7.o
 .debug_macro   0x0000000000036854      0x308 ./Core/Src/freertos.o
 .debug_macro   0x0000000000036b5c       0xe4 ./Core/Src/freertos.o
 .debug_macro   0x0000000000036c40      0x15a ./Core/Src/freertos.o
 .debug_macro   0x0000000000036d9a       0xde ./Core/Src/freertos.o
 .debug_macro   0x0000000000036e78       0x1c ./Core/Src/freertos.o
 .debug_macro   0x0000000000036e94       0x26 ./Core/Src/freertos.o
 .debug_macro   0x0000000000036eba      0x504 ./Core/Src/freertos.o
 .debug_macro   0x00000000000373be       0xb5 ./Core/Src/freertos.o
 .debug_macro   0x0000000000037473       0xaa ./Core/Src/freertos.o
 .debug_macro   0x000000000003751d      0x359 ./Core/Src/main.o
 .debug_macro   0x0000000000037876       0xe4 ./Core/Src/main.o
 .debug_macro   0x000000000003795a       0x91 ./Core/Src/main.o
 .debug_macro   0x00000000000379eb       0x8d ./Core/Src/main.o
 .debug_macro   0x0000000000037a78       0x7e ./Core/Src/main.o
 .debug_macro   0x0000000000037af6       0x19 ./Core/Src/main.o
 .debug_macro   0x0000000000037b0f       0xf2 ./Core/Src/main.o
 .debug_macro   0x0000000000037c01      0x2a0 ./Core/Src/stm32h7xx_hal_msp.o
 .debug_macro   0x0000000000037ea1      0x312 ./Core/Src/stm32h7xx_it.o
 .debug_macro   0x00000000000381b3      0x2c0 ./Drivers/STM32H7xx_HAL_Driver/stm32h7xx_hal.o
 .debug_macro   0x0000000000038473      0x296 ./Drivers/STM32H7xx_HAL_Driver/stm32h7xx_hal_cortex.o
 .debug_macro   0x0000000000038709      0x2a8 ./Drivers/STM32H7xx_HAL_Driver/stm32h7xx_hal_hsem.o
 .debug_macro   0x00000000000389b1      0x2cf ./Drivers/STM32H7xx_HAL_Driver/stm32h7xx_hal_pwr_ex.o
 .debug_macro   0x0000000000038c80      0x2ba ./Drivers/STM32H7xx_HAL_Driver/stm32h7xx_hal_rcc.o
 .debug_macro   0x0000000000038f3a      0x1fe ./Middlewares/Third_Party/FreeRTOS/cmsis_os.o
 .debug_macro   0x0000000000039138       0x10 ./Middlewares/Third_Party/FreeRTOS/cmsis_os.o
 .debug_macro   0x0000000000039148       0x20 ./Middlewares/Third_Party/FreeRTOS/cmsis_os.o
 .debug_macro   0x0000000000039168       0xe9 ./Middlewares/Third_Party/FreeRTOS/cmsis_os.o
 .debug_macro   0x0000000000039251      0x1ae ./Middlewares/Third_Party/FreeRTOS/heap_4.o
 .debug_macro   0x00000000000393ff      0x187 ./Middlewares/Third_Party/FreeRTOS/list.o
 .debug_macro   0x0000000000039586      0x196 ./Middlewares/Third_Party/FreeRTOS/port.o
 .debug_macro   0x000000000003971c      0x279 ./Middlewares/Third_Party/FreeRTOS/tasks.o
 .debug_macro   0x0000000000039995       0x10 ./Middlewares/Third_Party/FreeRTOS/tasks.o

.debug_line     0x0000000000000000     0xbfce
 .debug_line    0x0000000000000000      0x9bd ./Common/Src/system_stm32h7xx_dualcore_boot_cm4_cm7.o
 .debug_line    0x00000000000009bd      0x92b ./Core/Src/freertos.o
 .debug_line    0x00000000000012e8      0xa59 ./Core/Src/main.o
 .debug_line    0x0000000000001d41      0x872 ./Core/Src/stm32h7xx_hal_msp.o
 .debug_line    0x00000000000025b3      0x9d5 ./Core/Src/stm32h7xx_it.o
 .debug_line    0x0000000000002f88       0x88 ./Core/Startup/startup_stm32h755zitx.o
 .debug_line    0x0000000000003010      0xf7e ./Drivers/STM32H7xx_HAL_Driver/stm32h7xx_hal.o
 .debug_line    0x0000000000003f8e      0xe2e ./Drivers/STM32H7xx_HAL_Driver/stm32h7xx_hal_cortex.o
 .debug_line    0x0000000000004dbc      0x9de ./Drivers/STM32H7xx_HAL_Driver/stm32h7xx_hal_hsem.o
 .debug_line    0x000000000000579a     0x1049 ./Drivers/STM32H7xx_HAL_Driver/stm32h7xx_hal_pwr_ex.o
 .debug_line    0x00000000000067e3     0x138a ./Drivers/STM32H7xx_HAL_Driver/stm32h7xx_hal_rcc.o
 .debug_line    0x0000000000007b6d     0x1213 ./Middlewares/Third_Party/FreeRTOS/cmsis_os.o
 .debug_line    0x0000000000008d80      0x975 ./Middlewares/Third_Party/FreeRTOS/heap_4.o
 .debug_line    0x00000000000096f5      0x74b ./Middlewares/Third_Party/FreeRTOS/list.o
 .debug_line    0x0000000000009e40      0x833 ./Middlewares/Third_Party/FreeRTOS/port.o
 .debug_line    0x000000000000a673     0x195b ./Middlewares/Third_Party/FreeRTOS/tasks.o

.debug_str      0x0000000000000000   0x17fd94
 .debug_str     0x0000000000000000   0x174007 ./Common/Src/system_stm32h7xx_dualcore_boot_cm4_cm7.o
                                     0x174460 (size before relaxing)
 .debug_str     0x0000000000174007     0x3ee8 ./Core/Src/freertos.o
                                     0x177fd6 (size before relaxing)
 .debug_str     0x0000000000177eef     0x2ad2 ./Core/Src/main.o
                                     0x17acf7 (size before relaxing)
 .debug_str     0x000000000017a9c1      0xb88 ./Core/Src/stm32h7xx_hal_msp.o
                                     0x1754e1 (size before relaxing)
 .debug_str     0x000000000017b549       0xd9 ./Core/Src/stm32h7xx_it.o
                                     0x177f37 (size before relaxing)
 .debug_str     0x000000000017b622       0x36 ./Core/Startup/startup_stm32h755zitx.o
                                         0x8b (size before relaxing)
 .debug_str     0x000000000017b658      0xab6 ./Drivers/STM32H7xx_HAL_Driver/stm32h7xx_hal.o
                                     0x1757d6 (size before relaxing)
 .debug_str     0x000000000017c10e      0x397 ./Drivers/STM32H7xx_HAL_Driver/stm32h7xx_hal_cortex.o
                                     0x174f24 (size before relaxing)
 .debug_str     0x000000000017c4a5      0x1eb ./Drivers/STM32H7xx_HAL_Driver/stm32h7xx_hal_hsem.o
                                     0x174340 (size before relaxing)
 .debug_str     0x000000000017c690      0x6ea ./Drivers/STM32H7xx_HAL_Driver/stm32h7xx_hal_pwr_ex.o
                                     0x174b0b (size before relaxing)
 .debug_str     0x000000000017cd7a      0x5bf ./Drivers/STM32H7xx_HAL_Driver/stm32h7xx_hal_rcc.o
                                     0x174a36 (size before relaxing)
 .debug_str     0x000000000017d339      0xb56 ./Middlewares/Third_Party/FreeRTOS/cmsis_os.o
                                       0xe487 (size before relaxing)
 .debug_str     0x000000000017de8f      0x4bd ./Middlewares/Third_Party/FreeRTOS/heap_4.o
                                       0xb006 (size before relaxing)
 .debug_str     0x000000000017e34c      0x16a ./Middlewares/Third_Party/FreeRTOS/list.o
                                       0xa6c4 (size before relaxing)
 .debug_str     0x000000000017e4b6      0x866 ./Middlewares/Third_Party/FreeRTOS/port.o
                                       0x8633 (size before relaxing)
 .debug_str     0x000000000017ed1c     0x1078 ./Middlewares/Third_Party/FreeRTOS/tasks.o
                                       0xca2f (size before relaxing)

.comment        0x0000000000000000       0x50
 .comment       0x0000000000000000       0x50 ./Common/Src/system_stm32h7xx_dualcore_boot_cm4_cm7.o
                                         0x51 (size before relaxing)
 .comment       0x0000000000000050       0x51 ./Core/Src/freertos.o
 .comment       0x0000000000000050       0x51 ./Core/Src/main.o
 .comment       0x0000000000000050       0x51 ./Core/Src/stm32h7xx_hal_msp.o
 .comment       0x0000000000000050       0x51 ./Core/Src/stm32h7xx_it.o
 .comment       0x0000000000000050       0x51 ./Drivers/STM32H7xx_HAL_Driver/stm32h7xx_hal.o
 .comment       0x0000000000000050       0x51 ./Drivers/STM32H7xx_HAL_Driver/stm32h7xx_hal_cortex.o
 .comment       0x0000000000000050       0x51 ./Drivers/STM32H7xx_HAL_Driver/stm32h7xx_hal_hsem.o
 .comment       0x0000000000000050       0x51 ./Drivers/STM32H7xx_HAL_Driver/stm32h7xx_hal_pwr_ex.o
 .comment       0x0000000000000050       0x51 ./Drivers/STM32H7xx_HAL_Driver/stm32h7xx_hal_rcc.o
 .comment       0x0000000000000050       0x51 ./Middlewares/Third_Party/FreeRTOS/cmsis_os.o
 .comment       0x0000000000000050       0x51 ./Middlewares/Third_Party/FreeRTOS/heap_4.o
 .comment       0x0000000000000050       0x51 ./Middlewares/Third_Party/FreeRTOS/list.o
 .comment       0x0000000000000050       0x51 ./Middlewares/Third_Party/FreeRTOS/port.o
 .comment       0x0000000000000050       0x51 ./Middlewares/Third_Party/FreeRTOS/tasks.o

.debug_frame    0x0000000000000000     0x2c5c
 .debug_frame   0x0000000000000000       0x58 ./Common/Src/system_stm32h7xx_dualcore_boot_cm4_cm7.o
 .debug_frame   0x0000000000000058       0x38 ./Core/Src/freertos.o
 .debug_frame   0x0000000000000090       0x88 ./Core/Src/main.o
 .debug_frame   0x0000000000000118       0x80 ./Core/Src/stm32h7xx_hal_msp.o
 .debug_frame   0x0000000000000198       0xc4 ./Core/Src/stm32h7xx_it.o
 .debug_frame   0x000000000000025c      0x848 ./Drivers/STM32H7xx_HAL_Driver/stm32h7xx_hal.o
 .debug_frame   0x0000000000000aa4      0x4b8 ./Drivers/STM32H7xx_HAL_Driver/stm32h7xx_hal_cortex.o
 .debug_frame   0x0000000000000f5c      0x1bc ./Drivers/STM32H7xx_HAL_Driver/stm32h7xx_hal_hsem.o
 .debug_frame   0x0000000000001118      0x5ec ./Drivers/STM32H7xx_HAL_Driver/stm32h7xx_hal_pwr_ex.o
 .debug_frame   0x0000000000001704      0x1f8 ./Drivers/STM32H7xx_HAL_Driver/stm32h7xx_hal_rcc.o
 .debug_frame   0x00000000000018fc      0x80c ./Middlewares/Third_Party/FreeRTOS/cmsis_os.o
 .debug_frame   0x0000000000002108      0x12c ./Middlewares/Third_Party/FreeRTOS/heap_4.o
 .debug_frame   0x0000000000002234       0xd8 ./Middlewares/Third_Party/FreeRTOS/list.o
 .debug_frame   0x000000000000230c      0x1a8 ./Middlewares/Third_Party/FreeRTOS/port.o
 .debug_frame   0x00000000000024b4      0x77c ./Middlewares/Third_Party/FreeRTOS/tasks.o
 .debug_frame   0x0000000000002c30       0x2c c:/st/stm32cubeide_1.10.1/stm32cubeide/plugins/com.st.stm32cube.ide.mcu.externaltools.gnu-tools-for-stm32.10.3-2021.10.win32_1.0.0.202111181127/tools/bin/../lib/gcc/arm-none-eabi/10.3.1/../../../../arm-none-eabi/lib/thumb/v7e-m+fp/hard\libc_nano.a(lib_a-init.o)
