Archive member included to satisfy reference by file (symbol)

c:/st/stm32cubeide_1.10.1/stm32cubeide/plugins/com.st.stm32cube.ide.mcu.externaltools.gnu-tools-for-stm32.10.3-2021.10.win32_1.0.0.202111181127/tools/bin/../lib/gcc/arm-none-eabi/10.3.1/../../../../arm-none-eabi/lib/thumb/v7e-m+dp/hard\libc_nano.a(lib_a-errno.o)
                              ./Core/Src/syscalls.o (__errno)
c:/st/stm32cubeide_1.10.1/stm32cubeide/plugins/com.st.stm32cube.ide.mcu.externaltools.gnu-tools-for-stm32.10.3-2021.10.win32_1.0.0.202111181127/tools/bin/../lib/gcc/arm-none-eabi/10.3.1/../../../../arm-none-eabi/lib/thumb/v7e-m+dp/hard\libc_nano.a(lib_a-exit.o)
                              c:/st/stm32cubeide_1.10.1/stm32cubeide/plugins/com.st.stm32cube.ide.mcu.externaltools.gnu-tools-for-stm32.10.3-2021.10.win32_1.0.0.202111181127/tools/bin/../lib/gcc/arm-none-eabi/10.3.1/../../../../arm-none-eabi/lib/thumb/v7e-m+dp/hard/crt0.o (exit)
c:/st/stm32cubeide_1.10.1/stm32cubeide/plugins/com.st.stm32cube.ide.mcu.externaltools.gnu-tools-for-stm32.10.3-2021.10.win32_1.0.0.202111181127/tools/bin/../lib/gcc/arm-none-eabi/10.3.1/../../../../arm-none-eabi/lib/thumb/v7e-m+dp/hard\libc_nano.a(lib_a-impure.o)
                              c:/st/stm32cubeide_1.10.1/stm32cubeide/plugins/com.st.stm32cube.ide.mcu.externaltools.gnu-tools-for-stm32.10.3-2021.10.win32_1.0.0.202111181127/tools/bin/../lib/gcc/arm-none-eabi/10.3.1/../../../../arm-none-eabi/lib/thumb/v7e-m+dp/hard\libc_nano.a(lib_a-exit.o) (_global_impure_ptr)
c:/st/stm32cubeide_1.10.1/stm32cubeide/plugins/com.st.stm32cube.ide.mcu.externaltools.gnu-tools-for-stm32.10.3-2021.10.win32_1.0.0.202111181127/tools/bin/../lib/gcc/arm-none-eabi/10.3.1/../../../../arm-none-eabi/lib/thumb/v7e-m+dp/hard\libc_nano.a(lib_a-init.o)
                              c:/st/stm32cubeide_1.10.1/stm32cubeide/plugins/com.st.stm32cube.ide.mcu.externaltools.gnu-tools-for-stm32.10.3-2021.10.win32_1.0.0.202111181127/tools/bin/../lib/gcc/arm-none-eabi/10.3.1/../../../../arm-none-eabi/lib/thumb/v7e-m+dp/hard/crt0.o (__libc_init_array)
c:/st/stm32cubeide_1.10.1/stm32cubeide/plugins/com.st.stm32cube.ide.mcu.externaltools.gnu-tools-for-stm32.10.3-2021.10.win32_1.0.0.202111181127/tools/bin/../lib/gcc/arm-none-eabi/10.3.1/../../../../arm-none-eabi/lib/thumb/v7e-m+dp/hard\libc_nano.a(lib_a-memcpy-stub.o)
                              ./Core/Src/MY_NRF24.o (memcpy)
c:/st/stm32cubeide_1.10.1/stm32cubeide/plugins/com.st.stm32cube.ide.mcu.externaltools.gnu-tools-for-stm32.10.3-2021.10.win32_1.0.0.202111181127/tools/bin/../lib/gcc/arm-none-eabi/10.3.1/../../../../arm-none-eabi/lib/thumb/v7e-m+dp/hard\libc_nano.a(lib_a-memset.o)
                              c:/st/stm32cubeide_1.10.1/stm32cubeide/plugins/com.st.stm32cube.ide.mcu.externaltools.gnu-tools-for-stm32.10.3-2021.10.win32_1.0.0.202111181127/tools/bin/../lib/gcc/arm-none-eabi/10.3.1/../../../../arm-none-eabi/lib/thumb/v7e-m+dp/hard/crt0.o (memset)
c:/st/stm32cubeide_1.10.1/stm32cubeide/plugins/com.st.stm32cube.ide.mcu.externaltools.gnu-tools-for-stm32.10.3-2021.10.win32_1.0.0.202111181127/tools/bin/../lib/gcc/arm-none-eabi/10.3.1/../../../../arm-none-eabi/lib/thumb/v7e-m+dp/hard\libc_nano.a(lib_a-nano-vfprintf_float.o)
                              (_printf_float)
c:/st/stm32cubeide_1.10.1/stm32cubeide/plugins/com.st.stm32cube.ide.mcu.externaltools.gnu-tools-for-stm32.10.3-2021.10.win32_1.0.0.202111181127/tools/bin/../lib/gcc/arm-none-eabi/10.3.1/../../../../arm-none-eabi/lib/thumb/v7e-m+dp/hard\libc_nano.a(lib_a-nano-vfprintf_i.o)
                              c:/st/stm32cubeide_1.10.1/stm32cubeide/plugins/com.st.stm32cube.ide.mcu.externaltools.gnu-tools-for-stm32.10.3-2021.10.win32_1.0.0.202111181127/tools/bin/../lib/gcc/arm-none-eabi/10.3.1/../../../../arm-none-eabi/lib/thumb/v7e-m+dp/hard\libc_nano.a(lib_a-nano-vfprintf_float.o) (_printf_common)
c:/st/stm32cubeide_1.10.1/stm32cubeide/plugins/com.st.stm32cube.ide.mcu.externaltools.gnu-tools-for-stm32.10.3-2021.10.win32_1.0.0.202111181127/tools/bin/../lib/gcc/arm-none-eabi/10.3.1/../../../../arm-none-eabi/lib/thumb/v7e-m+dp/hard\libc_nano.a(lib_a-printf.o)
                              ./Core/Src/main.o (printf)
c:/st/stm32cubeide_1.10.1/stm32cubeide/plugins/com.st.stm32cube.ide.mcu.externaltools.gnu-tools-for-stm32.10.3-2021.10.win32_1.0.0.202111181127/tools/bin/../lib/gcc/arm-none-eabi/10.3.1/../../../../arm-none-eabi/lib/thumb/v7e-m+dp/hard\libc_nano.a(lib_a-puts.o)
                              ./Core/Src/main.o (puts)
c:/st/stm32cubeide_1.10.1/stm32cubeide/plugins/com.st.stm32cube.ide.mcu.externaltools.gnu-tools-for-stm32.10.3-2021.10.win32_1.0.0.202111181127/tools/bin/../lib/gcc/arm-none-eabi/10.3.1/../../../../arm-none-eabi/lib/thumb/v7e-m+dp/hard\libc_nano.a(lib_a-snprintf.o)
                              ./Core/Src/main.o (snprintf)
[...]
Memory Configuration

Name             Origin             Length             Attributes
RAM_D1           0x0000000024000000 0x0000000000080000 xrw
FLASH            0x0000000008000000 0x0000000000100000 xr
DTCMRAM          0x0000000020000000 0x0000000000020000 xrw
RAM_D2           0x0000000030000000 0x0000000000048000 xrw
RAM_D3           0x0000000038000000 0x0000000000010000 xrw
ITCMRAM          0x0000000000000000 0x0000000000010000 xrw
*default*        0x0000000000000000 0xffffffffffffffff

Linker script and memory map

LOAD c:/st/stm32cubeide_1.10.1/stm32cubeide/plugins/com.st.stm32cube.ide.mcu.externaltools.gnu-tools-for-stm32.10.3-2021.10.win32_1.0.0.202111181127/tools/bin/../lib/gcc/arm-none-eabi/10.3.1/thumb/v7e-m+dp/hard/crti.o
LOAD c:/st/stm32cubeide_1.10.1/stm32cubeide/plugins/com.st.stm32cube.ide.mcu.externaltools.gnu-tools-for-stm32.10.3-2021.10.win32_1.0.0.202111181127/tools/bin/../lib/gcc/arm-none-eabi/10.3.1/thumb/v7e-m+dp/hard/crtbegin.o
LOAD c:/st/stm32cubeide_1.10.1/stm32cubeide/plugins/com.st.stm32cube.ide.mcu.externaltools.gnu-tools-for-stm32.10.3-2021.10.win32_1.0.0.202111181127/tools/bin/../lib/gcc/arm-none-eabi/10.3.1/../../../../arm-none-eabi/lib/thumb/v7e-m+dp/hard/crt0.o
LOAD ./Common/Src/system_stm32h7xx_dualcore_boot_cm4_cm7.o
LOAD ./Core/Src/MY_NRF24.o
LOAD ./Core/Src/WayPointNotify.o
LOAD ./Core/Src/freertos.o
LOAD ./Core/Src/main.o
LOAD ./Core/Src/mpu6050.o
LOAD ./Core/Src/myprintf.o
LOAD ./Core/Src/stm32h7xx_hal_msp.o
LOAD ./Core/Src/stm32h7xx_it.o
LOAD ./Core/Src/syscalls.o
LOAD ./Core/Src/sysmem.o
LOAD ./Core/Src/waypointDemo.o
LOAD ./Core/Startup/startup_stm32h755zitx.o
LOAD ./Drivers/STM32H7xx_HAL_Driver/stm32h7xx_hal.o
LOAD ./Drivers/STM32H7xx_HAL_Driver/stm32h7xx_hal_cortex.o
LOAD ./Drivers/STM32H7xx_HAL_Driver/stm32h7xx_hal_dma.o
LOAD ./Drivers/STM32H7xx_HAL_Driver/stm32h7xx_hal_dma_ex.o
LOAD ./Drivers/STM32H7xx_HAL_Driver/stm32h7xx_hal_exti.o
LOAD ./Drivers/STM32H7xx_HAL_Driver/stm32h7xx_hal_fdcan.o
LOAD ./Drivers/STM32H7xx_HAL_Driver/stm32h7xx_hal_flash.o
LOAD ./Drivers/STM32H7xx_HAL_Driver/stm32h7xx_hal_flash_ex.o
LOAD ./Drivers/STM32H7xx_HAL_Driver/stm32h7xx_hal_gpio.o
LOAD ./Drivers/STM32H7xx_HAL_Driver/stm32h7xx_hal_hsem.o
LOAD ./Drivers/STM32H7xx_HAL_Driver/stm32h7xx_hal_i2c.o
LOAD ./Drivers/STM32H7xx_HAL_Driver/stm32h7xx_hal_i2c_ex.o
LOAD ./Drivers/STM32H7xx_HAL_Driver/stm32h7xx_hal_mdma.o
LOAD ./Drivers/STM32H7xx_HAL_Driver/stm32h7xx_hal_pwr.o
LOAD ./Drivers/STM32H7xx_HAL_Driver/stm32h7xx_hal_pwr_ex.o
LOAD ./Drivers/STM32H7xx_HAL_Driver/stm32h7xx_hal_rcc.o
LOAD ./Drivers/STM32H7xx_HAL_Driver/stm32h7xx_hal_rcc_ex.o
LOAD ./Drivers/STM32H7xx_HAL_Driver/stm32h7xx_hal_spi.o
LOAD ./Drivers/STM32H7xx_HAL_Driver/stm32h7xx_hal_spi_ex.o
LOAD ./Drivers/STM32H7xx_HAL_Driver/stm32h7xx_hal_tim.o
LOAD ./Drivers/STM32H7xx_HAL_Driver/stm32h7xx_hal_tim_ex.o
LOAD ./Drivers/STM32H7xx_HAL_Driver/stm32h7xx_hal_uart.o
LOAD ./Drivers/STM32H7xx_HAL_Driver/stm32h7xx_hal_uart_ex.o
LOAD ./Middlewares/Third_Party/FreeRTOS/cmsis_os.o
LOAD ./Middlewares/Third_Party/FreeRTOS/croutine.o
LOAD ./Middlewares/Third_Party/FreeRTOS/event_groups.o
LOAD ./Middlewares/Third_Party/FreeRTOS/heap_4.o
LOAD ./Middlewares/Third_Party/FreeRTOS/list.o
LOAD ./Middlewares/Third_Party/FreeRTOS/port.o
LOAD ./Middlewares/Third_Party/FreeRTOS/queue.o
LOAD ./Middlewares/Third_Party/FreeRTOS/stream_buffer.o
LOAD ./Middlewares/Third_Party/FreeRTOS/tasks.o
LOAD ./Middlewares/Third_Party/FreeRTOS/timers.o
START GROUP
LOAD c:/st/stm32cubeide_1.10.1/stm32cubeide/plugins/com.st.stm32cube.ide.mcu.externaltools.gnu-tools-for-stm32.10.3-2021.10.win32_1.0.0.202111181127/tools/bin/../lib/gcc/arm-none-eabi/10.3.1/../../../../arm-none-eabi/lib/thumb/v7e-m+dp/hard\libc_nano.a
LOAD c:/st/stm32cubeide_1.10.1/stm32cubeide/plugins/com.st.stm32cube.ide.mcu.externaltools.gnu-tools-for-stm32.10.3-2021.10.win32_1.0.0.202111181127/tools/bin/../lib/gcc/arm-none-eabi/10.3.1/../../../../arm-none-eabi/lib/thumb/v7e-m+dp/hard\libm.a
END GROUP
START GROUP
LOAD c:/st/stm32cubeide_1.10.1/stm32cubeide/plugins/com.st.stm32cube.ide.mcu.externaltools.gnu-tools-for-stm32.10.3-2021.10.win32_1.0.0.202111181127/tools/bin/../lib/gcc/arm-none-eabi/10.3.1/thumb/v7e-m+dp/hard\libgcc.a
LOAD c:/st/stm32cubeide_1.10.1/stm32cubeide/plugins/com.st.stm32cube.ide.mcu.externaltools.gnu-tools-for-stm32.10.3-2021.10.win32_1.0.0.202111181127/tools/bin/../lib/gcc/arm-none-eabi/10.3.1/../../../../arm-none-eabi/lib/thumb/v7e-m+dp/hard\libc_nano.a
END GROUP
START GROUP
LOAD c:/st/stm32cubeide_1.10.1/stm32cubeide/plugins/com.st.stm32cube.ide.mcu.externaltools.gnu-tools-for-stm32.10.3-2021.10.win32_1.0.0.202111181127/tools/bin/../lib/gcc/arm-none-eabi/10.3.1/thumb/v7e-m+dp/hard\libgcc.a
LOAD c:/st/stm32cubeide_1.10.1/stm32cubeide/plugins/com.st.stm32cube.ide.mcu.externaltools.gnu-tools-for-stm32.10.3-2021.10.win32_1.0.0.202111181127/tools/bin/../lib/gcc/arm-none-eabi/10.3.1/../../../../arm-none-eabi/lib/thumb/v7e-m+dp/hard\libc_nano.a
LOAD c:/st/stm32cubeide_1.10.1/stm32cubeide/plugins/com.st.stm32cube.ide.mcu.externaltools.gnu-tools-for-stm32.10.3-2021.10.win32_1.0.0.202111181127/tools/bin/../lib/gcc/arm-none-eabi/10.3.1/../../../../arm-none-eabi/lib/thumb/v7e-m+dp/hard\libnosys.a
END GROUP
START GROUP
LOAD c:/st/stm32cubeide_1.10.1/stm32cubeide/plugins/com.st.stm32cube.ide.mcu.externaltools.gnu-tools-for-stm32.10.3-2021.10.win32_1.0.0.202111181127/tools/bin/../lib/gcc/arm-none-eabi/10.3.1/thumb/v7e-m+dp/hard\libgcc.a
LOAD c:/st/stm32cubeide_1.10.1/stm32cubeide/plugins/com.st.stm32cube.ide.mcu.externaltools.gnu-tools-for-stm32.10.3-2021.10.win32_1.0.0.202111181127/tools/bin/../lib/gcc/arm-none-eabi/10.3.1/../../../../arm-none-eabi/lib/thumb/v7e-m+dp/hard\libc_nano.a
LOAD c:/st/stm32cubeide_1.10.1/stm32cubeide/plugins/com.st.stm32cube.ide.mcu.externaltools.gnu-tools-for-stm32.10.3-2021.10.win32_1.0.0.202111181127/tools/bin/../lib/gcc/arm-none-eabi/10.3.1/../../../../arm-none-eabi/lib/thumb/v7e-m+dp/hard\libnosys.a
END GROUP
LOAD c:/st/stm32cubeide_1.10.1/stm32cubeide/plugins/com.st.stm32cube.ide.mcu.externaltools.gnu-tools-for-stm32.10.3-2021.10.win32_1.0.0.202111181127/tools/bin/../lib/gcc/arm-none-eabi/10.3.1/thumb/v7e-m+dp/hard/crtend.o
LOAD c:/st/stm32cubeide_1.10.1/stm32cubeide/plugins/com.st.stm32cube.ide.mcu.externaltools.gnu-tools-for-stm32.10.3-2021.10.win32_1.0.0.202111181127/tools/bin/../lib/gcc/arm-none-eabi/10.3.1/thumb/v7e-m+dp/hard/crtn.o
                0x0000000024080000                _estack = (ORIGIN (RAM_D1) + LENGTH (RAM_D1))
                0x0000000000000200                _Min_Heap_Size = 0x200
                0x0000000000000400                _Min_Stack_Size = 0x400

.isr_vector     0x0000000008000000      0x298
                0x0000000008000000                . = ALIGN (0x4)
 *(.isr_vector)
 .isr_vector    0x0000000008000000      0x298 ./Core/Startup/startup_stm32h755zitx.o
                0x0000000008000000                g_pfnVectors
                0x0000000008000298                . = ALIGN (0x4)

.text           0x00000000080002a0     0xf49c
                0x00000000080002a0                . = ALIGN (0x4)
 *(.text)
 .text          0x00000000080002a0       0x40 c:/st/stm32cubeide_1.10.1/stm32cubeide/plugins/com.st.stm32cube.ide.mcu.externaltools.gnu-tools-for-stm32.10.3-2021.10.win32_1.0.0.202111181127/tools/bin/../lib/gcc/arm-none-eabi/10.3.1/thumb/v7e-m+dp/hard/crtbegin.o
 .text          0x00000000080002e0       0x10 c:/st/stm32cubeide_1.10.1/stm32cubeide/plugins/com.st.stm32cube.ide.mcu.externaltools.gnu-tools-for-stm32.10.3-2021.10.win32_1.0.0.202111181127/tools/bin/../lib/gcc/arm-none-eabi/10.3.1/../../../../arm-none-eabi/lib/thumb/v7e-m+dp/hard\libc_nano.a(lib_a-strlen.o)
                0x00000000080002e0                strlen
 .text          0x00000000080002f0       0xa0 c:/st/stm32cubeide_1.10.1/stm32cubeide/plugins/com.st.stm32cube.ide.mcu.externaltools.gnu-tools-for-stm32.10.3-2021.10.win32_1.0.0.202111181127/tools/bin/../lib/gcc/arm-none-eabi/10.3.1/../../../../arm-none-eabi/lib/thumb/v7e-m+dp/hard\libc_nano.a(lib_a-memchr.o)
                0x00000000080002f0                memchr
 .text          0x0000000008000390       0x30 c:/st/stm32cubeide_1.10.1/stm32cubeide/plugins/com.st.stm32cube.ide.mcu.externaltools.gnu-tools-for-stm32.10.3-2021.10.win32_1.0.0.202111181127/tools/bin/../lib/gcc/arm-none-eabi/10.3.1/thumb/v7e-m+dp/hard\libgcc.a(_aeabi_uldivmod.o)
                0x0000000008000390                __aeabi_uldivmod
 .text          0x00000000080003c0      0x2d0 c:/st/stm32cubeide_1.10.1/stm32cubeide/plugins/com.st.stm32cube.ide.mcu.externaltools.gnu-tools-for-stm32.10.3-2021.10.win32_1.0.0.202111181127/tools/bin/../lib/gcc/arm-none-eabi/10.3.1/thumb/v7e-m+dp/hard\libgcc.a(_udivmoddi4.o)
                0x00000000080003c0                __udivmoddi4
 .text          0x0000000008000690        0x4 c:/st/stm32cubeide_1.10.1/stm32cubeide/plugins/com.st.stm32cube.ide.mcu.externaltools.gnu-tools-for-stm32.10.3-2021.10.win32_1.0.0.202111181127/tools/bin/../lib/gcc/arm-none-eabi/10.3.1/thumb/v7e-m+dp/hard\libgcc.a(_dvmd_tls.o)
                0x0000000008000690                __aeabi_idiv0
                0x0000000008000690                __aeabi_ldiv0
 *(.text*)
 .text.SystemInit
                0x0000000008000694      0x12c ./Common/Src/system_stm32h7xx_dualcore_boot_cm4_cm7.o
                0x0000000008000694                SystemInit
 .text.NRF24_DelayMicroSeconds
                0x00000000080007c0       0x44 ./Core/Src/MY_NRF24.o
                0x00000000080007c0                NRF24_DelayMicroSeconds
 .text.NRF24_csn
                0x0000000008000804       0x40 ./Core/Src/MY_NRF24.o
                0x0000000008000804                NRF24_csn
 .text.NRF24_ce
                0x0000000008000844       0x40 ./Core/Src/MY_NRF24.o
                0x0000000008000844                NRF24_ce
 .text.NRF24_read_register
                0x0000000008000884       0x50 ./Core/Src/MY_NRF24.o
                0x0000000008000884                NRF24_read_register
 .text.NRF24_read_registerN
                0x00000000080008d4       0x50 ./Core/Src/MY_NRF24.o
                0x00000000080008d4                NRF24_read_registerN
 .text.NRF24_write_register
                0x0000000008000924       0x44 ./Core/Src/MY_NRF24.o
                0x0000000008000924                NRF24_write_register
 .text.NRF24_write_registerN
                0x0000000008000968       0x50 ./Core/Src/MY_NRF24.o
                0x0000000008000968                NRF24_write_registerN
 .text.NRF24_read_payload
                0x00000000080009b8       0x60 ./Core/Src/MY_NRF24.o
                0x00000000080009b8                NRF24_read_payload
 .text.NRF24_flush_tx
                0x0000000008000a18       0x10 ./Core/Src/MY_NRF24.o
                0x0000000008000a18                NRF24_flush_tx
 .text.NRF24_flush_rx
                0x0000000008000a28       0x10 ./Core/Src/MY_NRF24.o
                0x0000000008000a28                NRF24_flush_rx
 .text.NRF24_get_status
                0x0000000008000a38       0x1a ./Core/Src/MY_NRF24.o
                0x0000000008000a38                NRF24_get_status
 *fill*         0x0000000008000a52        0x2 
 .text.NRF24_begin
                0x0000000008000a54      0x1c0 ./Core/Src/MY_NRF24.o
                0x0000000008000a54                NRF24_begin
 .text.NRF24_startListening
                0x0000000008000c14       0x4c ./Core/Src/MY_NRF24.o
                0x0000000008000c14                NRF24_startListening
 .text.NRF24_available
                0x0000000008000c60       0x10 ./Core/Src/MY_NRF24.o
                0x0000000008000c60                NRF24_available
 .text.NRF24_read
                0x0000000008000c70       0x40 ./Core/Src/MY_NRF24.o
                0x0000000008000c70                NRF24_read
 .text.NRF24_openReadingPipe
                0x0000000008000cb0       0x9c ./Core/Src/MY_NRF24.o
                0x0000000008000cb0                NRF24_openReadingPipe
 .text.NRF24_setRetries
                0x0000000008000d4c       0x36 ./Core/Src/MY_NRF24.o
                0x0000000008000d4c                NRF24_setRetries
 .text.NRF24_setChannel
                0x0000000008000d82       0x2a ./Core/Src/MY_NRF24.o
                0x0000000008000d82                NRF24_setChannel
 .text.NRF24_setPayloadSize
                0x0000000008000dac       0x30 ./Core/Src/MY_NRF24.o
                0x0000000008000dac                NRF24_setPayloadSize
 .text.NRF24_getPayloadSize
                0x0000000008000ddc       0x18 ./Core/Src/MY_NRF24.o
                0x0000000008000ddc                NRF24_getPayloadSize
 .text.NRF24_getDynamicPayloadSize
                0x0000000008000df4       0x10 ./Core/Src/MY_NRF24.o
                0x0000000008000df4                NRF24_getDynamicPayloadSize
 .text.NRF24_enableAckPayload
                0x0000000008000e04       0x5a ./Core/Src/MY_NRF24.o
                0x0000000008000e04                NRF24_enableAckPayload
 *fill*         0x0000000008000e5e        0x2 
 .text.NRF24_enableDynamicPayloads
                0x0000000008000e60       0x64 ./Core/Src/MY_NRF24.o
                0x0000000008000e60                NRF24_enableDynamicPayloads
 .text.NRF24_disableDynamicPayloads
                0x0000000008000ec4       0x30 ./Core/Src/MY_NRF24.o
                0x0000000008000ec4                NRF24_disableDynamicPayloads
 .text.NRF24_setAutoAck
                0x0000000008000ef4       0x2a ./Core/Src/MY_NRF24.o
                0x0000000008000ef4                NRF24_setAutoAck
 .text.NRF24_setPALevel
                0x0000000008000f1e       0x72 ./Core/Src/MY_NRF24.o
                0x0000000008000f1e                NRF24_setPALevel
 .text.NRF24_setDataRate
                0x0000000008000f90       0x8c ./Core/Src/MY_NRF24.o
                0x0000000008000f90                NRF24_setDataRate
 .text.NRF24_setCRCLength
                0x000000000800101c       0x50 ./Core/Src/MY_NRF24.o
                0x000000000800101c                NRF24_setCRCLength
 .text.NRF24_powerDown
                0x000000000800106c       0x1e ./Core/Src/MY_NRF24.o
                0x000000000800106c                NRF24_powerDown
 .text.NRF24_availablePipe
                0x000000000800108a       0x60 ./Core/Src/MY_NRF24.o
                0x000000000800108a                NRF24_availablePipe
 .text.NRF24_resetStatus
                0x00000000080010ea       0x10 ./Core/Src/MY_NRF24.o
                0x00000000080010ea                NRF24_resetStatus
 *fill*         0x00000000080010fa        0x2 
 .text.NRF24_ACTIVATE_cmd
                0x00000000080010fc       0x34 ./Core/Src/MY_NRF24.o
                0x00000000080010fc                NRF24_ACTIVATE_cmd
 .text.printRadioSettings
                0x0000000008001130      0x850 ./Core/Src/MY_NRF24.o
                0x0000000008001130                printRadioSettings
 .text.nrf24_DebugUART_Init
                0x0000000008001980       0x30 ./Core/Src/MY_NRF24.o
                0x0000000008001980                nrf24_DebugUART_Init
 .text.vApplicationGetIdleTaskMemory
                0x00000000080019b0       0x34 ./Core/Src/freertos.o
                0x00000000080019b0                vApplicationGetIdleTaskMemory
 .text.main     0x00000000080019e4      0x130 ./Core/Src/main.o
                0x00000000080019e4                main
 .text.SystemClock_Config
                0x0000000008001b14       0xf8 ./Core/Src/main.o
                0x0000000008001b14                SystemClock_Config
 .text.MX_FDCAN1_Init
                0x0000000008001c0c      0x168 ./Core/Src/main.o
 .text.MX_I2C4_Init
                0x0000000008001d74       0x80 ./Core/Src/main.o
 .text.MX_SPI5_Init
                0x0000000008001df4       0xac ./Core/Src/main.o
 .text.MX_TIM16_Init
                0x0000000008001ea0       0xf4 ./Core/Src/main.o
 .text.MX_TIM17_Init
                0x0000000008001f94       0xf4 ./Core/Src/main.o
 .text.MX_USART3_UART_Init
                0x0000000008002088       0x98 ./Core/Src/main.o
 .text.MX_GPIO_Init
                0x0000000008002120      0x12c ./Core/Src/main.o
 .text.startTask1
                0x000000000800224c       0xc4 ./Core/Src/main.o
                0x000000000800224c                startTask1
 .text.Tasks_Init
                0x0000000008002310       0x80 ./Core/Src/main.o
                0x0000000008002310                Tasks_Init
 .text.Task2_Init
                0x0000000008002390       0x88 ./Core/Src/main.o
                0x0000000008002390                Task2_Init
 .text.startTask2
                0x0000000008002418      0x184 ./Core/Src/main.o
                0x0000000008002418                startTask2
 .text.startTask3
                0x000000000800259c       0x8c ./Core/Src/main.o
                0x000000000800259c                startTask3
 .text.Error_Handler
                0x0000000008002628        0xa ./Core/Src/main.o
                0x0000000008002628                Error_Handler
 *fill*         0x0000000008002632        0x2 
 .text.__io_putchar
                0x0000000008002634       0x24 ./Core/Src/myprintf.o
                0x0000000008002634                __io_putchar
 .text.HAL_MspInit
                0x0000000008002658       0x3c ./Core/Src/stm32h7xx_hal_msp.o
                0x0000000008002658                HAL_MspInit
 .text.HAL_FDCAN_MspInit
                0x0000000008002694       0xcc ./Core/Src/stm32h7xx_hal_msp.o
                0x0000000008002694                HAL_FDCAN_MspInit
 .text.HAL_I2C_MspInit
                0x0000000008002760       0xcc ./Core/Src/stm32h7xx_hal_msp.o
                0x0000000008002760                HAL_I2C_MspInit
 .text.HAL_SPI_MspInit
                0x000000000800282c       0xcc ./Core/Src/stm32h7xx_hal_msp.o
                0x000000000800282c                HAL_SPI_MspInit
 .text.HAL_TIM_Base_MspInit
                0x00000000080028f8       0x74 ./Core/Src/stm32h7xx_hal_msp.o
                0x00000000080028f8                HAL_TIM_Base_MspInit
 .text.HAL_TIM_MspPostInit
                0x000000000800296c       0xc8 ./Core/Src/stm32h7xx_hal_msp.o
                0x000000000800296c                HAL_TIM_MspPostInit
 .text.HAL_UART_MspInit
                0x0000000008002a34       0xcc ./Core/Src/stm32h7xx_hal_msp.o
                0x0000000008002a34                HAL_UART_MspInit
 .text.NMI_Handler
                0x0000000008002b00        0x6 ./Core/Src/stm32h7xx_it.o
                0x0000000008002b00                NMI_Handler
 .text.HardFault_Handler
                0x0000000008002b06        0x6 ./Core/Src/stm32h7xx_it.o
                0x0000000008002b06                HardFault_Handler
 .text.MemManage_Handler
                0x0000000008002b0c        0x6 ./Core/Src/stm32h7xx_it.o
                0x0000000008002b0c                MemManage_Handler
 .text.BusFault_Handler
                0x0000000008002b12        0x6 ./Core/Src/stm32h7xx_it.o
                0x0000000008002b12                BusFault_Handler
 .text.UsageFault_Handler
                0x0000000008002b18        0x6 ./Core/Src/stm32h7xx_it.o
                0x0000000008002b18                UsageFault_Handler
 .text.DebugMon_Handler
                0x0000000008002b1e        0xe ./Core/Src/stm32h7xx_it.o
                0x0000000008002b1e                DebugMon_Handler
 .text.SysTick_Handler
                0x0000000008002b2c       0x30 ./Core/Src/stm32h7xx_it.o
                0x0000000008002b2c                SysTick_Handler
 .text._getpid  0x0000000008002b5c       0x10 ./Core/Src/syscalls.o
                0x0000000008002b5c                _getpid
 .text._kill    0x0000000008002b6c       0x20 ./Core/Src/syscalls.o
                0x0000000008002b6c                _kill
 .text._exit    0x0000000008002b8c       0x14 ./Core/Src/syscalls.o
                0x0000000008002b8c                _exit
 .text._read    0x0000000008002ba0       0x3a ./Core/Src/syscalls.o
                0x0000000008002ba0                _read
 .text._write   0x0000000008002bda       0x38 ./Core/Src/syscalls.o
                0x0000000008002bda                _write
 .text._close   0x0000000008002c12       0x18 ./Core/Src/syscalls.o
                0x0000000008002c12                _close
 .text._fstat   0x0000000008002c2a       0x20 ./Core/Src/syscalls.o
                0x0000000008002c2a                _fstat
 .text._isatty  0x0000000008002c4a       0x16 ./Core/Src/syscalls.o
                0x0000000008002c4a                _isatty
 .text._lseek   0x0000000008002c60       0x1a ./Core/Src/syscalls.o
                0x0000000008002c60                _lseek
 *fill*         0x0000000008002c7a        0x2 
 .text._sbrk    0x0000000008002c7c       0x6c ./Core/Src/sysmem.o
                0x0000000008002c7c                _sbrk
 .text.initServoTim
                0x0000000008002ce8       0x4c ./Core/Src/waypointDemo.o
                0x0000000008002ce8                initServoTim
 .text.initESCTim
                0x0000000008002d34       0x4c ./Core/Src/waypointDemo.o
                0x0000000008002d34                initESCTim
 .text.setServoAngle
                0x0000000008002d80       0x48 ./Core/Src/waypointDemo.o
                0x0000000008002d80                setServoAngle
 .text.setEscSpeed
                0x0000000008002dc8       0x24 ./Core/Src/waypointDemo.o
                0x0000000008002dc8                setEscSpeed
 .text.waypointPathEncoder
                0x0000000008002dec      0x20c ./Core/Src/waypointDemo.o
                0x0000000008002dec                waypointPathEncoder
 .text.stopCar  0x0000000008002ff8       0x16 ./Core/Src/waypointDemo.o
                0x0000000008002ff8                stopCar
 *fill*         0x000000000800300e        0x2 
 .text.Reset_Handler
                0x0000000008003010       0x50 ./Core/Startup/startup_stm32h755zitx.o
                0x0000000008003010                Reset_Handler
 .text.Default_Handler
                0x0000000008003060        0x2 ./Core/Startup/startup_stm32h755zitx.o
                0x0000000008003060                RTC_Alarm_IRQHandler
                0x0000000008003060                HASH_RNG_IRQHandler
                0x0000000008003060                EXTI2_IRQHandler
                0x0000000008003060                TIM8_CC_IRQHandler
                0x0000000008003060                HRTIM1_Master_IRQHandler
                0x0000000008003060                UART8_IRQHandler
                0x0000000008003060                SPI4_IRQHandler
                0x0000000008003060                TIM1_CC_IRQHandler
                0x0000000008003060                BDMA_Channel6_IRQHandler
                0x0000000008003060                DMA2_Stream5_IRQHandler
                0x0000000008003060                HRTIM1_FLT_IRQHandler
                0x0000000008003060                JPEG_IRQHandler
                0x0000000008003060                DMA1_Stream5_IRQHandler
                0x0000000008003060                BDMA_Channel1_IRQHandler
                0x0000000008003060                HRTIM1_TIMD_IRQHandler
                0x0000000008003060                TAMP_STAMP_IRQHandler
                0x0000000008003060                EXTI3_IRQHandler
                0x0000000008003060                LPTIM4_IRQHandler
                0x0000000008003060                TIM8_TRG_COM_TIM14_IRQHandler
                0x0000000008003060                LPTIM2_IRQHandler
                0x0000000008003060                DFSDM1_FLT1_IRQHandler
                0x0000000008003060                DMAMUX2_OVR_IRQHandler
                0x0000000008003060                TIM8_UP_TIM13_IRQHandler
                0x0000000008003060                I2C3_ER_IRQHandler
                0x0000000008003060                DFSDM1_FLT2_IRQHandler
                0x0000000008003060                MDMA_IRQHandler
                0x0000000008003060                LPTIM3_IRQHandler
                0x0000000008003060                HSEM1_IRQHandler
                0x0000000008003060                EXTI0_IRQHandler
                0x0000000008003060                I2C2_EV_IRQHandler
                0x0000000008003060                DMA1_Stream2_IRQHandler
                0x0000000008003060                FPU_IRQHandler
                0x0000000008003060                OTG_HS_WKUP_IRQHandler
                0x0000000008003060                FDCAN1_IT1_IRQHandler
                0x0000000008003060                LTDC_ER_IRQHandler
                0x0000000008003060                DMA2_Stream2_IRQHandler
                0x0000000008003060                HRTIM1_TIME_IRQHandler
                0x0000000008003060                SPI1_IRQHandler
                0x0000000008003060                TIM6_DAC_IRQHandler
                0x0000000008003060                DCMI_IRQHandler
                0x0000000008003060                HRTIM1_TIMC_IRQHandler
                0x0000000008003060                DMA2_Stream3_IRQHandler
                0x0000000008003060                SAI2_IRQHandler
                0x0000000008003060                DFSDM1_FLT3_IRQHandler
                0x0000000008003060                USART6_IRQHandler
                0x0000000008003060                TIM17_IRQHandler
                0x0000000008003060                USART3_IRQHandler
                0x0000000008003060                BDMA_Channel7_IRQHandler
                0x0000000008003060                CRYP_IRQHandler
                0x0000000008003060                LPTIM5_IRQHandler
                0x0000000008003060                UART5_IRQHandler
                0x0000000008003060                ADC3_IRQHandler
                0x0000000008003060                DMA2_Stream0_IRQHandler
                0x0000000008003060                TIM4_IRQHandler
                0x0000000008003060                BDMA_Channel2_IRQHandler
                0x0000000008003060                QUADSPI_IRQHandler
                0x0000000008003060                I2C1_EV_IRQHandler
                0x0000000008003060                DMA1_Stream6_IRQHandler
                0x0000000008003060                DMAMUX1_OVR_IRQHandler
                0x0000000008003060                DMA1_Stream1_IRQHandler
                0x0000000008003060                TIM16_IRQHandler
                0x0000000008003060                UART4_IRQHandler
                0x0000000008003060                BDMA_Channel5_IRQHandler
                0x0000000008003060                TIM3_IRQHandler
                0x0000000008003060                RCC_IRQHandler
                0x0000000008003060                TIM8_BRK_TIM12_IRQHandler
                0x0000000008003060                TIM1_TRG_COM_IRQHandler
                0x0000000008003060                Default_Handler
                0x0000000008003060                ECC_IRQHandler
                0x0000000008003060                CEC_IRQHandler
                0x0000000008003060                EXTI15_10_IRQHandler
                0x0000000008003060                BDMA_Channel0_IRQHandler
                0x0000000008003060                ADC_IRQHandler
                0x0000000008003060                DMA1_Stream7_IRQHandler
                0x0000000008003060                HRTIM1_TIMA_IRQHandler
                0x0000000008003060                SPI5_IRQHandler
                0x0000000008003060                TIM7_IRQHandler
                0x0000000008003060                SDMMC1_IRQHandler
                0x0000000008003060                TIM5_IRQHandler
                0x0000000008003060                DMA2_Stream7_IRQHandler
                0x0000000008003060                TIM15_IRQHandler
                0x0000000008003060                PVD_AVD_IRQHandler
                0x0000000008003060                I2C3_EV_IRQHandler
                0x0000000008003060                EXTI9_5_IRQHandler
                0x0000000008003060                RTC_WKUP_IRQHandler
                0x0000000008003060                LTDC_IRQHandler
                0x0000000008003060                SAI3_IRQHandler
                0x0000000008003060                ETH_WKUP_IRQHandler
                0x0000000008003060                SPDIF_RX_IRQHandler
                0x0000000008003060                SPI2_IRQHandler
                0x0000000008003060                OTG_HS_EP1_IN_IRQHandler
                0x0000000008003060                DMA1_Stream0_IRQHandler
                0x0000000008003060                CRS_IRQHandler
                0x0000000008003060                CM7_SEV_IRQHandler
                0x0000000008003060                EXTI4_IRQHandler
                0x0000000008003060                CM4_SEV_IRQHandler
                0x0000000008003060                HRTIM1_TIMB_IRQHandler
                0x0000000008003060                FDCAN2_IT1_IRQHandler
                0x0000000008003060                ETH_IRQHandler
                0x0000000008003060                TIM1_UP_IRQHandler
                0x0000000008003060                WWDG_RST_IRQHandler
                0x0000000008003060                BDMA_Channel4_IRQHandler
                0x0000000008003060                OTG_HS_EP1_OUT_IRQHandler
                0x0000000008003060                WWDG_IRQHandler
                0x0000000008003060                SPI6_IRQHandler
                0x0000000008003060                MDIOS_IRQHandler
                0x0000000008003060                I2C4_EV_IRQHandler
                0x0000000008003060                FDCAN2_IT0_IRQHandler
                0x0000000008003060                LPUART1_IRQHandler
                0x0000000008003060                FDCAN1_IT0_IRQHandler
                0x0000000008003060                TIM2_IRQHandler
                0x0000000008003060                OTG_FS_WKUP_IRQHandler
                0x0000000008003060                OTG_HS_IRQHandler
                0x0000000008003060                HSEM2_IRQHandler
                0x0000000008003060                DMA2D_IRQHandler
                0x0000000008003060                TIM1_BRK_IRQHandler
                0x0000000008003060                EXTI1_IRQHandler
                0x0000000008003060                SDMMC2_IRQHandler
                0x0000000008003060                OTG_FS_EP1_OUT_IRQHandler
                0x0000000008003060                BDMA_Channel3_IRQHandler
                0x0000000008003060                HOLD_CORE_IRQHandler
                0x0000000008003060                UART7_IRQHandler
                0x0000000008003060                MDIOS_WKUP_IRQHandler
                0x0000000008003060                USART2_IRQHandler
                0x0000000008003060                DFSDM1_FLT0_IRQHandler
                0x0000000008003060                SAI4_IRQHandler
                0x0000000008003060                I2C2_ER_IRQHandler
                0x0000000008003060                DMA2_Stream1_IRQHandler
                0x0000000008003060                FLASH_IRQHandler
                0x0000000008003060                DMA2_Stream4_IRQHandler
                0x0000000008003060                USART1_IRQHandler
                0x0000000008003060                OTG_FS_IRQHandler
                0x0000000008003060                SPI3_IRQHandler
                0x0000000008003060                WAKEUP_PIN_IRQHandler
                0x0000000008003060                DMA1_Stream4_IRQHandler
                0x0000000008003060                OTG_FS_EP1_IN_IRQHandler
                0x0000000008003060                I2C1_ER_IRQHandler
                0x0000000008003060                FMC_IRQHandler
                0x0000000008003060                FDCAN_CAL_IRQHandler
                0x0000000008003060                SWPMI1_IRQHandler
                0x0000000008003060                COMP1_IRQHandler
                0x0000000008003060                LPTIM1_IRQHandler
                0x0000000008003060                I2C4_ER_IRQHandler
                0x0000000008003060                DMA2_Stream6_IRQHandler
                0x0000000008003060                SAI1_IRQHandler
                0x0000000008003060                DMA1_Stream3_IRQHandler
 *fill*         0x0000000008003062        0x2 
 .text.HAL_Init
                0x0000000008003064       0x78 ./Drivers/STM32H7xx_HAL_Driver/stm32h7xx_hal.o
                0x0000000008003064                HAL_Init
 .text.HAL_InitTick
                0x00000000080030dc       0x6c ./Drivers/STM32H7xx_HAL_Driver/stm32h7xx_hal.o
                0x00000000080030dc                HAL_InitTick
 .text.HAL_IncTick
                0x0000000008003148       0x28 ./Drivers/STM32H7xx_HAL_Driver/stm32h7xx_hal.o
                0x0000000008003148                HAL_IncTick
 .text.HAL_GetTick
                0x0000000008003170       0x18 ./Drivers/STM32H7xx_HAL_Driver/stm32h7xx_hal.o
                0x0000000008003170                HAL_GetTick
 .text.HAL_Delay
                0x0000000008003188       0x48 ./Drivers/STM32H7xx_HAL_Driver/stm32h7xx_hal.o
                0x0000000008003188                HAL_Delay
 .text.HAL_GetREVID
                0x00000000080031d0       0x18 ./Drivers/STM32H7xx_HAL_Driver/stm32h7xx_hal.o
                0x00000000080031d0                HAL_GetREVID
 .text.__NVIC_SetPriorityGrouping
                0x00000000080031e8       0x48 ./Drivers/STM32H7xx_HAL_Driver/stm32h7xx_hal_cortex.o
 .text.__NVIC_GetPriorityGrouping
                0x0000000008003230       0x1c ./Drivers/STM32H7xx_HAL_Driver/stm32h7xx_hal_cortex.o
 .text.__NVIC_SetPriority
                0x000000000800324c       0x54 ./Drivers/STM32H7xx_HAL_Driver/stm32h7xx_hal_cortex.o
 .text.NVIC_EncodePriority
                0x00000000080032a0       0x66 ./Drivers/STM32H7xx_HAL_Driver/stm32h7xx_hal_cortex.o
 *fill*         0x0000000008003306        0x2 
 .text.SysTick_Config
                0x0000000008003308       0x44 ./Drivers/STM32H7xx_HAL_Driver/stm32h7xx_hal_cortex.o
 .text.HAL_NVIC_SetPriorityGrouping
                0x000000000800334c       0x16 ./Drivers/STM32H7xx_HAL_Driver/stm32h7xx_hal_cortex.o
                0x000000000800334c                HAL_NVIC_SetPriorityGrouping
 .text.HAL_NVIC_SetPriority
                0x0000000008003362       0x34 ./Drivers/STM32H7xx_HAL_Driver/stm32h7xx_hal_cortex.o
                0x0000000008003362                HAL_NVIC_SetPriority
 .text.HAL_SYSTICK_Config
                0x0000000008003396       0x18 ./Drivers/STM32H7xx_HAL_Driver/stm32h7xx_hal_cortex.o
                0x0000000008003396                HAL_SYSTICK_Config
 *fill*         0x00000000080033ae        0x2 
 .text.HAL_FDCAN_Init
                0x00000000080033b0      0x3bc ./Drivers/STM32H7xx_HAL_Driver/stm32h7xx_hal_fdcan.o
                0x00000000080033b0                HAL_FDCAN_Init
 .text.HAL_FDCAN_ConfigFilter
                0x000000000800376c       0xec ./Drivers/STM32H7xx_HAL_Driver/stm32h7xx_hal_fdcan.o
                0x000000000800376c                HAL_FDCAN_ConfigFilter
 .text.HAL_FDCAN_ConfigGlobalFilter
                0x0000000008003858       0x5a ./Drivers/STM32H7xx_HAL_Driver/stm32h7xx_hal_fdcan.o
                0x0000000008003858                HAL_FDCAN_ConfigGlobalFilter
 .text.HAL_FDCAN_Start
                0x00000000080038b2       0x56 ./Drivers/STM32H7xx_HAL_Driver/stm32h7xx_hal_fdcan.o
                0x00000000080038b2                HAL_FDCAN_Start
 .text.HAL_FDCAN_GetRxMessage
                0x0000000008003908      0x2dc ./Drivers/STM32H7xx_HAL_Driver/stm32h7xx_hal_fdcan.o
                0x0000000008003908                HAL_FDCAN_GetRxMessage
 .text.HAL_FDCAN_ActivateNotification
                0x0000000008003be4       0xf4 ./Drivers/STM32H7xx_HAL_Driver/stm32h7xx_hal_fdcan.o
                0x0000000008003be4                HAL_FDCAN_ActivateNotification
 .text.FDCAN_CalcultateRamBlockAddresses
                0x0000000008003cd8      0x30c ./Drivers/STM32H7xx_HAL_Driver/stm32h7xx_hal_fdcan.o
 .text.HAL_GPIO_Init
                0x0000000008003fe4      0x360 ./Drivers/STM32H7xx_HAL_Driver/stm32h7xx_hal_gpio.o
                0x0000000008003fe4                HAL_GPIO_Init
 .text.HAL_GPIO_WritePin
                0x0000000008004344       0x32 ./Drivers/STM32H7xx_HAL_Driver/stm32h7xx_hal_gpio.o
                0x0000000008004344                HAL_GPIO_WritePin
 .text.HAL_GPIO_TogglePin
                0x0000000008004376       0x34 ./Drivers/STM32H7xx_HAL_Driver/stm32h7xx_hal_gpio.o
                0x0000000008004376                HAL_GPIO_TogglePin
 *fill*         0x00000000080043aa        0x2 
 .text.HAL_HSEM_FastTake
                0x00000000080043ac       0x34 ./Drivers/STM32H7xx_HAL_Driver/stm32h7xx_hal_hsem.o
                0x00000000080043ac                HAL_HSEM_FastTake
 .text.HAL_HSEM_Release
                0x00000000080043e0       0x28 ./Drivers/STM32H7xx_HAL_Driver/stm32h7xx_hal_hsem.o
                0x00000000080043e0                HAL_HSEM_Release
 .text.HAL_I2C_Init
                0x0000000008004408      0x120 ./Drivers/STM32H7xx_HAL_Driver/stm32h7xx_hal_i2c.o
                0x0000000008004408                HAL_I2C_Init
 .text.HAL_I2CEx_ConfigAnalogFilter
                0x0000000008004528       0x96 ./Drivers/STM32H7xx_HAL_Driver/stm32h7xx_hal_i2c_ex.o
                0x0000000008004528                HAL_I2CEx_ConfigAnalogFilter
 .text.HAL_I2CEx_ConfigDigitalFilter
                0x00000000080045be       0x98 ./Drivers/STM32H7xx_HAL_Driver/stm32h7xx_hal_i2c_ex.o
                0x00000000080045be                HAL_I2CEx_ConfigDigitalFilter
 *fill*         0x0000000008004656        0x2 
 .text.HAL_PWREx_ConfigSupply
                0x0000000008004658       0xb4 ./Drivers/STM32H7xx_HAL_Driver/stm32h7xx_hal_pwr_ex.o
                0x0000000008004658                HAL_PWREx_ConfigSupply
 .text.HAL_RCC_OscConfig
                0x000000000800470c      0x85c ./Drivers/STM32H7xx_HAL_Driver/stm32h7xx_hal_rcc.o
                0x000000000800470c                HAL_RCC_OscConfig
 .text.HAL_RCC_ClockConfig
                0x0000000008004f68      0x36c ./Drivers/STM32H7xx_HAL_Driver/stm32h7xx_hal_rcc.o
                0x0000000008004f68                HAL_RCC_ClockConfig
 .text.HAL_RCC_GetSysClockFreq
                0x00000000080052d4      0x2f4 ./Drivers/STM32H7xx_HAL_Driver/stm32h7xx_hal_rcc.o
                0x00000000080052d4                HAL_RCC_GetSysClockFreq
 .text.HAL_RCC_GetHCLKFreq
                0x00000000080055c8       0x60 ./Drivers/STM32H7xx_HAL_Driver/stm32h7xx_hal_rcc.o
                0x00000000080055c8                HAL_RCC_GetHCLKFreq
 .text.HAL_RCC_GetPCLK1Freq
                0x0000000008005628       0x2c ./Drivers/STM32H7xx_HAL_Driver/stm32h7xx_hal_rcc.o
                0x0000000008005628                HAL_RCC_GetPCLK1Freq
 .text.HAL_RCC_GetPCLK2Freq
                0x0000000008005654       0x2c ./Drivers/STM32H7xx_HAL_Driver/stm32h7xx_hal_rcc.o
                0x0000000008005654                HAL_RCC_GetPCLK2Freq
 .text.HAL_RCCEx_PeriphCLKConfig
                0x0000000008005680      0xe8c ./Drivers/STM32H7xx_HAL_Driver/stm32h7xx_hal_rcc_ex.o
                0x0000000008005680                HAL_RCCEx_PeriphCLKConfig
 .text.HAL_RCCEx_GetD3PCLK1Freq
                0x000000000800650c       0x2c ./Drivers/STM32H7xx_HAL_Driver/stm32h7xx_hal_rcc_ex.o
                0x000000000800650c                HAL_RCCEx_GetD3PCLK1Freq
 .text.HAL_RCCEx_GetPLL2ClockFreq
                0x0000000008006538      0x2a8 ./Drivers/STM32H7xx_HAL_Driver/stm32h7xx_hal_rcc_ex.o
                0x0000000008006538                HAL_RCCEx_GetPLL2ClockFreq
 .text.HAL_RCCEx_GetPLL3ClockFreq
                0x00000000080067e0      0x2a8 ./Drivers/STM32H7xx_HAL_Driver/stm32h7xx_hal_rcc_ex.o
                0x00000000080067e0                HAL_RCCEx_GetPLL3ClockFreq
 .text.RCCEx_PLL2_Config
                0x0000000008006a88      0x164 ./Drivers/STM32H7xx_HAL_Driver/stm32h7xx_hal_rcc_ex.o
 .text.RCCEx_PLL3_Config
                0x0000000008006bec      0x164 ./Drivers/STM32H7xx_HAL_Driver/stm32h7xx_hal_rcc_ex.o
 .text.HAL_SPI_Init
                0x0000000008006d50      0x20c ./Drivers/STM32H7xx_HAL_Driver/stm32h7xx_hal_spi.o
                0x0000000008006d50                HAL_SPI_Init
 .text.HAL_SPI_Transmit
                0x0000000008006f5c      0x3e4 ./Drivers/STM32H7xx_HAL_Driver/stm32h7xx_hal_spi.o
                0x0000000008006f5c                HAL_SPI_Transmit
 .text.HAL_SPI_Receive
                0x0000000008007340      0x338 ./Drivers/STM32H7xx_HAL_Driver/stm32h7xx_hal_spi.o
                0x0000000008007340                HAL_SPI_Receive
 .text.HAL_SPI_TransmitReceive
                0x0000000008007678      0x450 ./Drivers/STM32H7xx_HAL_Driver/stm32h7xx_hal_spi.o
                0x0000000008007678                HAL_SPI_TransmitReceive
 .text.SPI_CloseTransfer
                0x0000000008007ac8      0x140 ./Drivers/STM32H7xx_HAL_Driver/stm32h7xx_hal_spi.o
 .text.SPI_WaitOnFlagUntilTimeout
                0x0000000008007c08       0x5c ./Drivers/STM32H7xx_HAL_Driver/stm32h7xx_hal_spi.o
 .text.SPI_GetPacketSize
                0x0000000008007c64       0x36 ./Drivers/STM32H7xx_HAL_Driver/stm32h7xx_hal_spi.o
 .text.HAL_TIM_Base_Init
                0x0000000008007c9a       0xae ./Drivers/STM32H7xx_HAL_Driver/stm32h7xx_hal_tim.o
                0x0000000008007c9a                HAL_TIM_Base_Init
 .text.HAL_TIM_PWM_Init
                0x0000000008007d48       0xae ./Drivers/STM32H7xx_HAL_Driver/stm32h7xx_hal_tim.o
                0x0000000008007d48                HAL_TIM_PWM_Init
 .text.HAL_TIM_PWM_MspInit
                0x0000000008007df6       0x14 ./Drivers/STM32H7xx_HAL_Driver/stm32h7xx_hal_tim.o
                0x0000000008007df6                HAL_TIM_PWM_MspInit
 *fill*         0x0000000008007e0a        0x2 
 .text.HAL_TIM_PWM_Start
                0x0000000008007e0c      0x21c ./Drivers/STM32H7xx_HAL_Driver/stm32h7xx_hal_tim.o
                0x0000000008007e0c                HAL_TIM_PWM_Start
 .text.HAL_TIM_PWM_ConfigChannel
                0x0000000008008028      0x228 ./Drivers/STM32H7xx_HAL_Driver/stm32h7xx_hal_tim.o
                0x0000000008008028                HAL_TIM_PWM_ConfigChannel
 .text.TIM_Base_SetConfig
                0x0000000008008250      0x134 ./Drivers/STM32H7xx_HAL_Driver/stm32h7xx_hal_tim.o
                0x0000000008008250                TIM_Base_SetConfig
 .text.TIM_OC1_SetConfig
                0x0000000008008384      0x120 ./Drivers/STM32H7xx_HAL_Driver/stm32h7xx_hal_tim.o
 .text.TIM_OC2_SetConfig
                0x00000000080084a4      0x114 ./Drivers/STM32H7xx_HAL_Driver/stm32h7xx_hal_tim.o
                0x00000000080084a4                TIM_OC2_SetConfig
 .text.TIM_OC3_SetConfig
                0x00000000080085b8      0x110 ./Drivers/STM32H7xx_HAL_Driver/stm32h7xx_hal_tim.o
 .text.TIM_OC4_SetConfig
                0x00000000080086c8       0xd4 ./Drivers/STM32H7xx_HAL_Driver/stm32h7xx_hal_tim.o
 .text.TIM_OC5_SetConfig
                0x000000000800879c       0xc8 ./Drivers/STM32H7xx_HAL_Driver/stm32h7xx_hal_tim.o
 .text.TIM_OC6_SetConfig
                0x0000000008008864       0xcc ./Drivers/STM32H7xx_HAL_Driver/stm32h7xx_hal_tim.o
 .text.TIM_CCxChannelCmd
                0x0000000008008930       0x4a ./Drivers/STM32H7xx_HAL_Driver/stm32h7xx_hal_tim.o
                0x0000000008008930                TIM_CCxChannelCmd
 *fill*         0x000000000800897a        0x2 
 .text.HAL_TIMEx_ConfigBreakDeadTime
                0x000000000800897c       0xfc ./Drivers/STM32H7xx_HAL_Driver/stm32h7xx_hal_tim_ex.o
                0x000000000800897c                HAL_TIMEx_ConfigBreakDeadTime
 .text.HAL_UART_Init
                0x0000000008008a78       0xa0 ./Drivers/STM32H7xx_HAL_Driver/stm32h7xx_hal_uart.o
                0x0000000008008a78                HAL_UART_Init
 .text.HAL_UART_Transmit
                0x0000000008008b18      0x12c ./Drivers/STM32H7xx_HAL_Driver/stm32h7xx_hal_uart.o
                0x0000000008008b18                HAL_UART_Transmit
 .text.UART_SetConfig
                0x0000000008008c44      0xad0 ./Drivers/STM32H7xx_HAL_Driver/stm32h7xx_hal_uart.o
                0x0000000008008c44                UART_SetConfig
 .text.UART_AdvFeatureConfig
                0x0000000008009714      0x144 ./Drivers/STM32H7xx_HAL_Driver/stm32h7xx_hal_uart.o
                0x0000000008009714                UART_AdvFeatureConfig
 .text.UART_CheckIdleState
                0x0000000008009858       0x96 ./Drivers/STM32H7xx_HAL_Driver/stm32h7xx_hal_uart.o
                0x0000000008009858                UART_CheckIdleState
 .text.UART_WaitOnFlagUntilTimeout
                0x00000000080098ee      0x190 ./Drivers/STM32H7xx_HAL_Driver/stm32h7xx_hal_uart.o
                0x00000000080098ee                UART_WaitOnFlagUntilTimeout
 .text.HAL_UARTEx_DisableFifoMode
                0x0000000008009a7e       0x72 ./Drivers/STM32H7xx_HAL_Driver/stm32h7xx_hal_uart_ex.o
                0x0000000008009a7e                HAL_UARTEx_DisableFifoMode
 .text.HAL_UARTEx_SetTxFifoThreshold
                0x0000000008009af0       0x7c ./Drivers/STM32H7xx_HAL_Driver/stm32h7xx_hal_uart_ex.o
                0x0000000008009af0                HAL_UARTEx_SetTxFifoThreshold
 .text.HAL_UARTEx_SetRxFifoThreshold
                0x0000000008009b6c       0x7c ./Drivers/STM32H7xx_HAL_Driver/stm32h7xx_hal_uart_ex.o
                0x0000000008009b6c                HAL_UARTEx_SetRxFifoThreshold
 .text.UARTEx_SetNbDataToProcess
                0x0000000008009be8       0x9c ./Drivers/STM32H7xx_HAL_Driver/stm32h7xx_hal_uart_ex.o
 .text.makeFreeRtosPriority
                0x0000000008009c84       0x30 ./Middlewares/Third_Party/FreeRTOS/cmsis_os.o
 .text.inHandlerMode
                0x0000000008009cb4       0x24 ./Middlewares/Third_Party/FreeRTOS/cmsis_os.o
 .text.osKernelStart
                0x0000000008009cd8        0xe ./Middlewares/Third_Party/FreeRTOS/cmsis_os.o
                0x0000000008009cd8                osKernelStart
 .text.osThreadCreate
                0x0000000008009ce6       0x98 ./Middlewares/Third_Party/FreeRTOS/cmsis_os.o
                0x0000000008009ce6                osThreadCreate
 .text.osDelay  0x0000000008009d7e       0x28 ./Middlewares/Third_Party/FreeRTOS/cmsis_os.o
                0x0000000008009d7e                osDelay
 .text.osMutexCreate
                0x0000000008009da6       0x30 ./Middlewares/Third_Party/FreeRTOS/cmsis_os.o
                0x0000000008009da6                osMutexCreate
 *fill*         0x0000000008009dd6        0x2 
 .text.osMutexWait
                0x0000000008009dd8       0x9c ./Middlewares/Third_Party/FreeRTOS/cmsis_os.o
                0x0000000008009dd8                osMutexWait
 .text.osMutexRelease
                0x0000000008009e74       0x6c ./Middlewares/Third_Party/FreeRTOS/cmsis_os.o
                0x0000000008009e74                osMutexRelease
 .text.osMessageCreate
                0x0000000008009ee0       0x50 ./Middlewares/Third_Party/FreeRTOS/cmsis_os.o
                0x0000000008009ee0                osMessageCreate
 .text.osMessagePut
                0x0000000008009f30       0x80 ./Middlewares/Third_Party/FreeRTOS/cmsis_os.o
                0x0000000008009f30                osMessagePut
 .text.osMessageGet
                0x0000000008009fb0       0xe8 ./Middlewares/Third_Party/FreeRTOS/cmsis_os.o
                0x0000000008009fb0                osMessageGet
 .text.pvPortMalloc
                0x000000000800a098      0x198 ./Middlewares/Third_Party/FreeRTOS/heap_4.o
                0x000000000800a098                pvPortMalloc
 .text.vPortFree
                0x000000000800a230       0xc4 ./Middlewares/Third_Party/FreeRTOS/heap_4.o
                0x000000000800a230                vPortFree
 .text.prvHeapInit
                0x000000000800a2f4       0xc4 ./Middlewares/Third_Party/FreeRTOS/heap_4.o
 .text.prvInsertBlockIntoFreeList
                0x000000000800a3b8       0xb4 ./Middlewares/Third_Party/FreeRTOS/heap_4.o
 .text.vListInitialise
                0x000000000800a46c       0x40 ./Middlewares/Third_Party/FreeRTOS/list.o
                0x000000000800a46c                vListInitialise
 .text.vListInitialiseItem
                0x000000000800a4ac       0x1a ./Middlewares/Third_Party/FreeRTOS/list.o
                0x000000000800a4ac                vListInitialiseItem
 .text.vListInsertEnd
                0x000000000800a4c6       0x48 ./Middlewares/Third_Party/FreeRTOS/list.o
                0x000000000800a4c6                vListInsertEnd
 .text.vListInsert
                0x000000000800a50e       0x72 ./Middlewares/Third_Party/FreeRTOS/list.o
                0x000000000800a50e                vListInsert
 .text.uxListRemove
                0x000000000800a580       0x54 ./Middlewares/Third_Party/FreeRTOS/list.o
                0x000000000800a580                uxListRemove
 .text.pxPortInitialiseStack
                0x000000000800a5d4       0x68 ./Middlewares/Third_Party/FreeRTOS/port.o
                0x000000000800a5d4                pxPortInitialiseStack
 .text.prvTaskExitError
                0x000000000800a63c       0x58 ./Middlewares/Third_Party/FreeRTOS/port.o
 *fill*         0x000000000800a694        0xc 
 .text.SVC_Handler
                0x000000000800a6a0       0x28 ./Middlewares/Third_Party/FreeRTOS/port.o
                0x000000000800a6a0                SVC_Handler
 .text.prvPortStartFirstTask
                0x000000000800a6c8       0x28 ./Middlewares/Third_Party/FreeRTOS/port.o
 .text.xPortStartScheduler
                0x000000000800a6f0      0x144 ./Middlewares/Third_Party/FreeRTOS/port.o
                0x000000000800a6f0                xPortStartScheduler
 .text.vPortEnterCritical
                0x000000000800a834       0x60 ./Middlewares/Third_Party/FreeRTOS/port.o
                0x000000000800a834                vPortEnterCritical
 .text.vPortExitCritical
                0x000000000800a894       0x54 ./Middlewares/Third_Party/FreeRTOS/port.o
                0x000000000800a894                vPortExitCritical
 *fill*         0x000000000800a8e8        0x8 
 .text.PendSV_Handler
                0x000000000800a8f0       0x68 ./Middlewares/Third_Party/FreeRTOS/port.o
                0x000000000800a8f0                PendSV_Handler
 .text.xPortSysTickHandler
                0x000000000800a958       0x44 ./Middlewares/Third_Party/FreeRTOS/port.o
                0x000000000800a958                xPortSysTickHandler
 .text.vPortSetupTimerInterrupt
                0x000000000800a99c       0x48 ./Middlewares/Third_Party/FreeRTOS/port.o
                0x000000000800a99c                vPortSetupTimerInterrupt
 .text.vPortEnableVFP
                0x000000000800a9e4       0x14 ./Middlewares/Third_Party/FreeRTOS/port.o
 .text.vPortValidateInterruptPriority
                0x000000000800a9f8       0x80 ./Middlewares/Third_Party/FreeRTOS/port.o
                0x000000000800a9f8                vPortValidateInterruptPriority
 .text.xQueueGenericReset
                0x000000000800aa78       0xd0 ./Middlewares/Third_Party/FreeRTOS/queue.o
                0x000000000800aa78                xQueueGenericReset
 .text.xQueueGenericCreateStatic
                0x000000000800ab48       0xf0 ./Middlewares/Third_Party/FreeRTOS/queue.o
                0x000000000800ab48                xQueueGenericCreateStatic
 .text.xQueueGenericCreate
                0x000000000800ac38       0x74 ./Middlewares/Third_Party/FreeRTOS/queue.o
                0x000000000800ac38                xQueueGenericCreate
 .text.prvInitialiseNewQueue
                0x000000000800acac       0x3e ./Middlewares/Third_Party/FreeRTOS/queue.o
 .text.prvInitialiseMutex
                0x000000000800acea       0x34 ./Middlewares/Third_Party/FreeRTOS/queue.o
 .text.xQueueCreateMutex
                0x000000000800ad1e       0x30 ./Middlewares/Third_Party/FreeRTOS/queue.o
                0x000000000800ad1e                xQueueCreateMutex
 .text.xQueueCreateMutexStatic
                0x000000000800ad4e       0x36 ./Middlewares/Third_Party/FreeRTOS/queue.o
                0x000000000800ad4e                xQueueCreateMutexStatic
 .text.xQueueGenericSend
                0x000000000800ad84      0x1fc ./Middlewares/Third_Party/FreeRTOS/queue.o
                0x000000000800ad84                xQueueGenericSend
 .text.xQueueGenericSendFromISR
                0x000000000800af80      0x136 ./Middlewares/Third_Party/FreeRTOS/queue.o
                0x000000000800af80                xQueueGenericSendFromISR
 .text.xQueueGiveFromISR
                0x000000000800b0b6      0x11a ./Middlewares/Third_Party/FreeRTOS/queue.o
                0x000000000800b0b6                xQueueGiveFromISR
 .text.xQueueReceive
                0x000000000800b1d0      0x1c0 ./Middlewares/Third_Party/FreeRTOS/queue.o
                0x000000000800b1d0                xQueueReceive
 .text.xQueueSemaphoreTake
                0x000000000800b390      0x218 ./Middlewares/Third_Party/FreeRTOS/queue.o
                0x000000000800b390                xQueueSemaphoreTake
 .text.xQueueReceiveFromISR
                0x000000000800b5a8      0x100 ./Middlewares/Third_Party/FreeRTOS/queue.o
                0x000000000800b5a8                xQueueReceiveFromISR
 .text.prvGetDisinheritPriorityAfterTimeout
                0x000000000800b6a8       0x30 ./Middlewares/Third_Party/FreeRTOS/queue.o
 .text.prvCopyDataToQueue
                0x000000000800b6d8       0xd4 ./Middlewares/Third_Party/FreeRTOS/queue.o
 .text.prvCopyDataFromQueue
                0x000000000800b7ac       0x4c ./Middlewares/Third_Party/FreeRTOS/queue.o
 .text.prvUnlockQueue
                0x000000000800b7f8       0xa4 ./Middlewares/Third_Party/FreeRTOS/queue.o
 .text.prvIsQueueEmpty
                0x000000000800b89c       0x2c ./Middlewares/Third_Party/FreeRTOS/queue.o
 .text.prvIsQueueFull
                0x000000000800b8c8       0x30 ./Middlewares/Third_Party/FreeRTOS/queue.o
 .text.xTaskCreateStatic
                0x000000000800b8f8       0xba ./Middlewares/Third_Party/FreeRTOS/tasks.o
                0x000000000800b8f8                xTaskCreateStatic
 .text.xTaskCreate
                0x000000000800b9b2       0x8a ./Middlewares/Third_Party/FreeRTOS/tasks.o
                0x000000000800b9b2                xTaskCreate
 .text.prvInitialiseNewTask
                0x000000000800ba3c      0x10e ./Middlewares/Third_Party/FreeRTOS/tasks.o
 *fill*         0x000000000800bb4a        0x2 
 .text.prvAddNewTaskToReadyList
                0x000000000800bb4c       0xd4 ./Middlewares/Third_Party/FreeRTOS/tasks.o
 .text.vTaskDelay
                0x000000000800bc20       0x68 ./Middlewares/Third_Party/FreeRTOS/tasks.o
                0x000000000800bc20                vTaskDelay
 .text.vTaskStartScheduler
                0x000000000800bc88       0xc0 ./Middlewares/Third_Party/FreeRTOS/tasks.o
                0x000000000800bc88                vTaskStartScheduler
 .text.vTaskSuspendAll
                0x000000000800bd48       0x1c ./Middlewares/Third_Party/FreeRTOS/tasks.o
                0x000000000800bd48                vTaskSuspendAll
 .text.xTaskResumeAll
                0x000000000800bd64      0x138 ./Middlewares/Third_Party/FreeRTOS/tasks.o
                0x000000000800bd64                xTaskResumeAll
 .text.xTaskIncrementTick
                0x000000000800be9c      0x170 ./Middlewares/Third_Party/FreeRTOS/tasks.o
                0x000000000800be9c                xTaskIncrementTick
 .text.vTaskSwitchContext
                0x000000000800c00c       0xb8 ./Middlewares/Third_Party/FreeRTOS/tasks.o
                0x000000000800c00c                vTaskSwitchContext
 .text.vTaskPlaceOnEventList
                0x000000000800c0c4       0x48 ./Middlewares/Third_Party/FreeRTOS/tasks.o
                0x000000000800c0c4                vTaskPlaceOnEventList
 .text.xTaskRemoveFromEventList
                0x000000000800c10c       0xc4 ./Middlewares/Third_Party/FreeRTOS/tasks.o
                0x000000000800c10c                xTaskRemoveFromEventList
 .text.vTaskInternalSetTimeOutState
                0x000000000800c1d0       0x2c ./Middlewares/Third_Party/FreeRTOS/tasks.o
                0x000000000800c1d0                vTaskInternalSetTimeOutState
 .text.xTaskCheckForTimeOut
                0x000000000800c1fc       0xc4 ./Middlewares/Third_Party/FreeRTOS/tasks.o
                0x000000000800c1fc                xTaskCheckForTimeOut
 .text.vTaskMissedYield
                0x000000000800c2c0       0x18 ./Middlewares/Third_Party/FreeRTOS/tasks.o
                0x000000000800c2c0                vTaskMissedYield
 .text.prvIdleTask
                0x000000000800c2d8       0x30 ./Middlewares/Third_Party/FreeRTOS/tasks.o
 .text.prvInitialiseTaskLists
                0x000000000800c308       0x80 ./Middlewares/Third_Party/FreeRTOS/tasks.o
 .text.prvCheckTasksWaitingTermination
                0x000000000800c388       0x5c ./Middlewares/Third_Party/FreeRTOS/tasks.o
 .text.prvDeleteTCB
                0x000000000800c3e4       0x5e ./Middlewares/Third_Party/FreeRTOS/tasks.o
 *fill*         0x000000000800c442        0x2 
 .text.prvResetNextTaskUnblockTime
                0x000000000800c444       0x40 ./Middlewares/Third_Party/FreeRTOS/tasks.o
 .text.xTaskGetSchedulerState
                0x000000000800c484       0x3c ./Middlewares/Third_Party/FreeRTOS/tasks.o
                0x000000000800c484                xTaskGetSchedulerState
 .text.xTaskPriorityInherit
                0x000000000800c4c0       0xec ./Middlewares/Third_Party/FreeRTOS/tasks.o
                0x000000000800c4c0                xTaskPriorityInherit
 .text.xTaskPriorityDisinherit
                0x000000000800c5ac      0x10c ./Middlewares/Third_Party/FreeRTOS/tasks.o
                0x000000000800c5ac                xTaskPriorityDisinherit
 .text.vTaskPriorityDisinheritAfterTimeout
                0x000000000800c6b8      0x11c ./Middlewares/Third_Party/FreeRTOS/tasks.o
                0x000000000800c6b8                vTaskPriorityDisinheritAfterTimeout
 .text.pvTaskIncrementMutexHeldCount
                0x000000000800c7d4       0x28 ./Middlewares/Third_Party/FreeRTOS/tasks.o
                0x000000000800c7d4                pvTaskIncrementMutexHeldCount
 .text.prvAddCurrentTaskToDelayedList
                0x000000000800c7fc       0xcc ./Middlewares/Third_Party/FreeRTOS/tasks.o
 .text.__errno  0x000000000800c8c8        0xc c:/st/stm32cubeide_1.10.1/stm32cubeide/plugins/com.st.stm32cube.ide.mcu.externaltools.gnu-tools-for-stm32.10.3-2021.10.win32_1.0.0.202111181127/tools/bin/../lib/gcc/arm-none-eabi/10.3.1/../../../../arm-none-eabi/lib/thumb/v7e-m+dp/hard\libc_nano.a(lib_a-errno.o)
                0x000000000800c8c8                __errno
 .text.__libc_init_array
                0x000000000800c8d4       0x48 c:/st/stm32cubeide_1.10.1/stm32cubeide/plugins/com.st.stm32cube.ide.mcu.externaltools.gnu-tools-for-stm32.10.3-2021.10.win32_1.0.0.202111181127/tools/bin/../lib/gcc/arm-none-eabi/10.3.1/../../../../arm-none-eabi/lib/thumb/v7e-m+dp/hard\libc_nano.a(lib_a-init.o)
                0x000000000800c8d4                __libc_init_array
 .text.memcpy   0x000000000800c91c       0x1c c:/st/stm32cubeide_1.10.1/stm32cubeide/plugins/com.st.stm32cube.ide.mcu.externaltools.gnu-tools-for-stm32.10.3-2021.10.win32_1.0.0.202111181127/tools/bin/../lib/gcc/arm-none-eabi/10.3.1/../../../../arm-none-eabi/lib/thumb/v7e-m+dp/hard\libc_nano.a(lib_a-memcpy-stub.o)
                0x000000000800c91c                memcpy
 .text.memset   0x000000000800c938       0x10 c:/st/stm32cubeide_1.10.1/stm32cubeide/plugins/com.st.stm32cube.ide.mcu.externaltools.gnu-tools-for-stm32.10.3-2021.10.win32_1.0.0.202111181127/tools/bin/../lib/gcc/arm-none-eabi/10.3.1/../../../../arm-none-eabi/lib/thumb/v7e-m+dp/hard\libc_nano.a(lib_a-memset.o)
                0x000000000800c938                memset
 .text.__cvt    0x000000000800c948       0xa4 c:/st/stm32cubeide_1.10.1/stm32cubeide/plugins/com.st.stm32cube.ide.mcu.externaltools.gnu-tools-for-stm32.10.3-2021.10.win32_1.0.0.202111181127/tools/bin/../lib/gcc/arm-none-eabi/10.3.1/../../../../arm-none-eabi/lib/thumb/v7e-m+dp/hard\libc_nano.a(lib_a-nano-vfprintf_float.o)
                0x000000000800c948                __cvt
 .text.__exponent
                0x000000000800c9ec       0x7c c:/st/stm32cubeide_1.10.1/stm32cubeide/plugins/com.st.stm32cube.ide.mcu.externaltools.gnu-tools-for-stm32.10.3-2021.10.win32_1.0.0.202111181127/tools/bin/../lib/gcc/arm-none-eabi/10.3.1/../../../../arm-none-eabi/lib/thumb/v7e-m+dp/hard\libc_nano.a(lib_a-nano-vfprintf_float.o)
                0x000000000800c9ec                __exponent
 .text._printf_float
                0x000000000800ca68      0x43c c:/st/stm32cubeide_1.10.1/stm32cubeide/plugins/com.st.stm32cube.ide.mcu.externaltools.gnu-tools-for-stm32.10.3-2021.10.win32_1.0.0.202111181127/tools/bin/../lib/gcc/arm-none-eabi/10.3.1/../../../../arm-none-eabi/lib/thumb/v7e-m+dp/hard\libc_nano.a(lib_a-nano-vfprintf_float.o)
                0x000000000800ca68                _printf_float
 .text._printf_common
                0x000000000800cea4       0xda c:/st/stm32cubeide_1.10.1/stm32cubeide/plugins/com.st.stm32cube.ide.mcu.externaltools.gnu-tools-for-stm32.10.3-2021.10.win32_1.0.0.202111181127/tools/bin/../lib/gcc/arm-none-eabi/10.3.1/../../../../arm-none-eabi/lib/thumb/v7e-m+dp/hard\libc_nano.a(lib_a-nano-vfprintf_i.o)
                0x000000000800cea4                _printf_common
 *fill*         0x000000000800cf7e        0x2 
 .text._printf_i
                0x000000000800cf80      0x24c c:/st/stm32cubeide_1.10.1/stm32cubeide/plugins/com.st.stm32cube.ide.mcu.externaltools.gnu-tools-for-stm32.10.3-2021.10.win32_1.0.0.202111181127/tools/bin/../lib/gcc/arm-none-eabi/10.3.1/../../../../arm-none-eabi/lib/thumb/v7e-m+dp/hard\libc_nano.a(lib_a-nano-vfprintf_i.o)
                0x000000000800cf80                _printf_i
 .text.printf   0x000000000800d1cc       0x30 c:/st/stm32cubeide_1.10.1/stm32cubeide/plugins/com.st.stm32cube.ide.mcu.externaltools.gnu-tools-for-stm32.10.3-2021.10.win32_1.0.0.202111181127/tools/bin/../lib/gcc/arm-none-eabi/10.3.1/../../../../arm-none-eabi/lib/thumb/v7e-m+dp/hard\libc_nano.a(lib_a-printf.o)
                0x000000000800d1cc                iprintf
                0x000000000800d1cc                printf
 .text._puts_r  0x000000000800d1fc       0xdc c:/st/stm32cubeide_1.10.1/stm32cubeide/plugins/com.st.stm32cube.ide.mcu.externaltools.gnu-tools-for-stm32.10.3-2021.10.win32_1.0.0.202111181127/tools/bin/../lib/gcc/arm-none-eabi/10.3.1/../../../../arm-none-eabi/lib/thumb/v7e-m+dp/hard\libc_nano.a(lib_a-puts.o)
                0x000000000800d1fc                _puts_r
 .text.puts     0x000000000800d2d8       0x10 c:/st/stm32cubeide_1.10.1/stm32cubeide/plugins/com.st.stm32cube.ide.mcu.externaltools.gnu-tools-for-stm32.10.3-2021.10.win32_1.0.0.202111181127/tools/bin/../lib/gcc/arm-none-eabi/10.3.1/../../../../arm-none-eabi/lib/thumb/v7e-m+dp/hard\libc_nano.a(lib_a-puts.o)
                0x000000000800d2d8                puts
 .text.snprintf
                0x000000000800d2e8       0x68 c:/st/stm32cubeide_1.10.1/stm32cubeide/plugins/com.st.stm32cube.ide.mcu.externaltools.gnu-tools-for-stm32.10.3-2021.10.win32_1.0.0.202111181127/tools/bin/../lib/gcc/arm-none-eabi/10.3.1/../../../../arm-none-eabi/lib/thumb/v7e-m+dp/hard\libc_nano.a(lib_a-snprintf.o)
                0x000000000800d2e8                sniprintf
                0x000000000800d2e8                snprintf
 .text.sprintf  0x000000000800d350       0x40 c:/st/stm32cubeide_1.10.1/stm32cubeide/plugins/com.st.stm32cube.ide.mcu.externaltools.gnu-tools-for-stm32.10.3-2021.10.win32_1.0.0.202111181127/tools/bin/../lib/gcc/arm-none-eabi/10.3.1/../../../../arm-none-eabi/lib/thumb/v7e-m+dp/hard\libc_nano.a(lib_a-sprintf.o)
                0x000000000800d350                siprintf
                0x000000000800d350                sprintf
 .text.__swbuf_r
                0x000000000800d390       0xa4 c:/st/stm32cubeide_1.10.1/stm32cubeide/plugins/com.st.stm32cube.ide.mcu.externaltools.gnu-tools-for-stm32.10.3-2021.10.win32_1.0.0.202111181127/tools/bin/../lib/gcc/arm-none-eabi/10.3.1/../../../../arm-none-eabi/lib/thumb/v7e-m+dp/hard\libc_nano.a(lib_a-wbuf.o)
                0x000000000800d390                __swbuf_r
 .text.__swsetup_r
                0x000000000800d434       0xdc c:/st/stm32cubeide_1.10.1/stm32cubeide/plugins/com.st.stm32cube.ide.mcu.externaltools.gnu-tools-for-stm32.10.3-2021.10.win32_1.0.0.202111181127/tools/bin/../lib/gcc/arm-none-eabi/10.3.1/../../../../arm-none-eabi/lib/thumb/v7e-m+dp/hard\libc_nano.a(lib_a-wsetup.o)
                0x000000000800d434                __swsetup_r
 .text.quorem   0x000000000800d510      0x116 c:/st/stm32cubeide_1.10.1/stm32cubeide/plugins/com.st.stm32cube.ide.mcu.externaltools.gnu-tools-for-stm32.10.3-2021.10.win32_1.0.0.202111181127/tools/bin/../lib/gcc/arm-none-eabi/10.3.1/../../../../arm-none-eabi/lib/thumb/v7e-m+dp/hard\libc_nano.a(lib_a-dtoa.o)
 *fill*         0x000000000800d626        0x2 
 .text._dtoa_r  0x000000000800d628      0xadc c:/st/stm32cubeide_1.10.1/stm32cubeide/plugins/com.st.stm32cube.ide.mcu.externaltools.gnu-tools-for-stm32.10.3-2021.10.win32_1.0.0.202111181127/tools/bin/../lib/gcc/arm-none-eabi/10.3.1/../../../../arm-none-eabi/lib/thumb/v7e-m+dp/hard\libc_nano.a(lib_a-dtoa.o)
                0x000000000800d628                _dtoa_r
 .text.__sflush_r
                0x000000000800e104      0x10c c:/st/stm32cubeide_1.10.1/stm32cubeide/plugins/com.st.stm32cube.ide.mcu.externaltools.gnu-tools-for-stm32.10.3-2021.10.win32_1.0.0.202111181127/tools/bin/../lib/gcc/arm-none-eabi/10.3.1/../../../../arm-none-eabi/lib/thumb/v7e-m+dp/hard\libc_nano.a(lib_a-fflush.o)
                0x000000000800e104                __sflush_r
 .text._fflush_r
                0x000000000800e210       0x78 c:/st/stm32cubeide_1.10.1/stm32cubeide/plugins/com.st.stm32cube.ide.mcu.externaltools.gnu-tools-for-stm32.10.3-2021.10.win32_1.0.0.202111181127/tools/bin/../lib/gcc/arm-none-eabi/10.3.1/../../../../arm-none-eabi/lib/thumb/v7e-m+dp/hard\libc_nano.a(lib_a-fflush.o)
                0x000000000800e210                _fflush_r
 .text.std      0x000000000800e288       0x48 c:/st/stm32cubeide_1.10.1/stm32cubeide/plugins/com.st.stm32cube.ide.mcu.externaltools.gnu-tools-for-stm32.10.3-2021.10.win32_1.0.0.202111181127/tools/bin/../lib/gcc/arm-none-eabi/10.3.1/../../../../arm-none-eabi/lib/thumb/v7e-m+dp/hard\libc_nano.a(lib_a-findfp.o)
 .text._cleanup_r
                0x000000000800e2d0        0xc c:/st/stm32cubeide_1.10.1/stm32cubeide/plugins/com.st.stm32cube.ide.mcu.externaltools.gnu-tools-for-stm32.10.3-2021.10.win32_1.0.0.202111181127/tools/bin/../lib/gcc/arm-none-eabi/10.3.1/../../../../arm-none-eabi/lib/thumb/v7e-m+dp/hard\libc_nano.a(lib_a-findfp.o)
                0x000000000800e2d0                _cleanup_r
 .text.__sfmoreglue
                0x000000000800e2dc       0x2c c:/st/stm32cubeide_1.10.1/stm32cubeide/plugins/com.st.stm32cube.ide.mcu.externaltools.gnu-tools-for-stm32.10.3-2021.10.win32_1.0.0.202111181127/tools/bin/../lib/gcc/arm-none-eabi/10.3.1/../../../../arm-none-eabi/lib/thumb/v7e-m+dp/hard\libc_nano.a(lib_a-findfp.o)
                0x000000000800e2dc                __sfmoreglue
 .text.__sfp_lock_acquire
                0x000000000800e308        0xc c:/st/stm32cubeide_1.10.1/stm32cubeide/plugins/com.st.stm32cube.ide.mcu.externaltools.gnu-tools-for-stm32.10.3-2021.10.win32_1.0.0.202111181127/tools/bin/../lib/gcc/arm-none-eabi/10.3.1/../../../../arm-none-eabi/lib/thumb/v7e-m+dp/hard\libc_nano.a(lib_a-findfp.o)
                0x000000000800e308                __sfp_lock_acquire
 .text.__sfp_lock_release
                0x000000000800e314        0xc c:/st/stm32cubeide_1.10.1/stm32cubeide/plugins/com.st.stm32cube.ide.mcu.externaltools.gnu-tools-for-stm32.10.3-2021.10.win32_1.0.0.202111181127/tools/bin/../lib/gcc/arm-none-eabi/10.3.1/../../../../arm-none-eabi/lib/thumb/v7e-m+dp/hard\libc_nano.a(lib_a-findfp.o)
                0x000000000800e314                __sfp_lock_release
 .text.__sinit_lock_acquire
                0x000000000800e320        0xc c:/st/stm32cubeide_1.10.1/stm32cubeide/plugins/com.st.stm32cube.ide.mcu.externaltools.gnu-tools-for-stm32.10.3-2021.10.win32_1.0.0.202111181127/tools/bin/../lib/gcc/arm-none-eabi/10.3.1/../../../../arm-none-eabi/lib/thumb/v7e-m+dp/hard\libc_nano.a(lib_a-findfp.o)
                0x000000000800e320                __sinit_lock_acquire
 .text.__sinit_lock_release
                0x000000000800e32c        0xc c:/st/stm32cubeide_1.10.1/stm32cubeide/plugins/com.st.stm32cube.ide.mcu.externaltools.gnu-tools-for-stm32.10.3-2021.10.win32_1.0.0.202111181127/tools/bin/../lib/gcc/arm-none-eabi/10.3.1/../../../../arm-none-eabi/lib/thumb/v7e-m+dp/hard\libc_nano.a(lib_a-findfp.o)
                0x000000000800e32c                __sinit_lock_release
 .text.__sinit  0x000000000800e338       0x70 c:/st/stm32cubeide_1.10.1/stm32cubeide/plugins/com.st.stm32cube.ide.mcu.externaltools.gnu-tools-for-stm32.10.3-2021.10.win32_1.0.0.202111181127/tools/bin/../lib/gcc/arm-none-eabi/10.3.1/../../../../arm-none-eabi/lib/thumb/v7e-m+dp/hard\libc_nano.a(lib_a-findfp.o)
                0x000000000800e338                __sinit
 .text.__sfp    0x000000000800e3a8       0x8c c:/st/stm32cubeide_1.10.1/stm32cubeide/plugins/com.st.stm32cube.ide.mcu.externaltools.gnu-tools-for-stm32.10.3-2021.10.win32_1.0.0.202111181127/tools/bin/../lib/gcc/arm-none-eabi/10.3.1/../../../../arm-none-eabi/lib/thumb/v7e-m+dp/hard\libc_nano.a(lib_a-findfp.o)
                0x000000000800e3a8                __sfp
 .text._fwalk_reent
                0x000000000800e434       0x3e c:/st/stm32cubeide_1.10.1/stm32cubeide/plugins/com.st.stm32cube.ide.mcu.externaltools.gnu-tools-for-stm32.10.3-2021.10.win32_1.0.0.202111181127/tools/bin/../lib/gcc/arm-none-eabi/10.3.1/../../../../arm-none-eabi/lib/thumb/v7e-m+dp/hard\libc_nano.a(lib_a-fwalk.o)
                0x000000000800e434                _fwalk_reent
 *fill*         0x000000000800e472        0x2 
 .text._localeconv_r
                0x000000000800e474        0x8 c:/st/stm32cubeide_1.10.1/stm32cubeide/plugins/com.st.stm32cube.ide.mcu.externaltools.gnu-tools-for-stm32.10.3-2021.10.win32_1.0.0.202111181127/tools/bin/../lib/gcc/arm-none-eabi/10.3.1/../../../../arm-none-eabi/lib/thumb/v7e-m+dp/hard\libc_nano.a(lib_a-localeconv.o)
                0x000000000800e474                _localeconv_r
 .text.__retarget_lock_init_recursive
                0x000000000800e47c        0x2 c:/st/stm32cubeide_1.10.1/stm32cubeide/plugins/com.st.stm32cube.ide.mcu.externaltools.gnu-tools-for-stm32.10.3-2021.10.win32_1.0.0.202111181127/tools/bin/../lib/gcc/arm-none-eabi/10.3.1/../../../../arm-none-eabi/lib/thumb/v7e-m+dp/hard\libc_nano.a(lib_a-lock.o)
                0x000000000800e47c                __retarget_lock_init_recursive
 .text.__retarget_lock_acquire_recursive
                0x000000000800e47e        0x2 c:/st/stm32cubeide_1.10.1/stm32cubeide/plugins/com.st.stm32cube.ide.mcu.externaltools.gnu-tools-for-stm32.10.3-2021.10.win32_1.0.0.202111181127/tools/bin/../lib/gcc/arm-none-eabi/10.3.1/../../../../arm-none-eabi/lib/thumb/v7e-m+dp/hard\libc_nano.a(lib_a-lock.o)
                0x000000000800e47e                __retarget_lock_acquire_recursive
 .text.__retarget_lock_release_recursive
                0x000000000800e480        0x2 c:/st/stm32cubeide_1.10.1/stm32cubeide/plugins/com.st.stm32cube.ide.mcu.externaltools.gnu-tools-for-stm32.10.3-2021.10.win32_1.0.0.202111181127/tools/bin/../lib/gcc/arm-none-eabi/10.3.1/../../../../arm-none-eabi/lib/thumb/v7e-m+dp/hard\libc_nano.a(lib_a-lock.o)
                0x000000000800e480                __retarget_lock_release_recursive
 .text.__swhatbuf_r
                0x000000000800e482       0x4a c:/st/stm32cubeide_1.10.1/stm32cubeide/plugins/com.st.stm32cube.ide.mcu.externaltools.gnu-tools-for-stm32.10.3-2021.10.win32_1.0.0.202111181127/tools/bin/../lib/gcc/arm-none-eabi/10.3.1/../../../../arm-none-eabi/lib/thumb/v7e-m+dp/hard\libc_nano.a(lib_a-makebuf.o)
                0x000000000800e482                __swhatbuf_r
 .text.__smakebuf_r
                0x000000000800e4cc       0x80 c:/st/stm32cubeide_1.10.1/stm32cubeide/plugins/com.st.stm32cube.ide.mcu.externaltools.gnu-tools-for-stm32.10.3-2021.10.win32_1.0.0.202111181127/tools/bin/../lib/gcc/arm-none-eabi/10.3.1/../../../../arm-none-eabi/lib/thumb/v7e-m+dp/hard\libc_nano.a(lib_a-makebuf.o)
                0x000000000800e4cc                __smakebuf_r
 .text.malloc   0x000000000800e54c       0x10 c:/st/stm32cubeide_1.10.1/stm32cubeide/plugins/com.st.stm32cube.ide.mcu.externaltools.gnu-tools-for-stm32.10.3-2021.10.win32_1.0.0.202111181127/tools/bin/../lib/gcc/arm-none-eabi/10.3.1/../../../../arm-none-eabi/lib/thumb/v7e-m+dp/hard\libc_nano.a(lib_a-malloc.o)
                0x000000000800e54c                malloc
 .text._Balloc  0x000000000800e55c       0x80 c:/st/stm32cubeide_1.10.1/stm32cubeide/plugins/com.st.stm32cube.ide.mcu.externaltools.gnu-tools-for-stm32.10.3-2021.10.win32_1.0.0.202111181127/tools/bin/../lib/gcc/arm-none-eabi/10.3.1/../../../../arm-none-eabi/lib/thumb/v7e-m+dp/hard\libc_nano.a(lib_a-mprec.o)
                0x000000000800e55c                _Balloc
 .text._Bfree   0x000000000800e5dc       0x44 c:/st/stm32cubeide_1.10.1/stm32cubeide/plugins/com.st.stm32cube.ide.mcu.externaltools.gnu-tools-for-stm32.10.3-2021.10.win32_1.0.0.202111181127/tools/bin/../lib/gcc/arm-none-eabi/10.3.1/../../../../arm-none-eabi/lib/thumb/v7e-m+dp/hard\libc_nano.a(lib_a-mprec.o)
                0x000000000800e5dc                _Bfree
 .text.__multadd
                0x000000000800e620       0x8c c:/st/stm32cubeide_1.10.1/stm32cubeide/plugins/com.st.stm32cube.ide.mcu.externaltools.gnu-tools-for-stm32.10.3-2021.10.win32_1.0.0.202111181127/tools/bin/../lib/gcc/arm-none-eabi/10.3.1/../../../../arm-none-eabi/lib/thumb/v7e-m+dp/hard\libc_nano.a(lib_a-mprec.o)
                0x000000000800e620                __multadd
 .text.__hi0bits
                0x000000000800e6ac       0x40 c:/st/stm32cubeide_1.10.1/stm32cubeide/plugins/com.st.stm32cube.ide.mcu.externaltools.gnu-tools-for-stm32.10.3-2021.10.win32_1.0.0.202111181127/tools/bin/../lib/gcc/arm-none-eabi/10.3.1/../../../../arm-none-eabi/lib/thumb/v7e-m+dp/hard\libc_nano.a(lib_a-mprec.o)
                0x000000000800e6ac                __hi0bits
 .text.__lo0bits
                0x000000000800e6ec       0x5e c:/st/stm32cubeide_1.10.1/stm32cubeide/plugins/com.st.stm32cube.ide.mcu.externaltools.gnu-tools-for-stm32.10.3-2021.10.win32_1.0.0.202111181127/tools/bin/../lib/gcc/arm-none-eabi/10.3.1/../../../../arm-none-eabi/lib/thumb/v7e-m+dp/hard\libc_nano.a(lib_a-mprec.o)
                0x000000000800e6ec                __lo0bits
 *fill*         0x000000000800e74a        0x2 
 .text.__i2b    0x000000000800e74c       0x2c c:/st/stm32cubeide_1.10.1/stm32cubeide/plugins/com.st.stm32cube.ide.mcu.externaltools.gnu-tools-for-stm32.10.3-2021.10.win32_1.0.0.202111181127/tools/bin/../lib/gcc/arm-none-eabi/10.3.1/../../../../arm-none-eabi/lib/thumb/v7e-m+dp/hard\libc_nano.a(lib_a-mprec.o)
                0x000000000800e74c                __i2b
 .text.__multiply
                0x000000000800e778      0x154 c:/st/stm32cubeide_1.10.1/stm32cubeide/plugins/com.st.stm32cube.ide.mcu.externaltools.gnu-tools-for-stm32.10.3-2021.10.win32_1.0.0.202111181127/tools/bin/../lib/gcc/arm-none-eabi/10.3.1/../../../../arm-none-eabi/lib/thumb/v7e-m+dp/hard\libc_nano.a(lib_a-mprec.o)
                0x000000000800e778                __multiply
 .text.__pow5mult
                0x000000000800e8cc       0xb4 c:/st/stm32cubeide_1.10.1/stm32cubeide/plugins/com.st.stm32cube.ide.mcu.externaltools.gnu-tools-for-stm32.10.3-2021.10.win32_1.0.0.202111181127/tools/bin/../lib/gcc/arm-none-eabi/10.3.1/../../../../arm-none-eabi/lib/thumb/v7e-m+dp/hard\libc_nano.a(lib_a-mprec.o)
                0x000000000800e8cc                __pow5mult
 .text.__lshift
                0x000000000800e980       0xe0 c:/st/stm32cubeide_1.10.1/stm32cubeide/plugins/com.st.stm32cube.ide.mcu.externaltools.gnu-tools-for-stm32.10.3-2021.10.win32_1.0.0.202111181127/tools/bin/../lib/gcc/arm-none-eabi/10.3.1/../../../../arm-none-eabi/lib/thumb/v7e-m+dp/hard\libc_nano.a(lib_a-mprec.o)
                0x000000000800e980                __lshift
 .text.__mcmp   0x000000000800ea60       0x38 c:/st/stm32cubeide_1.10.1/stm32cubeide/plugins/com.st.stm32cube.ide.mcu.externaltools.gnu-tools-for-stm32.10.3-2021.10.win32_1.0.0.202111181127/tools/bin/../lib/gcc/arm-none-eabi/10.3.1/../../../../arm-none-eabi/lib/thumb/v7e-m+dp/hard\libc_nano.a(lib_a-mprec.o)
                0x000000000800ea60                __mcmp
 .text.__mdiff  0x000000000800ea98      0x114 c:/st/stm32cubeide_1.10.1/stm32cubeide/plugins/com.st.stm32cube.ide.mcu.externaltools.gnu-tools-for-stm32.10.3-2021.10.win32_1.0.0.202111181127/tools/bin/../lib/gcc/arm-none-eabi/10.3.1/../../../../arm-none-eabi/lib/thumb/v7e-m+dp/hard\libc_nano.a(lib_a-mprec.o)
                0x000000000800ea98                __mdiff
 .text.__d2b    0x000000000800ebac       0xb8 c:/st/stm32cubeide_1.10.1/stm32cubeide/plugins/com.st.stm32cube.ide.mcu.externaltools.gnu-tools-for-stm32.10.3-2021.10.win32_1.0.0.202111181127/tools/bin/../lib/gcc/arm-none-eabi/10.3.1/../../../../arm-none-eabi/lib/thumb/v7e-m+dp/hard\libc_nano.a(lib_a-mprec.o)
                0x000000000800ebac                __d2b
 .text._calloc_r
                0x000000000800ec64       0x2c c:/st/stm32cubeide_1.10.1/stm32cubeide/plugins/com.st.stm32cube.ide.mcu.externaltools.gnu-tools-for-stm32.10.3-2021.10.win32_1.0.0.202111181127/tools/bin/../lib/gcc/arm-none-eabi/10.3.1/../../../../arm-none-eabi/lib/thumb/v7e-m+dp/hard\libc_nano.a(lib_a-nano-callocr.o)
                0x000000000800ec64                _calloc_r
 .text._free_r  0x000000000800ec90       0x98 c:/st/stm32cubeide_1.10.1/stm32cubeide/plugins/com.st.stm32cube.ide.mcu.externaltools.gnu-tools-for-stm32.10.3-2021.10.win32_1.0.0.202111181127/tools/bin/../lib/gcc/arm-none-eabi/10.3.1/../../../../arm-none-eabi/lib/thumb/v7e-m+dp/hard\libc_nano.a(lib_a-nano-freer.o)
                0x000000000800ec90                _free_r
 .text.sbrk_aligned
                0x000000000800ed28       0x40 c:/st/stm32cubeide_1.10.1/stm32cubeide/plugins/com.st.stm32cube.ide.mcu.externaltools.gnu-tools-for-stm32.10.3-2021.10.win32_1.0.0.202111181127/tools/bin/../lib/gcc/arm-none-eabi/10.3.1/../../../../arm-none-eabi/lib/thumb/v7e-m+dp/hard\libc_nano.a(lib_a-nano-mallocr.o)
 .text._malloc_r
                0x000000000800ed68       0xe8 c:/st/stm32cubeide_1.10.1/stm32cubeide/plugins/com.st.stm32cube.ide.mcu.externaltools.gnu-tools-for-stm32.10.3-2021.10.win32_1.0.0.202111181127/tools/bin/../lib/gcc/arm-none-eabi/10.3.1/../../../../arm-none-eabi/lib/thumb/v7e-m+dp/hard\libc_nano.a(lib_a-nano-mallocr.o)
                0x000000000800ed68                _malloc_r
 .text.__ssputs_r
                0x000000000800ee50       0xb6 c:/st/stm32cubeide_1.10.1/stm32cubeide/plugins/com.st.stm32cube.ide.mcu.externaltools.gnu-tools-for-stm32.10.3-2021.10.win32_1.0.0.202111181127/tools/bin/../lib/gcc/arm-none-eabi/10.3.1/../../../../arm-none-eabi/lib/thumb/v7e-m+dp/hard\libc_nano.a(lib_a-nano-svfprintf.o)
                0x000000000800ee50                __ssputs_r
 *fill*         0x000000000800ef06        0x2 
 .text._svfprintf_r
                0x000000000800ef08      0x200 c:/st/stm32cubeide_1.10.1/stm32cubeide/plugins/com.st.stm32cube.ide.mcu.externaltools.gnu-tools-for-stm32.10.3-2021.10.win32_1.0.0.202111181127/tools/bin/../lib/gcc/arm-none-eabi/10.3.1/../../../../arm-none-eabi/lib/thumb/v7e-m+dp/hard\libc_nano.a(lib_a-nano-svfprintf.o)
                0x000000000800ef08                _svfiprintf_r
                0x000000000800ef08                _svfprintf_r
 .text.__sfputc_r
                0x000000000800f108       0x2e c:/st/stm32cubeide_1.10.1/stm32cubeide/plugins/com.st.stm32cube.ide.mcu.externaltools.gnu-tools-for-stm32.10.3-2021.10.win32_1.0.0.202111181127/tools/bin/../lib/gcc/arm-none-eabi/10.3.1/../../../../arm-none-eabi/lib/thumb/v7e-m+dp/hard\libc_nano.a(lib_a-nano-vfprintf.o)
 .text.__sfputs_r
                0x000000000800f136       0x24 c:/st/stm32cubeide_1.10.1/stm32cubeide/plugins/com.st.stm32cube.ide.mcu.externaltools.gnu-tools-for-stm32.10.3-2021.10.win32_1.0.0.202111181127/tools/bin/../lib/gcc/arm-none-eabi/10.3.1/../../../../arm-none-eabi/lib/thumb/v7e-m+dp/hard\libc_nano.a(lib_a-nano-vfprintf.o)
                0x000000000800f136                __sfputs_r
 *fill*         0x000000000800f15a        0x2 
 .text._vfprintf_r
                0x000000000800f15c      0x260 c:/st/stm32cubeide_1.10.1/stm32cubeide/plugins/com.st.stm32cube.ide.mcu.externaltools.gnu-tools-for-stm32.10.3-2021.10.win32_1.0.0.202111181127/tools/bin/../lib/gcc/arm-none-eabi/10.3.1/../../../../arm-none-eabi/lib/thumb/v7e-m+dp/hard\libc_nano.a(lib_a-nano-vfprintf.o)
                0x000000000800f15c                _vfprintf_r
                0x000000000800f15c                _vfiprintf_r
 .text._sbrk_r  0x000000000800f3bc       0x20 c:/st/stm32cubeide_1.10.1/stm32cubeide/plugins/com.st.stm32cube.ide.mcu.externaltools.gnu-tools-for-stm32.10.3-2021.10.win32_1.0.0.202111181127/tools/bin/../lib/gcc/arm-none-eabi/10.3.1/../../../../arm-none-eabi/lib/thumb/v7e-m+dp/hard\libc_nano.a(lib_a-sbrkr.o)
                0x000000000800f3bc                _sbrk_r
 .text.__sread  0x000000000800f3dc       0x22 c:/st/stm32cubeide_1.10.1/stm32cubeide/plugins/com.st.stm32cube.ide.mcu.externaltools.gnu-tools-for-stm32.10.3-2021.10.win32_1.0.0.202111181127/tools/bin/../lib/gcc/arm-none-eabi/10.3.1/../../../../arm-none-eabi/lib/thumb/v7e-m+dp/hard\libc_nano.a(lib_a-stdio.o)
                0x000000000800f3dc                __sread
 .text.__swrite
                0x000000000800f3fe       0x38 c:/st/stm32cubeide_1.10.1/stm32cubeide/plugins/com.st.stm32cube.ide.mcu.externaltools.gnu-tools-for-stm32.10.3-2021.10.win32_1.0.0.202111181127/tools/bin/../lib/gcc/arm-none-eabi/10.3.1/../../../../arm-none-eabi/lib/thumb/v7e-m+dp/hard\libc_nano.a(lib_a-stdio.o)
                0x000000000800f3fe                __swrite
 .text.__sseek  0x000000000800f436       0x24 c:/st/stm32cubeide_1.10.1/stm32cubeide/plugins/com.st.stm32cube.ide.mcu.externaltools.gnu-tools-for-stm32.10.3-2021.10.win32_1.0.0.202111181127/tools/bin/../lib/gcc/arm-none-eabi/10.3.1/../../../../arm-none-eabi/lib/thumb/v7e-m+dp/hard\libc_nano.a(lib_a-stdio.o)
                0x000000000800f436                __sseek
 .text.__sclose
                0x000000000800f45a        0x8 c:/st/stm32cubeide_1.10.1/stm32cubeide/plugins/com.st.stm32cube.ide.mcu.externaltools.gnu-tools-for-stm32.10.3-2021.10.win32_1.0.0.202111181127/tools/bin/../lib/gcc/arm-none-eabi/10.3.1/../../../../arm-none-eabi/lib/thumb/v7e-m+dp/hard\libc_nano.a(lib_a-stdio.o)
                0x000000000800f45a                __sclose
 *fill*         0x000000000800f462        0x2 
 .text._write_r
                0x000000000800f464       0x24 c:/st/stm32cubeide_1.10.1/stm32cubeide/plugins/com.st.stm32cube.ide.mcu.externaltools.gnu-tools-for-stm32.10.3-2021.10.win32_1.0.0.202111181127/tools/bin/../lib/gcc/arm-none-eabi/10.3.1/../../../../arm-none-eabi/lib/thumb/v7e-m+dp/hard\libc_nano.a(lib_a-writer.o)
                0x000000000800f464                _write_r
 .text.__assert_func
                0x000000000800f488       0x3c c:/st/stm32cubeide_1.10.1/stm32cubeide/plugins/com.st.stm32cube.ide.mcu.externaltools.gnu-tools-for-stm32.10.3-2021.10.win32_1.0.0.202111181127/tools/bin/../lib/gcc/arm-none-eabi/10.3.1/../../../../arm-none-eabi/lib/thumb/v7e-m+dp/hard\libc_nano.a(lib_a-assert.o)
                0x000000000800f488                __assert_func
 .text._close_r
                0x000000000800f4c4       0x20 c:/st/stm32cubeide_1.10.1/stm32cubeide/plugins/com.st.stm32cube.ide.mcu.externaltools.gnu-tools-for-stm32.10.3-2021.10.win32_1.0.0.202111181127/tools/bin/../lib/gcc/arm-none-eabi/10.3.1/../../../../arm-none-eabi/lib/thumb/v7e-m+dp/hard\libc_nano.a(lib_a-closer.o)
                0x000000000800f4c4                _close_r
 .text.fprintf  0x000000000800f4e4       0x24 c:/st/stm32cubeide_1.10.1/stm32cubeide/plugins/com.st.stm32cube.ide.mcu.externaltools.gnu-tools-for-stm32.10.3-2021.10.win32_1.0.0.202111181127/tools/bin/../lib/gcc/arm-none-eabi/10.3.1/../../../../arm-none-eabi/lib/thumb/v7e-m+dp/hard\libc_nano.a(lib_a-fprintf.o)
                0x000000000800f4e4                fiprintf
                0x000000000800f4e4                fprintf
 .text._fstat_r
                0x000000000800f508       0x24 c:/st/stm32cubeide_1.10.1/stm32cubeide/plugins/com.st.stm32cube.ide.mcu.externaltools.gnu-tools-for-stm32.10.3-2021.10.win32_1.0.0.202111181127/tools/bin/../lib/gcc/arm-none-eabi/10.3.1/../../../../arm-none-eabi/lib/thumb/v7e-m+dp/hard\libc_nano.a(lib_a-fstatr.o)
                0x000000000800f508                _fstat_r
 .text._isatty_r
                0x000000000800f52c       0x20 c:/st/stm32cubeide_1.10.1/stm32cubeide/plugins/com.st.stm32cube.ide.mcu.externaltools.gnu-tools-for-stm32.10.3-2021.10.win32_1.0.0.202111181127/tools/bin/../lib/gcc/arm-none-eabi/10.3.1/../../../../arm-none-eabi/lib/thumb/v7e-m+dp/hard\libc_nano.a(lib_a-isattyr.o)
                0x000000000800f52c                _isatty_r
 .text._lseek_r
                0x000000000800f54c       0x24 c:/st/stm32cubeide_1.10.1/stm32cubeide/plugins/com.st.stm32cube.ide.mcu.externaltools.gnu-tools-for-stm32.10.3-2021.10.win32_1.0.0.202111181127/tools/bin/../lib/gcc/arm-none-eabi/10.3.1/../../../../arm-none-eabi/lib/thumb/v7e-m+dp/hard\libc_nano.a(lib_a-lseekr.o)
                0x000000000800f54c                _lseek_r
 .text.__ascii_mbtowc
                0x000000000800f570       0x24 c:/st/stm32cubeide_1.10.1/stm32cubeide/plugins/com.st.stm32cube.ide.mcu.externaltools.gnu-tools-for-stm32.10.3-2021.10.win32_1.0.0.202111181127/tools/bin/../lib/gcc/arm-none-eabi/10.3.1/../../../../arm-none-eabi/lib/thumb/v7e-m+dp/hard\libc_nano.a(lib_a-mbtowc_r.o)
                0x000000000800f570                __ascii_mbtowc
 .text.memmove  0x000000000800f594       0x34 c:/st/stm32cubeide_1.10.1/stm32cubeide/plugins/com.st.stm32cube.ide.mcu.externaltools.gnu-tools-for-stm32.10.3-2021.10.win32_1.0.0.202111181127/tools/bin/../lib/gcc/arm-none-eabi/10.3.1/../../../../arm-none-eabi/lib/thumb/v7e-m+dp/hard\libc_nano.a(lib_a-memmove.o)
                0x000000000800f594                memmove
 .text.__malloc_lock
                0x000000000800f5c8        0xc c:/st/stm32cubeide_1.10.1/stm32cubeide/plugins/com.st.stm32cube.ide.mcu.externaltools.gnu-tools-for-stm32.10.3-2021.10.win32_1.0.0.202111181127/tools/bin/../lib/gcc/arm-none-eabi/10.3.1/../../../../arm-none-eabi/lib/thumb/v7e-m+dp/hard\libc_nano.a(lib_a-mlock.o)
                0x000000000800f5c8                __malloc_lock
 .text.__malloc_unlock
                0x000000000800f5d4        0xc c:/st/stm32cubeide_1.10.1/stm32cubeide/plugins/com.st.stm32cube.ide.mcu.externaltools.gnu-tools-for-stm32.10.3-2021.10.win32_1.0.0.202111181127/tools/bin/../lib/gcc/arm-none-eabi/10.3.1/../../../../arm-none-eabi/lib/thumb/v7e-m+dp/hard\libc_nano.a(lib_a-mlock.o)
                0x000000000800f5d4                __malloc_unlock
 .text._realloc_r
                0x000000000800f5e0       0x5e c:/st/stm32cubeide_1.10.1/stm32cubeide/plugins/com.st.stm32cube.ide.mcu.externaltools.gnu-tools-for-stm32.10.3-2021.10.win32_1.0.0.202111181127/tools/bin/../lib/gcc/arm-none-eabi/10.3.1/../../../../arm-none-eabi/lib/thumb/v7e-m+dp/hard\libc_nano.a(lib_a-nano-reallocr.o)
                0x000000000800f5e0                _realloc_r
 *fill*         0x000000000800f63e        0x2 
 .text._read_r  0x000000000800f640       0x24 c:/st/stm32cubeide_1.10.1/stm32cubeide/plugins/com.st.stm32cube.ide.mcu.externaltools.gnu-tools-for-stm32.10.3-2021.10.win32_1.0.0.202111181127/tools/bin/../lib/gcc/arm-none-eabi/10.3.1/../../../../arm-none-eabi/lib/thumb/v7e-m+dp/hard\libc_nano.a(lib_a-readr.o)
                0x000000000800f640                _read_r
 .text.__ascii_wctomb
                0x000000000800f664       0x1a c:/st/stm32cubeide_1.10.1/stm32cubeide/plugins/com.st.stm32cube.ide.mcu.externaltools.gnu-tools-for-stm32.10.3-2021.10.win32_1.0.0.202111181127/tools/bin/../lib/gcc/arm-none-eabi/10.3.1/../../../../arm-none-eabi/lib/thumb/v7e-m+dp/hard\libc_nano.a(lib_a-wctomb_r.o)
                0x000000000800f664                __ascii_wctomb
 .text.abort    0x000000000800f67e        0xe c:/st/stm32cubeide_1.10.1/stm32cubeide/plugins/com.st.stm32cube.ide.mcu.externaltools.gnu-tools-for-stm32.10.3-2021.10.win32_1.0.0.202111181127/tools/bin/../lib/gcc/arm-none-eabi/10.3.1/../../../../arm-none-eabi/lib/thumb/v7e-m+dp/hard\libc_nano.a(lib_a-abort.o)
                0x000000000800f67e                abort
 .text._malloc_usable_size_r
                0x000000000800f68c       0x10 c:/st/stm32cubeide_1.10.1/stm32cubeide/plugins/com.st.stm32cube.ide.mcu.externaltools.gnu-tools-for-stm32.10.3-2021.10.win32_1.0.0.202111181127/tools/bin/../lib/gcc/arm-none-eabi/10.3.1/../../../../arm-none-eabi/lib/thumb/v7e-m+dp/hard\libc_nano.a(lib_a-nano-msizer.o)
                0x000000000800f68c                _malloc_usable_size_r
 .text._raise_r
                0x000000000800f69c       0x50 c:/st/stm32cubeide_1.10.1/stm32cubeide/plugins/com.st.stm32cube.ide.mcu.externaltools.gnu-tools-for-stm32.10.3-2021.10.win32_1.0.0.202111181127/tools/bin/../lib/gcc/arm-none-eabi/10.3.1/../../../../arm-none-eabi/lib/thumb/v7e-m+dp/hard\libc_nano.a(lib_a-signal.o)
                0x000000000800f69c                _raise_r
 .text.raise    0x000000000800f6ec       0x10 c:/st/stm32cubeide_1.10.1/stm32cubeide/plugins/com.st.stm32cube.ide.mcu.externaltools.gnu-tools-for-stm32.10.3-2021.10.win32_1.0.0.202111181127/tools/bin/../lib/gcc/arm-none-eabi/10.3.1/../../../../arm-none-eabi/lib/thumb/v7e-m+dp/hard\libc_nano.a(lib_a-signal.o)
                0x000000000800f6ec                raise
 .text._kill_r  0x000000000800f6fc       0x24 c:/st/stm32cubeide_1.10.1/stm32cubeide/plugins/com.st.stm32cube.ide.mcu.externaltools.gnu-tools-for-stm32.10.3-2021.10.win32_1.0.0.202111181127/tools/bin/../lib/gcc/arm-none-eabi/10.3.1/../../../../arm-none-eabi/lib/thumb/v7e-m+dp/hard\libc_nano.a(lib_a-signalr.o)
                0x000000000800f6fc                _kill_r
 .text._getpid_r
                0x000000000800f720        0x4 c:/st/stm32cubeide_1.10.1/stm32cubeide/plugins/com.st.stm32cube.ide.mcu.externaltools.gnu-tools-for-stm32.10.3-2021.10.win32_1.0.0.202111181127/tools/bin/../lib/gcc/arm-none-eabi/10.3.1/../../../../arm-none-eabi/lib/thumb/v7e-m+dp/hard\libc_nano.a(lib_a-signalr.o)
                0x000000000800f720                _getpid_r
 *(.glue_7)
 .glue_7        0x000000000800f724        0x0 linker stubs
 *(.glue_7t)
 .glue_7t       0x000000000800f724        0x0 linker stubs
 *(.eh_frame)
 .eh_frame      0x000000000800f724        0x0 c:/st/stm32cubeide_1.10.1/stm32cubeide/plugins/com.st.stm32cube.ide.mcu.externaltools.gnu-tools-for-stm32.10.3-2021.10.win32_1.0.0.202111181127/tools/bin/../lib/gcc/arm-none-eabi/10.3.1/thumb/v7e-m+dp/hard/crtbegin.o
 *(.init)
 .init          0x000000000800f724        0x4 c:/st/stm32cubeide_1.10.1/stm32cubeide/plugins/com.st.stm32cube.ide.mcu.externaltools.gnu-tools-for-stm32.10.3-2021.10.win32_1.0.0.202111181127/tools/bin/../lib/gcc/arm-none-eabi/10.3.1/thumb/v7e-m+dp/hard/crti.o
                0x000000000800f724                _init
 .init          0x000000000800f728        0x8 c:/st/stm32cubeide_1.10.1/stm32cubeide/plugins/com.st.stm32cube.ide.mcu.externaltools.gnu-tools-for-stm32.10.3-2021.10.win32_1.0.0.202111181127/tools/bin/../lib/gcc/arm-none-eabi/10.3.1/thumb/v7e-m+dp/hard/crtn.o
 *(.fini)
 .fini          0x000000000800f730        0x4 c:/st/stm32cubeide_1.10.1/stm32cubeide/plugins/com.st.stm32cube.ide.mcu.externaltools.gnu-tools-for-stm32.10.3-2021.10.win32_1.0.0.202111181127/tools/bin/../lib/gcc/arm-none-eabi/10.3.1/thumb/v7e-m+dp/hard/crti.o
                0x000000000800f730                _fini
 .fini          0x000000000800f734        0x8 c:/st/stm32cubeide_1.10.1/stm32cubeide/plugins/com.st.stm32cube.ide.mcu.externaltools.gnu-tools-for-stm32.10.3-2021.10.win32_1.0.0.202111181127/tools/bin/../lib/gcc/arm-none-eabi/10.3.1/thumb/v7e-m+dp/hard/crtn.o
                0x000000000800f73c                . = ALIGN (0x4)
                0x000000000800f73c                _etext = .

.vfp11_veneer   0x000000000800f73c        0x0
 .vfp11_veneer  0x000000000800f73c        0x0 linker stubs

.v4_bx          0x000000000800f73c        0x0
 .v4_bx         0x000000000800f73c        0x0 linker stubs

.iplt           0x000000000800f73c        0x0
 .iplt          0x000000000800f73c        0x0 c:/st/stm32cubeide_1.10.1/stm32cubeide/plugins/com.st.stm32cube.ide.mcu.externaltools.gnu-tools-for-stm32.10.3-2021.10.win32_1.0.0.202111181127/tools/bin/../lib/gcc/arm-none-eabi/10.3.1/thumb/v7e-m+dp/hard/crtbegin.o

.rodata         0x000000000800f740      0xb8c
                0x000000000800f740                . = ALIGN (0x4)
 *(.rodata)
 .rodata        0x000000000800f740      0x525 ./Core/Src/MY_NRF24.o
 *fill*         0x000000000800fc65        0x3 
 .rodata        0x000000000800fc68      0x13b ./Core/Src/main.o
 *fill*         0x000000000800fda3        0x1 
 .rodata        0x000000000800fda4       0xa0 ./Core/Src/waypointDemo.o
 .rodata        0x000000000800fe44       0x4c ./Drivers/STM32H7xx_HAL_Driver/stm32h7xx_hal_fdcan.o
 .rodata        0x000000000800fe90        0x5 ./Middlewares/Third_Party/FreeRTOS/tasks.o
 *(.rodata*)
 *fill*         0x000000000800fe95        0x3 
 .rodata.D1CorePrescTable
                0x000000000800fe98       0x10 ./Common/Src/system_stm32h7xx_dualcore_boot_cm4_cm7.o
                0x000000000800fe98                D1CorePrescTable
 .rodata.NRF24_ADDR_REGS
                0x000000000800fea8        0x7 ./Core/Src/MY_NRF24.o
 *fill*         0x000000000800feaf        0x1 
 .rodata.RF24_RX_PW_PIPE
                0x000000000800feb0        0x6 ./Core/Src/MY_NRF24.o
 *fill*         0x000000000800feb6        0x2 
 .rodata.DLCtoBytes
                0x000000000800feb8       0x10 ./Drivers/STM32H7xx_HAL_Driver/stm32h7xx_hal_fdcan.o
 .rodata.UARTPrescTable
                0x000000000800fec8       0x18 ./Drivers/STM32H7xx_HAL_Driver/stm32h7xx_hal_uart.o
                0x000000000800fec8                UARTPrescTable
 .rodata.numerator.1
                0x000000000800fee0        0x8 ./Drivers/STM32H7xx_HAL_Driver/stm32h7xx_hal_uart_ex.o
 .rodata.denominator.0
                0x000000000800fee8        0x8 ./Drivers/STM32H7xx_HAL_Driver/stm32h7xx_hal_uart_ex.o
 .rodata._global_impure_ptr